Component: ARM Compiler 5.06 update 5 (build 528) Tool: armlink [4d35e2]

==============================================================================

Section Cross References

    startup_stm32f10x_hd.o(STACK) refers (Special) to heapauxi.o(.text) for __use_two_region_memory
    startup_stm32f10x_hd.o(HEAP) refers (Special) to heapauxi.o(.text) for __use_two_region_memory
    startup_stm32f10x_hd.o(RESET) refers (Special) to heapauxi.o(.text) for __use_two_region_memory
    startup_stm32f10x_hd.o(RESET) refers to startup_stm32f10x_hd.o(STACK) for __initial_sp
    startup_stm32f10x_hd.o(RESET) refers to startup_stm32f10x_hd.o(.text) for Reset_Handler
    startup_stm32f10x_hd.o(RESET) refers to stm32f10x_it.o(i.NMI_Handler) for NMI_Handler
    startup_stm32f10x_hd.o(RESET) refers to stm32f10x_it.o(i.HardFault_Handler) for HardFault_Handler
    startup_stm32f10x_hd.o(RESET) refers to stm32f10x_it.o(i.MemManage_Handler) for MemManage_Handler
    startup_stm32f10x_hd.o(RESET) refers to stm32f10x_it.o(i.BusFault_Handler) for BusFault_Handler
    startup_stm32f10x_hd.o(RESET) refers to stm32f10x_it.o(i.UsageFault_Handler) for UsageFault_Handler
    startup_stm32f10x_hd.o(RESET) refers to stm32f10x_it.o(i.SVC_Handler) for SVC_Handler
    startup_stm32f10x_hd.o(RESET) refers to stm32f10x_it.o(i.DebugMon_Handler) for DebugMon_Handler
    startup_stm32f10x_hd.o(RESET) refers to stm32f10x_it.o(i.PendSV_Handler) for PendSV_Handler
    startup_stm32f10x_hd.o(RESET) refers to stm32f10x_it.o(i.SysTick_Handler) for SysTick_Handler
    startup_stm32f10x_hd.o(RESET) refers to control.o(i.TIM4_IRQHandler) for TIM4_IRQHandler
    startup_stm32f10x_hd.o(RESET) refers to usart.o(i.USART1_IRQHandler) for USART1_IRQHandler
    startup_stm32f10x_hd.o(.text) refers (Special) to heapauxi.o(.text) for __use_two_region_memory
    startup_stm32f10x_hd.o(.text) refers to __main.o(!!!main) for __main
    startup_stm32f10x_hd.o(.text) refers to startup_stm32f10x_hd.o(HEAP) for Heap_Mem
    startup_stm32f10x_hd.o(.text) refers to startup_stm32f10x_hd.o(STACK) for Stack_Mem
    main.o(i.main) refers to sys.o(i.Stm32_Clock_Init) for Stm32_Clock_Init
    main.o(i.main) refers to delay.o(i.delay_init) for delay_init
    main.o(i.main) refers to pwm.o(i.PWM_Init) for PWM_Init
    main.o(i.main) refers to mpu6050.o(i.MPU_Init) for MPU_Init
    main.o(i.main) refers to timer.o(i.Timer_Init) for Timer_Init
    main.o(i.main) refers to oled.o(i.OLED_Init) for OLED_Init
    main.o(i.main) refers to delay.o(i.delay_ms) for delay_ms
    main.o(i.main) refers to inv_mpu.o(i.mpu_dmp_init) for mpu_dmp_init
    main.o(i.main) refers to oled.o(i.OLED_Clear) for OLED_Clear
    usart.o(i.USART1_IRQHandler) refers (Special) to use_no_semi_2.o(.text) for __use_no_semihosting
    usart.o(i.USART1_IRQHandler) refers to usart.o(.data) for USART_RX_STA
    usart.o(i.USART1_IRQHandler) refers to usart.o(.bss) for USART_RX_BUF
    usart.o(i._sys_exit) refers (Special) to use_no_semi_2.o(.text) for __use_no_semihosting
    usart.o(i.fputc) refers (Special) to use_no_semi_2.o(.text) for __use_no_semihosting
    usart.o(i.uart_init) refers (Special) to use_no_semi_2.o(.text) for __use_no_semihosting
    usart.o(i.uart_init) refers to fflt_clz.o(x$fpl$ffltu) for __aeabi_ui2f
    usart.o(i.uart_init) refers to fdiv.o(x$fpl$fdiv) for __aeabi_fdiv
    usart.o(i.uart_init) refers to ffixu.o(x$fpl$ffixu) for __aeabi_f2uiz
    usart.o(i.uart_init) refers to faddsub_clz.o(x$fpl$frsb) for __aeabi_frsub
    usart.o(i.uart_init) refers to fmul.o(x$fpl$fmul) for __aeabi_fmul
    usart.o(i.uart_init) refers to sys.o(i.MY_NVIC_Init) for MY_NVIC_Init
    usart.o(.bss) refers (Special) to use_no_semi_2.o(.text) for __use_no_semihosting
    usart.o(.data) refers (Special) to use_no_semi_2.o(.text) for __use_no_semihosting
    delay.o(i.delay_init) refers to delay.o(.data) for fac_us
    delay.o(i.delay_ms) refers to delay.o(.data) for fac_ms
    delay.o(i.delay_us) refers to delay.o(.data) for fac_us
    sys.o(i.MYRCC_DeInit) refers to sys.o(i.MY_NVIC_SetVectorTable) for MY_NVIC_SetVectorTable
    sys.o(i.MY_NVIC_Init) refers to sys.o(i.MY_NVIC_PriorityGroupConfig) for MY_NVIC_PriorityGroupConfig
    sys.o(i.Stm32_Clock_Init) refers to sys.o(i.MYRCC_DeInit) for MYRCC_DeInit
    sys.o(i.Sys_Standby) refers to sys.o(i.WFI_SET) for WFI_SET
    mpu6050.o(i.MPU_Get_Accelerometer) refers to mpu6050.o(i.MPU_Read_Len) for MPU_Read_Len
    mpu6050.o(i.MPU_Get_Gyroscope) refers to mpu6050.o(i.MPU_Read_Len) for MPU_Read_Len
    mpu6050.o(i.MPU_Get_Temperature) refers to mpu6050.o(i.MPU_Read_Len) for MPU_Read_Len
    mpu6050.o(i.MPU_Get_Temperature) refers to dflt_clz.o(x$fpl$dflt) for __aeabi_i2d
    mpu6050.o(i.MPU_Get_Temperature) refers to ddiv.o(x$fpl$ddiv) for __aeabi_ddiv
    mpu6050.o(i.MPU_Get_Temperature) refers to daddsub_clz.o(x$fpl$dadd) for __aeabi_dadd
    mpu6050.o(i.MPU_Get_Temperature) refers to d2f.o(x$fpl$d2f) for __aeabi_d2f
[...]
    x$fpl$feqf                               0x08006550   Section      104  feqf.o(x$fpl$feqf)
    x$fpl$ffix                               0x080065b8   Section       54  ffix.o(x$fpl$ffix)
    x$fpl$ffixu                              0x080065f0   Section       62  ffixu.o(x$fpl$ffixu)
    x$fpl$fflt                               0x08006630   Section       48  fflt_clz.o(x$fpl$fflt)
    x$fpl$ffltu                              0x08006660   Section       38  fflt_clz.o(x$fpl$ffltu)
    x$fpl$fleqf                              0x08006688   Section      104  fleqf.o(x$fpl$fleqf)
    x$fpl$fmul                               0x080066f0   Section      258  fmul.o(x$fpl$fmul)
    x$fpl$fnaninf                            0x080067f2   Section      140  fnaninf.o(x$fpl$fnaninf)
    x$fpl$fretinf                            0x0800687e   Section       10  fretinf.o(x$fpl$fretinf)
    x$fpl$frleqf                             0x08006888   Section       98  frleqf.o(x$fpl$frleqf)
    x$fpl$fsub                               0x080068ec   Section      234  faddsub_clz.o(x$fpl$fsub)
    _fsub1                                   0x080068fb   Thumb Code     0  faddsub_clz.o(x$fpl$fsub)
    x$fpl$retnan                             0x080069d6   Section      100  retnan.o(x$fpl$retnan)
    x$fpl$scalbn                             0x08006a3a   Section       92  scalbn.o(x$fpl$scalbn)
    x$fpl$trapveneer                         0x08006a96   Section       48  trapv.o(x$fpl$trapveneer)
    x$fpl$usenofp                            0x08006ac6   Section        0  usenofp.o(x$fpl$usenofp)
    .constdata                               0x08006ac8   Section       80  inv_mpu.o(.constdata)
    .constdata                               0x08006b18   Section     3062  inv_mpu_dmp_motion_driver.o(.constdata)
    dmp_memory                               0x08006b18   Data        3062  inv_mpu_dmp_motion_driver.o(.constdata)
    .constdata                               0x0800770e   Section     1520  oled.o(.constdata)
    .constdata                               0x08007cfe   Section       17  __printf_flags_wp.o(.constdata)
    maptable                                 0x08007cfe   Data          17  __printf_flags_wp.o(.constdata)
    .constdata                               0x08007d10   Section       80  asin.o(.constdata)
    pS                                       0x08007d10   Data          48  asin.o(.constdata)
    qS                                       0x08007d40   Data          32  asin.o(.constdata)
    .constdata                               0x08007d60   Section      152  atan.o(.constdata)
    atanhi                                   0x08007d60   Data          32  atan.o(.constdata)
    atanlo                                   0x08007d80   Data          32  atan.o(.constdata)
    aTodd                                    0x08007da0   Data          40  atan.o(.constdata)
    aTeven                                   0x08007dc8   Data          48  atan.o(.constdata)
    .constdata                               0x08007df8   Section       48  cos_i.o(.constdata)
    C                                        0x08007df8   Data          48  cos_i.o(.constdata)
    .constdata                               0x08007e28   Section        8  qnan.o(.constdata)
    .constdata                               0x08007e30   Section      200  rred.o(.constdata)
    pio2s                                    0x08007e30   Data          48  rred.o(.constdata)
    twooverpi                                0x08007e60   Data         152  rred.o(.constdata)
    .constdata                               0x08007ef8   Section       40  sin_i.o(.constdata)
    S                                        0x08007ef8   Data          40  sin_i.o(.constdata)
    .constdata                               0x08007f20   Section       96  tan_i.o(.constdata)
    Todd                                     0x08007f20   Data          48  tan_i.o(.constdata)
    Teven                                    0x08007f50   Data          48  tan_i.o(.constdata)
    .conststring                             0x08007f80   Section       77  inv_mpu.o(.conststring)
    .data                                    0x20000000   Section      157  main.o(.data)
    .data                                    0x200000a0   Section        6  usart.o(.data)
    .data                                    0x200000a6   Section        4  delay.o(.data)
    fac_us                                   0x200000a6   Data           1  delay.o(.data)
    fac_ms                                   0x200000a8   Data           2  delay.o(.data)
    .data                                    0x200000ac   Section       53  inv_mpu.o(.data)
    st                                       0x200000ac   Data          44  inv_mpu.o(.data)
    gyro_orientation                         0x200000d8   Data           9  inv_mpu.o(.data)
    .data                                    0x200000e4   Section       32  control.o(.data)
    Bias                                     0x200000e4   Data           4  control.o(.data)
    Pwm                                      0x200000e8   Data           4  control.o(.data)
    Integral_bias                            0x200000ec   Data           4  control.o(.data)
    Last_Bias                                0x200000f0   Data           4  control.o(.data)
    Bias                                     0x200000f4   Data           4  control.o(.data)
    Pwm                                      0x200000f8   Data           4  control.o(.data)
    Integral_bias                            0x200000fc   Data           4  control.o(.data)
    Last_Bias                                0x20000100   Data           4  control.o(.data)
    .bss                                     0x20000104   Section      200  usart.o(.bss)
    .bss                                     0x200001cc   Section       16  inv_mpu_dmp_motion_driver.o(.bss)
    dmp                                      0x200001cc   Data          16  inv_mpu_dmp_motion_driver.o(.bss)
    .bss                                     0x200001dc   Section       96  libspace.o(.bss)
    HEAP                                     0x20000240   Section      512  startup_stm32f10x_hd.o(HEAP)
    Heap_Mem                                 0x20000240   Data         512  startup_stm32f10x_hd.o(HEAP)
    STACK                                    0x20000440   Section     1024  startup_stm32f10x_hd.o(STACK)
    Stack_Mem                                0x20000440   Data        1024  startup_stm32f10x_hd.o(STACK)
    __initial_sp                             0x20000840   Data           0  startup_stm32f10x_hd.o(STACK)

    Global Symbols

    Symbol Name                              Value     Ov Type        Size  Object(Section)

    BuildAttributes$$THM_ISAv4$P$D$K$B$S$PE$A:L22UL41UL21$X:L11$S22US41US21$IEEE1$IW$USESV6$~STKCKD$USESV7$~SHL$OTIME$ROPI$IEEEX$EBA8$UX$STANDARDLIB$REQ8$PRES8$EABIv2 0x00000000   Number         0  anon$$obj.o ABSOLUTE
    __ARM_use_no_argv                        0x00000000   Number         0  main.o ABSOLUTE
    _printf_flags                            0x00000000   Number         0  printf_stubs.o ABSOLUTE
    _printf_return_value                     0x00000000   Number         0  printf_stubs.o ABSOLUTE
    _printf_sizespec                         0x00000000   Number         0  printf_stubs.o ABSOLUTE
    _printf_widthprec                        0x00000000   Number         0  printf_stubs.o ABSOLUTE
    __ARM_exceptions_init                     - Undefined Weak Reference
    __alloca_initialize                       - Undefined Weak Reference
    __arm_preinit_                            - Undefined Weak Reference
    __cpp_initialize__aeabi_                  - Undefined Weak Reference
    __cxa_finalize                            - Undefined Weak Reference
    __rt_locale                               - Undefined Weak Reference
    __sigvec_lookup                           - Undefined Weak Reference
    _atexit_init                              - Undefined Weak Reference
    _call_atexit_fns                          - Undefined Weak Reference
    _clock_init                               - Undefined Weak Reference
    _fp_trap_init                             - Undefined Weak Reference
    _fp_trap_shutdown                         - Undefined Weak Reference
    _get_lc_collate                           - Undefined Weak Reference
    _get_lc_ctype                             - Undefined Weak Reference
    _get_lc_monetary                          - Undefined Weak Reference
    _get_lc_numeric                           - Undefined Weak Reference
    _get_lc_time                              - Undefined Weak Reference
    _getenv_init                              - Undefined Weak Reference
    _handle_redirection                       - Undefined Weak Reference
    _init_alloc                               - Undefined Weak Reference
    _init_user_alloc                          - Undefined Weak Reference
    _initio                                   - Undefined Weak Reference
    _mutex_acquire                            - Undefined Weak Reference
    _mutex_release                            - Undefined Weak Reference
    _printf_truncate_signed                   - Undefined Weak Reference
    _printf_truncate_unsigned                 - Undefined Weak Reference
    _rand_init                                - Undefined Weak Reference
    _signal_finish                            - Undefined Weak Reference
    _signal_init                              - Undefined Weak Reference
    _terminate_alloc                          - Undefined Weak Reference
    _terminate_user_alloc                     - Undefined Weak Reference
    _terminateio                              - Undefined Weak Reference
    __Vectors_Size                           0x00000130   Number         0  startup_stm32f10x_hd.o ABSOLUTE
    __Vectors                                0x08000000   Data           4  startup_stm32f10x_hd.o(RESET)
    __Vectors_End                            0x08000130   Data           0  startup_stm32f10x_hd.o(RESET)
    __main                                   0x08000131   Thumb Code     8  __main.o(!!!main)
    __scatterload                            0x08000139   Thumb Code     0  __scatter.o(!!!scatter)
    __scatterload_rt2                        0x08000139   Thumb Code    44  __scatter.o(!!!scatter)
    __scatterload_rt2_thumb_only             0x08000139   Thumb Code     0  __scatter.o(!!!scatter)
    __scatterload_null                       0x08000147   Thumb Code     0  __scatter.o(!!!scatter)
    __scatterload_copy                       0x0800016d   Thumb Code    26  __scatter_copy.o(!!handler_copy)
    __scatterload_zeroinit                   0x08000189   Thumb Code    28  __scatter_zi.o(!!handler_zi)
    _printf_d                                0x080001a5   Thumb Code     0  _printf_d.o(.ARM.Collect$$_printf_percent$$00000009)
    _printf_percent                          0x080001a5   Thumb Code     0  _printf_percent.o(.ARM.Collect$$_printf_percent$$00000000)
    _printf_percent_end                      0x080001ab   Thumb Code     0  _printf_percent_end.o(.ARM.Collect$$_printf_percent$$00000017)
    __rt_lib_init                            0x080001af   Thumb Code     0  libinit.o(.ARM.Collect$$libinit$$00000000)
    __rt_lib_init_alloca_1                   0x080001b1   Thumb Code     0  libinit2.o(.ARM.Collect$$libinit$$0000002E)
    __rt_lib_init_argv_1                     0x080001b1   Thumb Code     0  libinit2.o(.ARM.Collect$$libinit$$0000002C)
    __rt_lib_init_atexit_1                   0x080001b1   Thumb Code     0  libinit2.o(.ARM.Collect$$libinit$$0000001B)
    __rt_lib_init_clock_1                    0x080001b1   Thumb Code     0  libinit2.o(.ARM.Collect$$libinit$$00000021)
    __rt_lib_init_cpp_1                      0x080001b1   Thumb Code     0  libinit2.o(.ARM.Collect$$libinit$$00000032)
    __rt_lib_init_exceptions_1               0x080001b1   Thumb Code     0  libinit2.o(.ARM.Collect$$libinit$$00000030)
    __rt_lib_init_fp_1                       0x080001b1   Thumb Code     0  libinit2.o(.ARM.Collect$$libinit$$00000002)
    __rt_lib_init_fp_trap_1                  0x080001b1   Thumb Code     0  libinit2.o(.ARM.Collect$$libinit$$0000001F)
    __rt_lib_init_getenv_1                   0x080001b1   Thumb Code     0  libinit2.o(.ARM.Collect$$libinit$$00000023)
    __rt_lib_init_heap_1                     0x080001b1   Thumb Code     0  libinit2.o(.ARM.Collect$$libinit$$0000000A)
    __rt_lib_init_lc_collate_1               0x080001b1   Thumb Code     0  libinit2.o(.ARM.Collect$$libinit$$00000011)
    __rt_lib_init_lc_ctype_1                 0x080001b1   Thumb Code     0  libinit2.o(.ARM.Collect$$libinit$$00000013)
    __rt_lib_init_lc_monetary_1              0x080001b1   Thumb Code     0  libinit2.o(.ARM.Collect$$libinit$$00000015)
    __rt_lib_init_lc_numeric_1               0x080001b1   Thumb Code     0  libinit2.o(.ARM.Collect$$libinit$$00000017)
    __rt_lib_init_lc_time_1                  0x080001b1   Thumb Code     0  libinit2.o(.ARM.Collect$$libinit$$00000019)
    __rt_lib_init_preinit_1                  0x080001b1   Thumb Code     0  libinit2.o(.ARM.Collect$$libinit$$00000004)
    __rt_lib_init_rand_1                     0x080001b1   Thumb Code     0  libinit2.o(.ARM.Collect$$libinit$$0000000E)
    __rt_lib_init_return                     0x080001b1   Thumb Code     0  libinit2.o(.ARM.Collect$$libinit$$00000033)
    __rt_lib_init_signal_1                   0x080001b1   Thumb Code     0  libinit2.o(.ARM.Collect$$libinit$$0000001D)
    __rt_lib_init_stdio_1                    0x080001b1   Thumb Code     0  libinit2.o(.ARM.Collect$$libinit$$00000025)
    __rt_lib_init_user_alloc_1               0x080001b1   Thumb Code     0  libinit2.o(.ARM.Collect$$libinit$$0000000C)
    __rt_lib_shutdown                        0x080001b3   Thumb Code     0  libshutdown.o(.ARM.Collect$$libshutdown$$00000000)
    __rt_lib_shutdown_cpp_1                  0x080001b5   Thumb Code     0  libshutdown2.o(.ARM.Collect$$libshutdown$$00000002)
    __rt_lib_shutdown_fp_trap_1              0x080001b5   Thumb Code     0  libshutdown2.o(.ARM.Collect$$libshutdown$$00000007)
    __rt_lib_shutdown_heap_1                 0x080001b5   Thumb Code     0  libshutdown2.o(.ARM.Collect$$libshutdown$$0000000F)
    __rt_lib_shutdown_return                 0x080001b5   Thumb Code     0  libshutdown2.o(.ARM.Collect$$libshutdown$$00000010)
    __rt_lib_shutdown_signal_1               0x080001b5   Thumb Code     0  libshutdown2.o(.ARM.Collect$$libshutdown$$0000000A)
    __rt_lib_shutdown_stdio_1                0x080001b5   Thumb Code     0  libshutdown2.o(.ARM.Collect$$libshutdown$$00000004)
    __rt_lib_shutdown_user_alloc_1           0x080001b5   Thumb Code     0  libshutdown2.o(.ARM.Collect$$libshutdown$$0000000C)
    __rt_entry                               0x080001b7   Thumb Code     0  __rtentry.o(.ARM.Collect$$rtentry$$00000000)
    __rt_entry_presh_1                       0x080001b7   Thumb Code     0  __rtentry2.o(.ARM.Collect$$rtentry$$00000002)
    __rt_entry_sh                            0x080001b7   Thumb Code     0  __rtentry4.o(.ARM.Collect$$rtentry$$00000004)
    __rt_entry_li                            0x080001bd   Thumb Code     0  __rtentry2.o(.ARM.Collect$$rtentry$$0000000A)
    __rt_entry_postsh_1                      0x080001bd   Thumb Code     0  __rtentry2.o(.ARM.Collect$$rtentry$$00000009)
    __rt_entry_main                          0x080001c1   Thumb Code     0  __rtentry2.o(.ARM.Collect$$rtentry$$0000000D)
    __rt_entry_postli_1                      0x080001c1   Thumb Code     0  __rtentry2.o(.ARM.Collect$$rtentry$$0000000C)
    __rt_exit                                0x080001c9   Thumb Code     0  rtexit.o(.ARM.Collect$$rtexit$$00000000)
    __rt_exit_ls                             0x080001cb   Thumb Code     0  rtexit2.o(.ARM.Collect$$rtexit$$00000003)
    __rt_exit_prels_1                        0x080001cb   Thumb Code     0  rtexit2.o(.ARM.Collect$$rtexit$$00000002)
    __rt_exit_exit                           0x080001cf   Thumb Code     0  rtexit2.o(.ARM.Collect$$rtexit$$00000004)
    Reset_Handler                            0x080001d5   Thumb Code     4  startup_stm32f10x_hd.o(.text)
    ADC1_2_IRQHandler                        0x080001eb   Thumb Code     0  startup_stm32f10x_hd.o(.text)
    ADC3_IRQHandler                          0x080001eb   Thumb Code     0  startup_stm32f10x_hd.o(.text)
    CAN1_RX1_IRQHandler                      0x080001eb   Thumb Code     0  startup_stm32f10x_hd.o(.text)
    CAN1_SCE_IRQHandler                      0x080001eb   Thumb Code     0  startup_stm32f10x_hd.o(.text)
    DMA1_Channel1_IRQHandler                 0x080001eb   Thumb Code     0  startup_stm32f10x_hd.o(.text)
    DMA1_Channel2_IRQHandler                 0x080001eb   Thumb Code     0  startup_stm32f10x_hd.o(.text)
    DMA1_Channel3_IRQHandler                 0x080001eb   Thumb Code     0  startup_stm32f10x_hd.o(.text)
    DMA1_Channel4_IRQHandler                 0x080001eb   Thumb Code     0  startup_stm32f10x_hd.o(.text)
    DMA1_Channel5_IRQHandler                 0x080001eb   Thumb Code     0  startup_stm32f10x_hd.o(.text)
    DMA1_Channel6_IRQHandler                 0x080001eb   Thumb Code     0  startup_stm32f10x_hd.o(.text)
    DMA1_Channel7_IRQHandler                 0x080001eb   Thumb Code     0  startup_stm32f10x_hd.o(.text)
    DMA2_Channel1_IRQHandler                 0x080001eb   Thumb Code     0  startup_stm32f10x_hd.o(.text)
    DMA2_Channel2_IRQHandler                 0x080001eb   Thumb Code     0  startup_stm32f10x_hd.o(.text)
    DMA2_Channel3_IRQHandler                 0x080001eb   Thumb Code     0  startup_stm32f10x_hd.o(.text)
    DMA2_Channel4_5_IRQHandler               0x080001eb   Thumb Code     0  startup_stm32f10x_hd.o(.text)
    EXTI0_IRQHandler                         0x080001eb   Thumb Code     0  startup_stm32f10x_hd.o(.text)
    EXTI15_10_IRQHandler                     0x080001eb   Thumb Code     0  startup_stm32f10x_hd.o(.text)
    EXTI1_IRQHandler                         0x080001eb   Thumb Code     0  startup_stm32f10x_hd.o(.text)
    EXTI2_IRQHandler                         0x080001eb   Thumb Code     0  startup_stm32f10x_hd.o(.text)
    EXTI3_IRQHandler                         0x080001eb   Thumb Code     0  startup_stm32f10x_hd.o(.text)
    EXTI4_IRQHandler                         0x080001eb   Thumb Code     0  startup_stm32f10x_hd.o(.text)
    EXTI9_5_IRQHandler                       0x080001eb   Thumb Code     0  startup_stm32f10x_hd.o(.text)
    FLASH_IRQHandler                         0x080001eb   Thumb Code     0  startup_stm32f10x_hd.o(.text)
    FSMC_IRQHandler                          0x080001eb   Thumb Code     0  startup_stm32f10x_hd.o(.text)
    I2C1_ER_IRQHandler                       0x080001eb   Thumb Code     0  startup_stm32f10x_hd.o(.text)
    I2C1_EV_IRQHandler                       0x080001eb   Thumb Code     0  startup_stm32f10x_hd.o(.text)
    I2C2_ER_IRQHandler                       0x080001eb   Thumb Code     0  startup_stm32f10x_hd.o(.text)
    I2C2_EV_IRQHandler                       0x080001eb   Thumb Code     0  startup_stm32f10x_hd.o(.text)
    PVD_IRQHandler                           0x080001eb   Thumb Code     0  startup_stm32f10x_hd.o(.text)
    RCC_IRQHandler                           0x080001eb   Thumb Code     0  startup_stm32f10x_hd.o(.text)
    RTCAlarm_IRQHandler                      0x080001eb   Thumb Code     0  startup_stm32f10x_hd.o(.text)
    RTC_IRQHandler                           0x080001eb   Thumb Code     0  startup_stm32f10x_hd.o(.text)
    SDIO_IRQHandler                          0x080001eb   Thumb Code     0  startup_stm32f10x_hd.o(.text)
    SPI1_IRQHandler                          0x080001eb   Thumb Code     0  startup_stm32f10x_hd.o(.text)
    SPI2_IRQHandler                          0x080001eb   Thumb Code     0  startup_stm32f10x_hd.o(.text)
    SPI3_IRQHandler                          0x080001eb   Thumb Code     0  startup_stm32f10x_hd.o(.text)
    TAMPER_IRQHandler                        0x080001eb   Thumb Code     0  startup_stm32f10x_hd.o(.text)
    TIM1_BRK_IRQHandler                      0x080001eb   Thumb Code     0  startup_stm32f10x_hd.o(.text)
    TIM1_CC_IRQHandler                       0x080001eb   Thumb Code     0  startup_stm32f10x_hd.o(.text)
    TIM1_TRG_COM_IRQHandler                  0x080001eb   Thumb Code     0  startup_stm32f10x_hd.o(.text)
    TIM1_UP_IRQHandler                       0x080001eb   Thumb Code     0  startup_stm32f10x_hd.o(.text)
    TIM2_IRQHandler                          0x080001eb   Thumb Code     0  startup_stm32f10x_hd.o(.text)
    TIM3_IRQHandler                          0x080001eb   Thumb Code     0  startup_stm32f10x_hd.o(.text)
    TIM5_IRQHandler                          0x080001eb   Thumb Code     0  startup_stm32f10x_hd.o(.text)
    TIM6_IRQHandler                          0x080001eb   Thumb Code     0  startup_stm32f10x_hd.o(.text)
    TIM7_IRQHandler                          0x080001eb   Thumb Code     0  startup_stm32f10x_hd.o(.text)
    TIM8_BRK_IRQHandler                      0x080001eb   Thumb Code     0  startup_stm32f10x_hd.o(.text)
    TIM8_CC_IRQHandler                       0x080001eb   Thumb Code     0  startup_stm32f10x_hd.o(.text)
    TIM8_TRG_COM_IRQHandler                  0x080001eb   Thumb Code     0  startup_stm32f10x_hd.o(.text)
    TIM8_UP_IRQHandler                       0x080001eb   Thumb Code     0  startup_stm32f10x_hd.o(.text)
    UART4_IRQHandler                         0x080001eb   Thumb Code     0  startup_stm32f10x_hd.o(.text)
    UART5_IRQHandler                         0x080001eb   Thumb Code     0  startup_stm32f10x_hd.o(.text)
    USART2_IRQHandler                        0x080001eb   Thumb Code     0  startup_stm32f10x_hd.o(.text)
    USART3_IRQHandler                        0x080001eb   Thumb Code     0  startup_stm32f10x_hd.o(.text)
    USBWakeUp_IRQHandler                     0x080001eb   Thumb Code     0  startup_stm32f10x_hd.o(.text)
    USB_HP_CAN1_TX_IRQHandler                0x080001eb   Thumb Code     0  startup_stm32f10x_hd.o(.text)
    USB_LP_CAN1_RX0_IRQHandler               0x080001eb   Thumb Code     0  startup_stm32f10x_hd.o(.text)
    WWDG_IRQHandler                          0x080001eb   Thumb Code     0  startup_stm32f10x_hd.o(.text)
    __user_initial_stackheap                 0x080001ed   Thumb Code     0  startup_stm32f10x_hd.o(.text)
    __use_no_semihosting                     0x0800020d   Thumb Code     2  use_no_semi_2.o(.text)
    __aeabi_ldivmod                          0x0800020f   Thumb Code     0  llsdiv.o(.text)
    _ll_sdiv                                 0x0800020f   Thumb Code    72  llsdiv.o(.text)
    __2printf                                0x08000259   Thumb Code    20  noretval__2printf.o(.text)
    _printf_int_dec                          0x08000271   Thumb Code   104  _printf_dec.o(.text)
    __printf                                 0x080002e9   Thumb Code   308  __printf_flags_wp.o(.text)
    memcmp                                   0x08000421   Thumb Code    88  memcmp.o(.text)
    __aeabi_memset                           0x08000479   Thumb Code    16  aeabi_memset.o(.text)
    __use_two_region_memory                  0x08000489   Thumb Code     2  heapauxi.o(.text)
    __rt_heap_escrow$2region                 0x0800048b   Thumb Code     2  heapauxi.o(.text)
    __rt_heap_expand$2region                 0x0800048d   Thumb Code     2  heapauxi.o(.text)
    __I$use$semihosting                      0x0800048f   Thumb Code     0  use_no_semi.o(.text)
    __use_no_semihosting_swi                 0x0800048f   Thumb Code     2  use_no_semi.o(.text)
    __aeabi_uldivmod                         0x08000491   Thumb Code     0  lludivv7m.o(.text)
    _ll_udiv                                 0x08000491   Thumb Code   238  lludivv7m.o(.text)
    __read_errno                             0x0800057f   Thumb Code    10  _rserrno.o(.text)
    __set_errno                              0x08000589   Thumb Code    12  _rserrno.o(.text)
    _printf_int_common                       0x08000595   Thumb Code   178  _printf_intcommon.o(.text)
    _printf_char_file                        0x08000649   Thumb Code    32  _printf_char_file.o(.text)
    __aeabi_memclr                           0x0800066d   Thumb Code     0  rt_memclr.o(.text)
    __rt_memclr                              0x0800066d   Thumb Code    68  rt_memclr.o(.text)
    _memset                                  0x08000671   Thumb Code     0  rt_memclr.o(.text)
    __aeabi_errno_addr                       0x080006b1   Thumb Code     8  rt_errno_addr_intlibspace.o(.text)
    __errno$intlibspace                      0x080006b1   Thumb Code     0  rt_errno_addr_intlibspace.o(.text)
    __rt_errno_addr$intlibspace              0x080006b1   Thumb Code     0  rt_errno_addr_intlibspace.o(.text)
    _printf_char_common                      0x080006c3   Thumb Code    32  _printf_char_common.o(.text)
    ferror                                   0x080006e9   Thumb Code     8  ferror.o(.text)
    __aeabi_memclr4                          0x080006f1   Thumb Code     0  rt_memclr_w.o(.text)
    __aeabi_memclr8                          0x080006f1   Thumb Code     0  rt_memclr_w.o(.text)
    __rt_memclr_w                            0x080006f1   Thumb Code    78  rt_memclr_w.o(.text)
    _memset_w                                0x080006f5   Thumb Code     0  rt_memclr_w.o(.text)
    __user_libspace                          0x08000741   Thumb Code     8  libspace.o(.text)
    __user_perproc_libspace                  0x08000741   Thumb Code     0  libspace.o(.text)
    __user_perthread_libspace                0x08000741   Thumb Code     0  libspace.o(.text)
    __user_setup_stackheap                   0x08000749   Thumb Code    74  sys_stackheap_outer.o(.text)
    exit                                     0x08000793   Thumb Code    18  exit.o(.text)
    BusFault_Handler                         0x080007a5   Thumb Code     4  stm32f10x_it.o(i.BusFault_Handler)
    DebugMon_Handler                         0x080007a9   Thumb Code     2  stm32f10x_it.o(i.DebugMon_Handler)
    GPIO_Init                                0x080007ab   Thumb Code   278  stm32f10x_gpio.o(i.GPIO_Init)
    GPIO_WriteBit                            0x080008c1   Thumb Code    10  stm32f10x_gpio.o(i.GPIO_WriteBit)
    Get_RC                                   0x080008cd   Thumb Code   258  control.o(i.Get_RC)
    HardFault_Handler                        0x08000a01   Thumb Code     4  stm32f10x_it.o(i.HardFault_Handler)
    MPU_Get_Accelerometer                    0x08000a05   Thumb Code    80  mpu6050.o(i.MPU_Get_Accelerometer)
    MPU_Get_Gyroscope                        0x08000a55   Thumb Code    80  mpu6050.o(i.MPU_Get_Gyroscope)
    MPU_IIC_Ack                              0x08000aa5   Thumb Code    62  mpuiic.o(i.MPU_IIC_Ack)
    MPU_IIC_Delay                            0x08000af1   Thumb Code    10  mpuiic.o(i.MPU_IIC_Delay)
    MPU_IIC_Init                             0x08000afd   Thumb Code    56  mpuiic.o(i.MPU_IIC_Init)
    MPU_IIC_NAck                             0x08000b3d   Thumb Code    62  mpuiic.o(i.MPU_IIC_NAck)
    MPU_IIC_Read_Byte                        0x08000b89   Thumb Code    94  mpuiic.o(i.MPU_IIC_Read_Byte)
    MPU_IIC_Send_Byte                        0x08000bf5   Thumb Code    80  mpuiic.o(i.MPU_IIC_Send_Byte)
    MPU_IIC_Start                            0x08000c51   Thumb Code    60  mpuiic.o(i.MPU_IIC_Start)
    MPU_IIC_Stop                             0x08000c99   Thumb Code    58  mpuiic.o(i.MPU_IIC_Stop)
    MPU_IIC_Wait_Ack                         0x08000ce1   Thumb Code    86  mpuiic.o(i.MPU_IIC_Wait_Ack)
    MPU_Init                                 0x08000d45   Thumb Code   122  mpu6050.o(i.MPU_Init)
    MPU_Read_Byte                            0x08000dbf   Thumb Code    58  mpu6050.o(i.MPU_Read_Byte)
    MPU_Read_Len                             0x08000df9   Thumb Code   116  mpu6050.o(i.MPU_Read_Len)
    MPU_Set_Accel_Fsr                        0x08000e6d   Thumb Code    16  mpu6050.o(i.MPU_Set_Accel_Fsr)
    MPU_Set_Gyro_Fsr                         0x08000e7d   Thumb Code    16  mpu6050.o(i.MPU_Set_Gyro_Fsr)
    MPU_Set_LPF                              0x08000e8d   Thumb Code    58  mpu6050.o(i.MPU_Set_LPF)
    MPU_Set_Rate                             0x08000ec7   Thumb Code    58  mpu6050.o(i.MPU_Set_Rate)
    MPU_Write_Byte                           0x08000f01   Thumb Code    68  mpu6050.o(i.MPU_Write_Byte)
    MPU_Write_Len                            0x08000f45   Thumb Code    96  mpu6050.o(i.MPU_Write_Len)
    MYRCC_DeInit                             0x08000fa5   Thumb Code    90  sys.o(i.MYRCC_DeInit)
    MY_NVIC_SetVectorTable                   0x0800100d   Thumb Code    12  sys.o(i.MY_NVIC_SetVectorTable)
    MemManage_Handler                        0x08001021   Thumb Code     4  stm32f10x_it.o(i.MemManage_Handler)
    NMI_Handler                              0x08001025   Thumb Code     2  stm32f10x_it.o(i.NMI_Handler)
    NVIC_Init                                0x08001029   Thumb Code   100  misc.o(i.NVIC_Init)
    NVIC_PriorityGroupConfig                 0x08001099   Thumb Code    10  misc.o(i.NVIC_PriorityGroupConfig)
    OLED_Clear                               0x080010ad   Thumb Code    42  oled.o(i.OLED_Clear)
    OLED_I2C_Init                            0x080010d9   Thumb Code    76  oled.o(i.OLED_I2C_Init)
    OLED_I2C_SendByte                        0x08001129   Thumb Code    80  oled.o(i.OLED_I2C_SendByte)
    OLED_I2C_Start                           0x0800117d   Thumb Code    48  oled.o(i.OLED_I2C_Start)
    OLED_I2C_Stop                            0x080011b1   Thumb Code    36  oled.o(i.OLED_I2C_Stop)
    OLED_Init                                0x080011d9   Thumb Code   174  oled.o(i.OLED_Init)
    OLED_Pow                                 0x08001287   Thumb Code    20  oled.o(i.OLED_Pow)
    OLED_SetCursor                           0x0800129b   Thumb Code    34  oled.o(i.OLED_SetCursor)
    OLED_ShowChar                            0x080012bd   Thumb Code   110  oled.o(i.OLED_ShowChar)
    OLED_ShowNum                             0x08001331   Thumb Code    68  oled.o(i.OLED_ShowNum)
    OLED_ShowSignedNum                       0x08001375   Thumb Code   102  oled.o(i.OLED_ShowSignedNum)
    OLED_WriteCommand                        0x080013db   Thumb Code    32  oled.o(i.OLED_WriteCommand)
    OLED_WriteData                           0x080013fb   Thumb Code    32  oled.o(i.OLED_WriteData)
    PWM_Init                                 0x0800141d   Thumb Code   236  pwm.o(i.PWM_Init)
    PendSV_Handler                           0x08001515   Thumb Code     2  stm32f10x_it.o(i.PendSV_Handler)
    Position_PID_X                           0x08001519   Thumb Code   128  control.o(i.Position_PID_X)
    RCC_APB1PeriphClockCmd                   0x080015b5   Thumb Code    26  stm32f10x_rcc.o(i.RCC_APB1PeriphClockCmd)
    RCC_APB2PeriphClockCmd                   0x080015d5   Thumb Code    26  stm32f10x_rcc.o(i.RCC_APB2PeriphClockCmd)
    SVC_Handler                              0x080015f5   Thumb Code     2  stm32f10x_it.o(i.SVC_Handler)
    Set_Pwm                                  0x080015f9   Thumb Code   148  control.o(i.Set_Pwm)
    Stm32_Clock_Init                         0x08001695   Thumb Code   134  sys.o(i.Stm32_Clock_Init)
    SysTick_Handler                          0x08001725   Thumb Code     2  stm32f10x_it.o(i.SysTick_Handler)
    TIM4_IRQHandler                          0x08001729   Thumb Code   514  control.o(i.TIM4_IRQHandler)
    TIM_ARRPreloadConfig                     0x080019a1   Thumb Code    24  stm32f10x_tim.o(i.TIM_ARRPreloadConfig)
    TIM_ClearFlag                            0x080019b9   Thumb Code     6  stm32f10x_tim.o(i.TIM_ClearFlag)
    TIM_ClearITPendingBit                    0x080019bf   Thumb Code     6  stm32f10x_tim.o(i.TIM_ClearITPendingBit)
    TIM_Cmd                                  0x080019c5   Thumb Code    24  stm32f10x_tim.o(i.TIM_Cmd)
    TIM_GetITStatus                          0x080019dd   Thumb Code    34  stm32f10x_tim.o(i.TIM_GetITStatus)
    TIM_ITConfig                             0x080019ff   Thumb Code    18  stm32f10x_tim.o(i.TIM_ITConfig)
    TIM_InternalClockConfig                  0x08001a11   Thumb Code    12  stm32f10x_tim.o(i.TIM_InternalClockConfig)
    TIM_OC1Init                              0x08001a1d   Thumb Code   132  stm32f10x_tim.o(i.TIM_OC1Init)
    TIM_OC1PreloadConfig                     0x08001ab5   Thumb Code    18  stm32f10x_tim.o(i.TIM_OC1PreloadConfig)
    TIM_OC2Init                              0x08001ac9   Thumb Code   154  stm32f10x_tim.o(i.TIM_OC2Init)
    TIM_OC2PreloadConfig                     0x08001b6d   Thumb Code    26  stm32f10x_tim.o(i.TIM_OC2PreloadConfig)
    TIM_OC3Init                              0x08001b89   Thumb Code   150  stm32f10x_tim.o(i.TIM_OC3Init)
    TIM_OC3PreloadConfig                     0x08001c29   Thumb Code    18  stm32f10x_tim.o(i.TIM_OC3PreloadConfig)
    TIM_OC4Init                              0x08001c3d   Thumb Code   114  stm32f10x_tim.o(i.TIM_OC4Init)
    TIM_OC4PreloadConfig                     0x08001cb9   Thumb Code    26  stm32f10x_tim.o(i.TIM_OC4PreloadConfig)
    TIM_OCStructInit                         0x08001cd3   Thumb Code    20  stm32f10x_tim.o(i.TIM_OCStructInit)
    TIM_TimeBaseInit                         0x08001ce9   Thumb Code   122  stm32f10x_tim.o(i.TIM_TimeBaseInit)
    Timer_Init                               0x08001d8d   Thumb Code   122  timer.o(i.Timer_Init)
    USART1_IRQHandler                        0x08001e0d   Thumb Code   118  usart.o(i.USART1_IRQHandler)
    UsageFault_Handler                       0x08001e91   Thumb Code     4  stm32f10x_it.o(i.UsageFault_Handler)
    Xianfu_Pwm_Max                           0x08001e95   Thumb Code    58  control.o(i.Xianfu_Pwm_Max)
    __ARM_fpclassify                         0x08001ed9   Thumb Code    40  fpclassify.o(i.__ARM_fpclassify)
    __ieee754_rem_pio2                       0x08001f01   Thumb Code   828  rred.o(i.__ieee754_rem_pio2)
    __kernel_cos                             0x08002289   Thumb Code   230  cos_i.o(i.__kernel_cos)
    __kernel_poly                            0x08002385   Thumb Code   170  poly.o(i.__kernel_poly)
    __kernel_sin                             0x08002431   Thumb Code   224  sin_i.o(i.__kernel_sin)
    __kernel_tan                             0x0800251d   Thumb Code   586  tan_i.o(i.__kernel_tan)
    __mathlib_dbl_infnan                     0x08002799   Thumb Code     6  dunder.o(i.__mathlib_dbl_infnan)
    __mathlib_dbl_infnan2                    0x0800279f   Thumb Code     4  dunder.o(i.__mathlib_dbl_infnan2)
    __mathlib_dbl_invalid                    0x080027a3   Thumb Code    12  dunder.o(i.__mathlib_dbl_invalid)
    __mathlib_dbl_underflow                  0x080027b1   Thumb Code    10  dunder.o(i.__mathlib_dbl_underflow)
    _is_digit                                0x080027c1   Thumb Code    14  __printf_wp.o(i._is_digit)
    _sys_exit                                0x080027cf   Thumb Code     4  usart.o(i._sys_exit)
    asin                                     0x0800287d   Thumb Code   572  asin.o(i.asin)
    atan                                     0x08002aed   Thumb Code   474  atan.o(i.atan)
    atan2                                    0x08002d0d   Thumb Code   346  atan2.o(i.atan2)
    cos                                      0x08002e8d   Thumb Code   148  cos.o(i.cos)
    delay_init                               0x08002f8d   Thumb Code    56  delay.o(i.delay_init)
    delay_ms                                 0x08002fcd   Thumb Code    56  delay.o(i.delay_ms)
    delay_us                                 0x08003009   Thumb Code    56  delay.o(i.delay_us)
    dmp_enable_6x_lp_quat                    0x08003045   Thumb Code    60  inv_mpu_dmp_motion_driver.o(i.dmp_enable_6x_lp_quat)
    dmp_enable_feature                       0x08003081   Thumb Code   530  inv_mpu_dmp_motion_driver.o(i.dmp_enable_feature)
    dmp_enable_gyro_cal                      0x0800329d   Thumb Code    62  inv_mpu_dmp_motion_driver.o(i.dmp_enable_gyro_cal)
    dmp_enable_lp_quat                       0x080032f5   Thumb Code    60  inv_mpu_dmp_motion_driver.o(i.dmp_enable_lp_quat)
    dmp_load_motion_driver_firmware          0x08003331   Thumb Code    20  inv_mpu_dmp_motion_driver.o(i.dmp_load_motion_driver_firmware)
    dmp_read_fifo                            0x08003349   Thumb Code   456  inv_mpu_dmp_motion_driver.o(i.dmp_read_fifo)
    dmp_set_accel_bias                       0x08003515   Thumb Code   300  inv_mpu_dmp_motion_driver.o(i.dmp_set_accel_bias)
    dmp_set_fifo_rate                        0x08003645   Thumb Code    96  inv_mpu_dmp_motion_driver.o(i.dmp_set_fifo_rate)
    dmp_set_gyro_bias                        0x080036b5   Thumb Code   294  inv_mpu_dmp_motion_driver.o(i.dmp_set_gyro_bias)
    dmp_set_orientation                      0x080037e5   Thumb Code   290  inv_mpu_dmp_motion_driver.o(i.dmp_set_orientation)
    dmp_set_shake_reject_thresh              0x0800391d   Thumb Code    56  inv_mpu_dmp_motion_driver.o(i.dmp_set_shake_reject_thresh)
    dmp_set_shake_reject_time                0x08003955   Thumb Code    38  inv_mpu_dmp_motion_driver.o(i.dmp_set_shake_reject_time)
    dmp_set_shake_reject_timeout             0x0800397b   Thumb Code    38  inv_mpu_dmp_motion_driver.o(i.dmp_set_shake_reject_timeout)
    dmp_set_tap_axes                         0x080039a1   Thumb Code    70  inv_mpu_dmp_motion_driver.o(i.dmp_set_tap_axes)
    dmp_set_tap_count                        0x080039e7   Thumb Code    38  inv_mpu_dmp_motion_driver.o(i.dmp_set_tap_count)
    dmp_set_tap_thresh                       0x08003a0d   Thumb Code   396  inv_mpu_dmp_motion_driver.o(i.dmp_set_tap_thresh)
    dmp_set_tap_time                         0x08003bad   Thumb Code    38  inv_mpu_dmp_motion_driver.o(i.dmp_set_tap_time)
    dmp_set_tap_time_multi                   0x08003bd3   Thumb Code    38  inv_mpu_dmp_motion_driver.o(i.dmp_set_tap_time_multi)
    fputc                                    0x08003bf9   Thumb Code    24  usart.o(i.fputc)
    inv_orientation_matrix_to_scalar         0x08004249   Thumb Code    40  inv_mpu.o(i.inv_orientation_matrix_to_scalar)
    inv_row_2_scale                          0x08004271   Thumb Code    78  inv_mpu.o(i.inv_row_2_scale)
    main                                     0x080042bf   Thumb Code    48  main.o(i.main)
    mget_ms                                  0x080042ef   Thumb Code     2  inv_mpu.o(i.mget_ms)
    mpu_configure_fifo                       0x080042f1   Thumb Code   106  inv_mpu.o(i.mpu_configure_fifo)
    mpu_dmp_get_data                         0x08004361   Thumb Code   544  inv_mpu.o(i.mpu_dmp_get_data)
    mpu_dmp_init                             0x08004585   Thumb Code   154  inv_mpu.o(i.mpu_dmp_init)
    mpu_get_accel_fsr                        0x08004625   Thumb Code    72  inv_mpu.o(i.mpu_get_accel_fsr)
    mpu_get_accel_sens                       0x08004671   Thumb Code    78  inv_mpu.o(i.mpu_get_accel_sens)
    mpu_get_fifo_config                      0x080046c5   Thumb Code    12  inv_mpu.o(i.mpu_get_fifo_config)
    mpu_get_gyro_fsr                         0x080046d5   Thumb Code    64  inv_mpu.o(i.mpu_get_gyro_fsr)
    mpu_get_gyro_sens                        0x08004719   Thumb Code    58  inv_mpu.o(i.mpu_get_gyro_sens)
    mpu_get_lpf                              0x08004769   Thumb Code    74  inv_mpu.o(i.mpu_get_lpf)
    mpu_get_sample_rate                      0x080047b9   Thumb Code    26  inv_mpu.o(i.mpu_get_sample_rate)
    mpu_init                                 0x080047d9   Thumb Code   416  inv_mpu.o(i.mpu_init)
    mpu_load_firmware                        0x080049c9   Thumb Code   180  inv_mpu.o(i.mpu_load_firmware)
    mpu_lp_accel_mode                        0x08004a81   Thumb Code   218  inv_mpu.o(i.mpu_lp_accel_mode)
    mpu_read_fifo_stream                     0x08004b61   Thumb Code   186  inv_mpu.o(i.mpu_read_fifo_stream)
    mpu_read_mem                             0x08004c21   Thumb Code   122  inv_mpu.o(i.mpu_read_mem)
    mpu_reset_fifo                           0x08004ca1   Thumb Code   450  inv_mpu.o(i.mpu_reset_fifo)
    mpu_run_self_test                        0x08004e69   Thumb Code   278  inv_mpu.o(i.mpu_run_self_test)
    mpu_set_accel_fsr                        0x08004f85   Thumb Code   126  inv_mpu.o(i.mpu_set_accel_fsr)
    mpu_set_bypass                           0x08005009   Thumb Code   328  inv_mpu.o(i.mpu_set_bypass)
    mpu_set_dmp_state                        0x08005155   Thumb Code   138  inv_mpu.o(i.mpu_set_dmp_state)
    mpu_set_gyro_fsr                         0x080051e5   Thumb Code   132  inv_mpu.o(i.mpu_set_gyro_fsr)
    mpu_set_int_latched                      0x0800526d   Thumb Code   102  inv_mpu.o(i.mpu_set_int_latched)
    mpu_set_lpf                              0x080052d9   Thumb Code   126  inv_mpu.o(i.mpu_set_lpf)
    mpu_set_sample_rate                      0x0800535d   Thumb Code   152  inv_mpu.o(i.mpu_set_sample_rate)
    mpu_set_sensors                          0x080053f9   Thumb Code   202  inv_mpu.o(i.mpu_set_sensors)
    mpu_write_mem                            0x080054c9   Thumb Code   122  inv_mpu.o(i.mpu_write_mem)
    run_self_test                            0x08005549   Thumb Code   148  inv_mpu.o(i.run_self_test)
    sin                                      0x0800566d   Thumb Code   150  sin.o(i.sin)
    sqrt                                     0x0800570d   Thumb Code    76  sqrt.o(i.sqrt)
    tan                                      0x08005759   Thumb Code    90  tan.o(i.tan)
    __aeabi_d2f                              0x080057bd   Thumb Code     0  d2f.o(x$fpl$d2f)
    _d2f                                     0x080057bd   Thumb Code    98  d2f.o(x$fpl$d2f)
    __aeabi_dadd                             0x08005821   Thumb Code     0  daddsub_clz.o(x$fpl$dadd)
    _dadd                                    0x08005821   Thumb Code   332  daddsub_clz.o(x$fpl$dadd)
    __fpl_dcheck_NaN1                        0x08005971   Thumb Code    10  dcheck1.o(x$fpl$dcheck1)
    __aeabi_ddiv                             0x08005981   Thumb Code     0  ddiv.o(x$fpl$ddiv)
    _ddiv                                    0x08005981   Thumb Code   552  ddiv.o(x$fpl$ddiv)
    __aeabi_d2iz                             0x08005c31   Thumb Code     0  dfix.o(x$fpl$dfix)
    _dfix                                    0x08005c31   Thumb Code    94  dfix.o(x$fpl$dfix)
    __aeabi_i2d                              0x08005c8f   Thumb Code     0  dflt_clz.o(x$fpl$dflt)
    _dflt                                    0x08005c8f   Thumb Code    46  dflt_clz.o(x$fpl$dflt)
    __aeabi_ui2d                             0x08005cbd   Thumb Code     0  dflt_clz.o(x$fpl$dfltu)
    _dfltu                                   0x08005cbd   Thumb Code    38  dflt_clz.o(x$fpl$dfltu)
    __aeabi_dmul                             0x08005ce5   Thumb Code     0  dmul.o(x$fpl$dmul)
    _dmul                                    0x08005ce5   Thumb Code   332  dmul.o(x$fpl$dmul)
    __fpl_dnaninf                            0x08005e39   Thumb Code   156  dnaninf.o(x$fpl$dnaninf)
    __fpl_dretinf                            0x08005ed5   Thumb Code    12  dretinf.o(x$fpl$dretinf)
    __aeabi_drsub                            0x08005ee1   Thumb Code     0  daddsub_clz.o(x$fpl$drsb)
    _drsb                                    0x08005ee1   Thumb Code    22  daddsub_clz.o(x$fpl$drsb)
    _dsqrt                                   0x08005ef9   Thumb Code   456  dsqrt_noumaal.o(x$fpl$dsqrt)
    __aeabi_dsub                             0x080060c5   Thumb Code     0  daddsub_clz.o(x$fpl$dsub)
    _dsub                                    0x080060c5   Thumb Code   464  daddsub_clz.o(x$fpl$dsub)
    __aeabi_f2d                              0x08006299   Thumb Code     0  f2d.o(x$fpl$f2d)
    _f2d                                     0x08006299   Thumb Code    86  f2d.o(x$fpl$f2d)
    __aeabi_fadd                             0x080062f1   Thumb Code     0  faddsub_clz.o(x$fpl$fadd)
    _fadd                                    0x080062f1   Thumb Code   196  faddsub_clz.o(x$fpl$fadd)
    __fpl_fcmp_Inf                           0x080063b5   Thumb Code    24  fcmpi.o(x$fpl$fcmpinf)
    __aeabi_fdiv                             0x080063cd   Thumb Code     0  fdiv.o(x$fpl$fdiv)
    _fdiv                                    0x080063cd   Thumb Code   384  fdiv.o(x$fpl$fdiv)
    __aeabi_cfcmpeq                          0x08006551   Thumb Code     0  feqf.o(x$fpl$feqf)
    _fcmpeq                                  0x08006551   Thumb Code   104  feqf.o(x$fpl$feqf)
    __aeabi_f2iz                             0x080065b9   Thumb Code     0  ffix.o(x$fpl$ffix)
    _ffix                                    0x080065b9   Thumb Code    54  ffix.o(x$fpl$ffix)
    __aeabi_f2uiz                            0x080065f1   Thumb Code     0  ffixu.o(x$fpl$ffixu)
    _ffixu                                   0x080065f1   Thumb Code    62  ffixu.o(x$fpl$ffixu)
    __aeabi_i2f                              0x08006631   Thumb Code     0  fflt_clz.o(x$fpl$fflt)
    _fflt                                    0x08006631   Thumb Code    48  fflt_clz.o(x$fpl$fflt)
    __aeabi_ui2f                             0x08006661   Thumb Code     0  fflt_clz.o(x$fpl$ffltu)
    _ffltu                                   0x08006661   Thumb Code    38  fflt_clz.o(x$fpl$ffltu)
    __aeabi_cfcmple                          0x08006689   Thumb Code     0  fleqf.o(x$fpl$fleqf)
    _fcmple                                  0x08006689   Thumb Code   104  fleqf.o(x$fpl$fleqf)
    __fpl_fcmple_InfNaN                      0x080066db   Thumb Code     0  fleqf.o(x$fpl$fleqf)
    __aeabi_fmul                             0x080066f1   Thumb Code     0  fmul.o(x$fpl$fmul)
    _fmul                                    0x080066f1   Thumb Code   258  fmul.o(x$fpl$fmul)
    __fpl_fnaninf                            0x080067f3   Thumb Code   140  fnaninf.o(x$fpl$fnaninf)
    __fpl_fretinf                            0x0800687f   Thumb Code    10  fretinf.o(x$fpl$fretinf)
    __aeabi_cfrcmple                         0x08006889   Thumb Code     0  frleqf.o(x$fpl$frleqf)
    _frcmple                                 0x08006889   Thumb Code    98  frleqf.o(x$fpl$frleqf)
    __aeabi_fsub                             0x080068ed   Thumb Code     0  faddsub_clz.o(x$fpl$fsub)
    _fsub                                    0x080068ed   Thumb Code   234  faddsub_clz.o(x$fpl$fsub)
    __fpl_return_NaN                         0x080069d7   Thumb Code   100  retnan.o(x$fpl$retnan)
    __ARM_scalbn                             0x08006a3b   Thumb Code    92  scalbn.o(x$fpl$scalbn)
    __fpl_cmpreturn                          0x08006a97   Thumb Code    48  trapv.o(x$fpl$trapveneer)
    __I$use$fp                               0x08006ac6   Number         0  usenofp.o(x$fpl$usenofp)
    reg                                      0x08006ac8   Data          27  inv_mpu.o(.constdata)
    hw                                       0x08006ae4   Data          12  inv_mpu.o(.constdata)
    test                                     0x08006af0   Data          40  inv_mpu.o(.constdata)
    OLED_F8x16                               0x0800770e   Data        1520  oled.o(.constdata)
    __mathlib_zero                           0x08007e28   Data           8  qnan.o(.constdata)
    Region$$Table$$Base                      0x08007fd0   Number         0  anon$$obj.o(Region$$Table)
    Region$$Table$$Limit                     0x08007ff0   Number         0  anon$$obj.o(Region$$Table)
    Position_KP                              0x20000000   Data           4  main.o(.data)
    Position_KI                              0x20000004   Data           4  main.o(.data)
    Position_KD                              0x20000008   Data           4  main.o(.data)
    Position_Kp                              0x2000000c   Data           4  main.o(.data)
    Position_Ki                              0x20000010   Data           4  main.o(.data)
    Position_Kd                              0x20000014   Data           4  main.o(.data)
    Motor_A                                  0x20000018   Data           4  main.o(.data)
    Motor_B                                  0x2000001c   Data           4  main.o(.data)
    Motor_C                                  0x20000020   Data           4  main.o(.data)
    Motor_D                                  0x20000024   Data           4  main.o(.data)
    Motor_X                                  0x20000028   Data           4  main.o(.data)
    Motor_Y                                  0x2000002c   Data           4  main.o(.data)
    Target_X                                 0x20000030   Data           4  main.o(.data)
    Target_Y                                 0x20000034   Data           4  main.o(.data)
    pitch                                    0x20000038   Data           4  main.o(.data)
    roll                                     0x2000003c   Data           4  main.o(.data)
    yaw                                      0x20000040   Data           4  main.o(.data)
    aacx                                     0x20000044   Data           2  main.o(.data)
    aacy                                     0x20000046   Data           2  main.o(.data)
    aacz                                     0x20000048   Data           2  main.o(.data)
    gyrox                                    0x2000004a   Data           2  main.o(.data)
    gyroy                                    0x2000004c   Data           2  main.o(.data)
    gyroz                                    0x2000004e   Data           2  main.o(.data)
    delay_50                                 0x20000050   Data           1  main.o(.data)
    delay_flag                               0x20000051   Data           1  main.o(.data)
    Data_Amplitude                           0x20000054   Data           4  main.o(.data)
    Data_Period                              0x20000058   Data           4  main.o(.data)
    Data_Phase                               0x2000005c   Data           4  main.o(.data)
    Data_Gama                                0x20000060   Data           4  main.o(.data)
    Basic_Amplitude                          0x20000064   Data           4  main.o(.data)
    Amplitude_x                              0x20000068   Data           4  main.o(.data)
    Amplitude_y                              0x2000006c   Data           4  main.o(.data)
    Phase                                    0x20000070   Data           4  main.o(.data)
    Alpha                                    0x20000074   Data           4  main.o(.data)
    Radius                                   0x20000078   Data           4  main.o(.data)
    Height                                   0x2000007c   Data           4  main.o(.data)
    Measure_X                                0x20000080   Data           4  main.o(.data)
    Measure_Y                                0x20000084   Data           4  main.o(.data)
    ZHONGZHI_A                               0x20000088   Data           4  main.o(.data)
    ZHONGZHI_B                               0x2000008c   Data           4  main.o(.data)
    Xishu                                    0x20000090   Data           4  main.o(.data)
    pwm                                      0x20000094   Data           4  main.o(.data)
    TimeCnt                                  0x20000098   Data           4  main.o(.data)
    mode                                     0x2000009c   Data           1  main.o(.data)
    __stdout                                 0x200000a0   Data           4  usart.o(.data)
    USART_RX_STA                             0x200000a4   Data           2  usart.o(.data)
    USART_RX_BUF                             0x20000104   Data         200  usart.o(.bss)
    __libspace_start                         0x200001dc   Data          96  libspace.o(.bss)
    __temporary_stack_top$libspace           0x2000023c   Data           0  libspace.o(.bss)



==============================================================================

Memory Map of the image

  Image Entry point : 0x08000131

  Load Region LR_IROM1 (Base: 0x08000000, Size: 0x000080f4, Max: 0x00010000, ABSOLUTE)

    Execution Region ER_IROM1 (Exec base: 0x08000000, Load base: 0x08000000, Size: 0x00007ff0, Max: 0x00010000, ABSOLUTE)

    Exec Addr    Load Addr    Size         Type   Attr      Idx    E Section Name        Object

    0x08000000   0x08000000   0x00000130   Data   RO            3    RESET               startup_stm32f10x_hd.o
    0x08000130   0x08000130   0x00000008   Code   RO         4353  * !!!main             c_w.l(__main.o)
    0x08000138   0x08000138   0x00000034   Code   RO         4726    !!!scatter          c_w.l(__scatter.o)
    0x0800016c   0x0800016c   0x0000001a   Code   RO         4728    !!handler_copy      c_w.l(__scatter_copy.o)
    0x08000186   0x08000186   0x00000002   PAD
    0x08000188   0x08000188   0x0000001c   Code   RO         4730    !!handler_zi        c_w.l(__scatter_zi.o)
    0x080001a4   0x080001a4   0x00000000   Code   RO         4346    .ARM.Collect$$_printf_percent$$00000000  c_w.l(_printf_percent.o)
    0x080001a4   0x080001a4   0x00000006   Code   RO         4345    .ARM.Collect$$_printf_percent$$00000009  c_w.l(_printf_d.o)
    0x080001aa   0x080001aa   0x00000004   Code   RO         4462    .ARM.Collect$$_printf_percent$$00000017  c_w.l(_printf_percent_end.o)
    0x080001ae   0x080001ae   0x00000002   Code   RO         4593    .ARM.Collect$$libinit$$00000000  c_w.l(libinit.o)
    0x080001b0   0x080001b0   0x00000000   Code   RO         4605    .ARM.Collect$$libinit$$00000002  c_w.l(libinit2.o)
    0x080001b0   0x080001b0   0x00000000   Code   RO         4607    .ARM.Collect$$libinit$$00000004  c_w.l(libinit2.o)
    0x080001b0   0x080001b0   0x00000000   Code   RO         4610    .ARM.Collect$$libinit$$0000000A  c_w.l(libinit2.o)
    0x080001b0   0x080001b0   0x00000000   Code   RO         4612    .ARM.Collect$$libinit$$0000000C  c_w.l(libinit2.o)
    0x080001b0   0x080001b0   0x00000000   Code   RO         4614    .ARM.Collect$$libinit$$0000000E  c_w.l(libinit2.o)
    0x080001b0   0x080001b0   0x00000000   Code   RO         4617    .ARM.Collect$$libinit$$00000011  c_w.l(libinit2.o)
    0x080001b0   0x080001b0   0x00000000   Code   RO         4619    .ARM.Collect$$libinit$$00000013  c_w.l(libinit2.o)
    0x080001b0   0x080001b0   0x00000000   Code   RO         4621    .ARM.Collect$$libinit$$00000015  c_w.l(libinit2.o)
    0x080001b0   0x080001b0   0x00000000   Code   RO         4623    .ARM.Collect$$libinit$$00000017  c_w.l(libinit2.o)
    0x080001b0   0x080001b0   0x00000000   Code   RO         4625    .ARM.Collect$$libinit$$00000019  c_w.l(libinit2.o)
    0x080001b0   0x080001b0   0x00000000   Code   RO         4627    .ARM.Collect$$libinit$$0000001B  c_w.l(libinit2.o)
    0x080001b0   0x080001b0   0x00000000   Code   RO         4629    .ARM.Collect$$libinit$$0000001D  c_w.l(libinit2.o)
    0x080001b0   0x080001b0   0x00000000   Code   RO         4631    .ARM.Collect$$libinit$$0000001F  c_w.l(libinit2.o)
    0x080001b0   0x080001b0   0x00000000   Code   RO         4633    .ARM.Collect$$libinit$$00000021  c_w.l(libinit2.o)
    0x080001b0   0x080001b0   0x00000000   Code   RO         4635    .ARM.Collect$$libinit$$00000023  c_w.l(libinit2.o)
    0x080001b0   0x080001b0   0x00000000   Code   RO         4637    .ARM.Collect$$libinit$$00000025  c_w.l(libinit2.o)
    0x080001b0   0x080001b0   0x00000000   Code   RO         4641    .ARM.Collect$$libinit$$0000002C  c_w.l(libinit2.o)
    0x080001b0   0x080001b0   0x00000000   Code   RO         4643    .ARM.Collect$$libinit$$0000002E  c_w.l(libinit2.o)
    0x080001b0   0x080001b0   0x00000000   Code   RO         4645    .ARM.Collect$$libinit$$00000030  c_w.l(libinit2.o)
    0x080001b0   0x080001b0   0x00000000   Code   RO         4647    .ARM.Collect$$libinit$$00000032  c_w.l(libinit2.o)
    0x080001b0   0x080001b0   0x00000002   Code   RO         4648    .ARM.Collect$$libinit$$00000033  c_w.l(libinit2.o)
    0x080001b2   0x080001b2   0x00000002   Code   RO         4678    .ARM.Collect$$libshutdown$$00000000  c_w.l(libshutdown.o)
    0x080001b4   0x080001b4   0x00000000   Code   RO         4692    .ARM.Collect$$libshutdown$$00000002  c_w.l(libshutdown2.o)
    0x080001b4   0x080001b4   0x00000000   Code   RO         4694    .ARM.Collect$$libshutdown$$00000004  c_w.l(libshutdown2.o)
    0x080001b4   0x080001b4   0x00000000   Code   RO         4697    .ARM.Collect$$libshutdown$$00000007  c_w.l(libshutdown2.o)
    0x080001b4   0x080001b4   0x00000000   Code   RO         4700    .ARM.Collect$$libshutdown$$0000000A  c_w.l(libshutdown2.o)
    0x080001b4   0x080001b4   0x00000000   Code   RO         4702    .ARM.Collect$$libshutdown$$0000000C  c_w.l(libshutdown2.o)
    0x080001b4   0x080001b4   0x00000000   Code   RO         4705    .ARM.Collect$$libshutdown$$0000000F  c_w.l(libshutdown2.o)
    0x080001b4   0x080001b4   0x00000002   Code   RO         4706    .ARM.Collect$$libshutdown$$00000010  c_w.l(libshutdown2.o)
    0x080001b6   0x080001b6   0x00000000   Code   RO         4453    .ARM.Collect$$rtentry$$00000000  c_w.l(__rtentry.o)
    0x080001b6   0x080001b6   0x00000000   Code   RO         4536    .ARM.Collect$$rtentry$$00000002  c_w.l(__rtentry2.o)
    0x080001b6   0x080001b6   0x00000006   Code   RO         4548    .ARM.Collect$$rtentry$$00000004  c_w.l(__rtentry4.o)
    0x080001bc   0x080001bc   0x00000000   Code   RO         4538    .ARM.Collect$$rtentry$$00000009  c_w.l(__rtentry2.o)
    0x080001bc   0x080001bc   0x00000004   Code   RO         4539    .ARM.Collect$$rtentry$$0000000A  c_w.l(__rtentry2.o)
    0x080001c0   0x080001c0   0x00000000   Code   RO         4541    .ARM.Collect$$rtentry$$0000000C  c_w.l(__rtentry2.o)
    0x080001c0   0x080001c0   0x00000008   Code   RO         4542    .ARM.Collect$$rtentry$$0000000D  c_w.l(__rtentry2.o)
    0x080001c8   0x080001c8   0x00000002   Code   RO         4598    .ARM.Collect$$rtexit$$00000000  c_w.l(rtexit.o)
    0x080001ca   0x080001ca   0x00000000   Code   RO         4652    .ARM.Collect$$rtexit$$00000002  c_w.l(rtexit2.o)
    0x080001ca   0x080001ca   0x00000004   Code   RO         4653    .ARM.Collect$$rtexit$$00000003  c_w.l(rtexit2.o)
    0x080001ce   0x080001ce   0x00000006   Code   RO         4654    .ARM.Collect$$rtexit$$00000004  c_w.l(rtexit2.o)
    0x080001d4   0x080001d4   0x00000038   Code   RO            4    .text               startup_stm32f10x_hd.o
    0x0800020c   0x0800020c   0x00000002   Code   RO         4289    .text               c_w.l(use_no_semi_2.o)
    0x0800020e   0x0800020e   0x00000048   Code   RO         4291    .text               c_w.l(llsdiv.o)
    0x08000256   0x08000256   0x00000002   PAD
    0x08000258   0x08000258   0x00000018   Code   RO         4295    .text               c_w.l(noretval__2printf.o)
    0x08000270   0x08000270   0x00000078   Code   RO         4301    .text               c_w.l(_printf_dec.o)
    0x080002e8   0x080002e8   0x00000138   Code   RO         4336    .text               c_w.l(__printf_flags_wp.o)
    0x08000420   0x08000420   0x00000058   Code   RO         4347    .text               c_w.l(memcmp.o)
    0x08000478   0x08000478   0x00000010   Code   RO         4349    .text               c_w.l(aeabi_memset.o)
    0x08000488   0x08000488   0x00000006   Code   RO         4351    .text               c_w.l(heapauxi.o)
    0x0800048e   0x0800048e   0x00000002   Code   RO         4451    .text               c_w.l(use_no_semi.o)
    0x08000490   0x08000490   0x000000ee   Code   RO         4454    .text               c_w.l(lludivv7m.o)
    0x0800057e   0x0800057e   0x00000016   Code   RO         4456    .text               c_w.l(_rserrno.o)
    0x08000594   0x08000594   0x000000b2   Code   RO         4458    .text               c_w.l(_printf_intcommon.o)
    0x08000646   0x08000646   0x00000002   PAD
    0x08000648   0x08000648   0x00000024   Code   RO         4460    .text               c_w.l(_printf_char_file.o)
    0x0800066c   0x0800066c   0x00000044   Code   RO         4463    .text               c_w.l(rt_memclr.o)
    0x080006b0   0x080006b0   0x00000008   Code   RO         4557    .text               c_w.l(rt_errno_addr_intlibspace.o)
    0x080006b8   0x080006b8   0x00000030   Code   RO         4559    .text               c_w.l(_printf_char_common.o)
    0x080006e8   0x080006e8   0x00000008   Code   RO         4561    .text               c_w.l(ferror.o)
    0x080006f0   0x080006f0   0x0000004e   Code   RO         4565    .text               c_w.l(rt_memclr_w.o)
    0x0800073e   0x0800073e   0x00000002   PAD
    0x08000740   0x08000740   0x00000008   Code   RO         4577    .text               c_w.l(libspace.o)
    0x08000748   0x08000748   0x0000004a   Code   RO         4580    .text               c_w.l(sys_stackheap_outer.o)
    0x08000792   0x08000792   0x00000012   Code   RO         4586    .text               c_w.l(exit.o)
    0x080007a4   0x080007a4   0x00000004   Code   RO         4182    i.BusFault_Handler  stm32f10x_it.o
    0x080007a8   0x080007a8   0x00000002   Code   RO         4183    i.DebugMon_Handler  stm32f10x_it.o
    0x080007aa   0x080007aa   0x00000116   Code   RO         2356    i.GPIO_Init         stm32f10x_gpio.o
    0x080008c0   0x080008c0   0x0000000a   Code   RO         2367    i.GPIO_WriteBit     stm32f10x_gpio.o
    0x080008ca   0x080008ca   0x00000002   PAD
    0x080008cc   0x080008cc   0x00000134   Code   RO         1143    i.Get_RC            control.o
    0x08000a00   0x08000a00   0x00000004   Code   RO         4184    i.HardFault_Handler  stm32f10x_it.o
    0x08000a04   0x08000a04   0x00000050   Code   RO          317    i.MPU_Get_Accelerometer  mpu6050.o
    0x08000a54   0x08000a54   0x00000050   Code   RO          318    i.MPU_Get_Gyroscope  mpu6050.o
    0x08000aa4   0x08000aa4   0x0000004c   Code   RO          419    i.MPU_IIC_Ack       mpuiic.o
    0x08000af0   0x08000af0   0x0000000a   Code   RO          420    i.MPU_IIC_Delay     mpuiic.o
    0x08000afa   0x08000afa   0x00000002   PAD
    0x08000afc   0x08000afc   0x00000040   Code   RO          421    i.MPU_IIC_Init      mpuiic.o
    0x08000b3c   0x08000b3c   0x0000004c   Code   RO          422    i.MPU_IIC_NAck      mpuiic.o
    0x08000b88   0x08000b88   0x0000006c   Code   RO          423    i.MPU_IIC_Read_Byte  mpuiic.o
    0x08000bf4   0x08000bf4   0x0000005c   Code   RO          424    i.MPU_IIC_Send_Byte  mpuiic.o
    0x08000c50   0x08000c50   0x00000048   Code   RO          425    i.MPU_IIC_Start     mpuiic.o
    0x08000c98   0x08000c98   0x00000048   Code   RO          426    i.MPU_IIC_Stop      mpuiic.o
    0x08000ce0   0x08000ce0   0x00000064   Code   RO          427    i.MPU_IIC_Wait_Ack  mpuiic.o
    0x08000d44   0x08000d44   0x0000007a   Code   RO          320    i.MPU_Init          mpu6050.o
    0x08000dbe   0x08000dbe   0x0000003a   Code   RO          321    i.MPU_Read_Byte     mpu6050.o
    0x08000df8   0x08000df8   0x00000074   Code   RO          322    i.MPU_Read_Len      mpu6050.o
    0x08000e6c   0x08000e6c   0x00000010   Code   RO          323    i.MPU_Set_Accel_Fsr  mpu6050.o
    0x08000e7c   0x08000e7c   0x00000010   Code   RO          324    i.MPU_Set_Gyro_Fsr  mpu6050.o
    0x08000e8c   0x08000e8c   0x0000003a   Code   RO          325    i.MPU_Set_LPF       mpu6050.o
    0x08000ec6   0x08000ec6   0x0000003a   Code   RO          326    i.MPU_Set_Rate      mpu6050.o
    0x08000f00   0x08000f00   0x00000044   Code   RO          327    i.MPU_Write_Byte    mpu6050.o
    0x08000f44   0x08000f44   0x00000060   Code   RO          328    i.MPU_Write_Len     mpu6050.o
    0x08000fa4   0x08000fa4   0x00000068   Code   RO          228    i.MYRCC_DeInit      sys.o
    0x0800100c   0x0800100c   0x00000014   Code   RO          231    i.MY_NVIC_SetVectorTable  sys.o
    0x08001020   0x08001020   0x00000004   Code   RO         4185    i.MemManage_Handler  stm32f10x_it.o
    0x08001024   0x08001024   0x00000002   Code   RO         4186    i.NMI_Handler       stm32f10x_it.o
    0x08001026   0x08001026   0x00000002   PAD
    0x08001028   0x08001028   0x00000070   Code   RO         1205    i.NVIC_Init         misc.o
    0x08001098   0x08001098   0x00000014   Code   RO         1206    i.NVIC_PriorityGroupConfig  misc.o
    0x080010ac   0x080010ac   0x0000002a   Code   RO          996    i.OLED_Clear        oled.o
    0x080010d6   0x080010d6   0x00000002   PAD
    0x080010d8   0x080010d8   0x00000050   Code   RO          997    i.OLED_I2C_Init     oled.o
    0x08001128   0x08001128   0x00000054   Code   RO          998    i.OLED_I2C_SendByte  oled.o
    0x0800117c   0x0800117c   0x00000034   Code   RO          999    i.OLED_I2C_Start    oled.o
    0x080011b0   0x080011b0   0x00000028   Code   RO         1000    i.OLED_I2C_Stop     oled.o
    0x080011d8   0x080011d8   0x000000ae   Code   RO         1001    i.OLED_Init         oled.o
    0x08001286   0x08001286   0x00000014   Code   RO         1002    i.OLED_Pow          oled.o
    0x0800129a   0x0800129a   0x00000022   Code   RO         1003    i.OLED_SetCursor    oled.o
    0x080012bc   0x080012bc   0x00000074   Code   RO         1005    i.OLED_ShowChar     oled.o
    0x08001330   0x08001330   0x00000044   Code   RO         1007    i.OLED_ShowNum      oled.o
    0x08001374   0x08001374   0x00000066   Code   RO         1008    i.OLED_ShowSignedNum  oled.o
    0x080013da   0x080013da   0x00000020   Code   RO         1010    i.OLED_WriteCommand  oled.o
    0x080013fa   0x080013fa   0x00000020   Code   RO         1011    i.OLED_WriteData    oled.o
    0x0800141a   0x0800141a   0x00000002   PAD
    0x0800141c   0x0800141c   0x000000f8   Code   RO         1104    i.PWM_Init          pwm.o
    0x08001514   0x08001514   0x00000002   Code   RO         4187    i.PendSV_Handler    stm32f10x_it.o
    0x08001516   0x08001516   0x00000002   PAD
    0x08001518   0x08001518   0x0000009c   Code   RO         1144    i.Position_PID_X    control.o
    0x080015b4   0x080015b4   0x00000020   Code   RO         2772    i.RCC_APB1PeriphClockCmd  stm32f10x_rcc.o
    0x080015d4   0x080015d4   0x00000020   Code   RO         2774    i.RCC_APB2PeriphClockCmd  stm32f10x_rcc.o
    0x080015f4   0x080015f4   0x00000002   Code   RO         4188    i.SVC_Handler       stm32f10x_it.o
    0x080015f6   0x080015f6   0x00000002   PAD
    0x080015f8   0x080015f8   0x0000009c   Code   RO         1146    i.Set_Pwm           control.o
    0x08001694   0x08001694   0x00000090   Code   RO          232    i.Stm32_Clock_Init  sys.o
    0x08001724   0x08001724   0x00000002   Code   RO         4189    i.SysTick_Handler   stm32f10x_it.o
    0x08001726   0x08001726   0x00000002   PAD
    0x08001728   0x08001728   0x00000278   Code   RO         1147    i.TIM4_IRQHandler   control.o
    0x080019a0   0x080019a0   0x00000018   Code   RO         3394    i.TIM_ARRPreloadConfig  stm32f10x_tim.o
    0x080019b8   0x080019b8   0x00000006   Code   RO         3400    i.TIM_ClearFlag     stm32f10x_tim.o
    0x080019be   0x080019be   0x00000006   Code   RO         3401    i.TIM_ClearITPendingBit  stm32f10x_tim.o
    0x080019c4   0x080019c4   0x00000018   Code   RO         3406    i.TIM_Cmd           stm32f10x_tim.o
    0x080019dc   0x080019dc   0x00000022   Code   RO         3427    i.TIM_GetITStatus   stm32f10x_tim.o
    0x080019fe   0x080019fe   0x00000012   Code   RO         3431    i.TIM_ITConfig      stm32f10x_tim.o
    0x08001a10   0x08001a10   0x0000000c   Code   RO         3433    i.TIM_InternalClockConfig  stm32f10x_tim.o
    0x08001a1c   0x08001a1c   0x00000098   Code   RO         3435    i.TIM_OC1Init       stm32f10x_tim.o
    0x08001ab4   0x08001ab4   0x00000012   Code   RO         3438    i.TIM_OC1PreloadConfig  stm32f10x_tim.o
    0x08001ac6   0x08001ac6   0x00000002   PAD
    0x08001ac8   0x08001ac8   0x000000a4   Code   RO         3440    i.TIM_OC2Init       stm32f10x_tim.o
    0x08001b6c   0x08001b6c   0x0000001a   Code   RO         3443    i.TIM_OC2PreloadConfig  stm32f10x_tim.o
    0x08001b86   0x08001b86   0x00000002   PAD
    0x08001b88   0x08001b88   0x000000a0   Code   RO         3445    i.TIM_OC3Init       stm32f10x_tim.o
    0x08001c28   0x08001c28   0x00000012   Code   RO         3448    i.TIM_OC3PreloadConfig  stm32f10x_tim.o
    0x08001c3a   0x08001c3a   0x00000002   PAD
    0x08001c3c   0x08001c3c   0x0000007c   Code   RO         3450    i.TIM_OC4Init       stm32f10x_tim.o
    0x08001cb8   0x08001cb8   0x0000001a   Code   RO         3452    i.TIM_OC4PreloadConfig  stm32f10x_tim.o
    0x08001cd2   0x08001cd2   0x00000014   Code   RO         3453    i.TIM_OCStructInit  stm32f10x_tim.o
    0x08001ce6   0x08001ce6   0x00000002   PAD
    0x08001ce8   0x08001ce8   0x000000a4   Code   RO         3477    i.TIM_TimeBaseInit  stm32f10x_tim.o
    0x08001d8c   0x08001d8c   0x00000080   Code   RO         1193    i.Timer_Init        timer.o
    0x08001e0c   0x08001e0c   0x00000084   Code   RO          156    i.USART1_IRQHandler  usart.o
    0x08001e90   0x08001e90   0x00000004   Code   RO         4190    i.UsageFault_Handler  stm32f10x_it.o
    0x08001e94   0x08001e94   0x00000044   Code   RO         1148    i.Xianfu_Pwm_Max    control.o
    0x08001ed8   0x08001ed8   0x00000028   Code   RO         4505    i.__ARM_fpclassify  m_ws.l(fpclassify.o)
    0x08001f00   0x08001f00   0x00000388   Code   RO         4510    i.__ieee754_rem_pio2  m_ws.l(rred.o)
    0x08002288   0x08002288   0x000000fc   Code   RO         4488    i.__kernel_cos      m_ws.l(cos_i.o)
    0x08002384   0x08002384   0x000000aa   Code   RO         4507    i.__kernel_poly     m_ws.l(poly.o)
    0x0800242e   0x0800242e   0x00000002   PAD
    0x08002430   0x08002430   0x000000ec   Code   RO         4515    i.__kernel_sin      m_ws.l(sin_i.o)
    0x0800251c   0x0800251c   0x0000027c   Code   RO         4529    i.__kernel_tan      m_ws.l(tan_i.o)
    0x08002798   0x08002798   0x00000006   Code   RO         4492    i.__mathlib_dbl_infnan  m_ws.l(dunder.o)
    0x0800279e   0x0800279e   0x00000004   Code   RO         4493    i.__mathlib_dbl_infnan2  m_ws.l(dunder.o)
    0x080027a2   0x080027a2   0x0000000c   Code   RO         4494    i.__mathlib_dbl_invalid  m_ws.l(dunder.o)
    0x080027ae   0x080027ae   0x00000002   PAD
    0x080027b0   0x080027b0   0x00000010   Code   RO         4497    i.__mathlib_dbl_underflow  m_ws.l(dunder.o)
    0x080027c0   0x080027c0   0x0000000e   Code   RO         4334    i._is_digit         c_w.l(__printf_wp.o)
    0x080027ce   0x080027ce   0x00000004   Code   RO          157    i._sys_exit         usart.o
    0x080027d2   0x080027d2   0x00000002   PAD
    0x080027d4   0x080027d4   0x000000a8   Code   RO          479    i.accel_self_test   inv_mpu.o
    0x0800287c   0x0800287c   0x00000270   Code   RO         4410    i.asin              m_ws.l(asin.o)
    0x08002aec   0x08002aec   0x00000220   Code   RO         4479    i.atan              m_ws.l(atan.o)
    0x08002d0c   0x08002d0c   0x00000180   Code   RO         4420    i.atan2             m_ws.l(atan2.o)
    0x08002e8c   0x08002e8c   0x0000009c   Code   RO         4428    i.cos               m_ws.l(cos.o)
    0x08002f28   0x08002f28   0x00000064   Code   RO          810    i.decode_gesture    inv_mpu_dmp_motion_driver.o
    0x08002f8c   0x08002f8c   0x00000040   Code   RO          197    i.delay_init        delay.o
    0x08002fcc   0x08002fcc   0x0000003c   Code   RO          198    i.delay_ms          delay.o
    0x08003008   0x08003008   0x0000003c   Code   RO          199    i.delay_us          delay.o
    0x08003044   0x08003044   0x0000003c   Code   RO          811    i.dmp_enable_6x_lp_quat  inv_mpu_dmp_motion_driver.o
    0x08003080   0x08003080   0x0000021c   Code   RO          812    i.dmp_enable_feature  inv_mpu_dmp_motion_driver.o
    0x0800329c   0x0800329c   0x00000058   Code   RO          813    i.dmp_enable_gyro_cal  inv_mpu_dmp_motion_driver.o
    0x080032f4   0x080032f4   0x0000003c   Code   RO          814    i.dmp_enable_lp_quat  inv_mpu_dmp_motion_driver.o
    0x08003330   0x08003330   0x00000018   Code   RO          819    i.dmp_load_motion_driver_firmware  inv_mpu_dmp_motion_driver.o
    0x08003348   0x08003348   0x000001cc   Code   RO          820    i.dmp_read_fifo     inv_mpu_dmp_motion_driver.o
    0x08003514   0x08003514   0x00000130   Code   RO          823    i.dmp_set_accel_bias  inv_mpu_dmp_motion_driver.o
    0x08003644   0x08003644   0x00000070   Code   RO          824    i.dmp_set_fifo_rate  inv_mpu_dmp_motion_driver.o
    0x080036b4   0x080036b4   0x00000130   Code   RO          825    i.dmp_set_gyro_bias  inv_mpu_dmp_motion_driver.o
    0x080037e4   0x080037e4   0x00000138   Code   RO          827    i.dmp_set_orientation  inv_mpu_dmp_motion_driver.o
    0x0800391c   0x0800391c   0x00000038   Code   RO          830    i.dmp_set_shake_reject_thresh  inv_mpu_dmp_motion_driver.o
    0x08003954   0x08003954   0x00000026   Code   RO          831    i.dmp_set_shake_reject_time  inv_mpu_dmp_motion_driver.o
    0x0800397a   0x0800397a   0x00000026   Code   RO          832    i.dmp_set_shake_reject_timeout  inv_mpu_dmp_motion_driver.o
    0x080039a0   0x080039a0   0x00000046   Code   RO          833    i.dmp_set_tap_axes  inv_mpu_dmp_motion_driver.o
    0x080039e6   0x080039e6   0x00000026   Code   RO          834    i.dmp_set_tap_count  inv_mpu_dmp_motion_driver.o
    0x08003a0c   0x08003a0c   0x000001a0   Code   RO          835    i.dmp_set_tap_thresh  inv_mpu_dmp_motion_driver.o
    0x08003bac   0x08003bac   0x00000026   Code   RO          836    i.dmp_set_tap_time  inv_mpu_dmp_motion_driver.o
    0x08003bd2   0x08003bd2   0x00000026   Code   RO          837    i.dmp_set_tap_time_multi  inv_mpu_dmp_motion_driver.o
    0x08003bf8   0x08003bf8   0x0000001c   Code   RO          158    i.fputc             usart.o
    0x08003c14   0x08003c14   0x000000b4   Code   RO          480    i.get_accel_prod_shift  inv_mpu.o
    0x08003cc8   0x08003cc8   0x00000470   Code   RO          481    i.get_st_biases     inv_mpu.o
    0x08004138   0x08004138   0x00000110   Code   RO          482    i.gyro_self_test    inv_mpu.o
    0x08004248   0x08004248   0x00000028   Code   RO          483    i.inv_orientation_matrix_to_scalar  inv_mpu.o
    0x08004270   0x08004270   0x0000004e   Code   RO          484    i.inv_row_2_scale   inv_mpu.o
    0x080042be   0x080042be   0x00000030   Code   RO           10    i.main              main.o
    0x080042ee   0x080042ee   0x00000002   Code   RO          485    i.mget_ms           inv_mpu.o
    0x080042f0   0x080042f0   0x00000070   Code   RO          486    i.mpu_configure_fifo  inv_mpu.o
    0x08004360   0x08004360   0x00000224   Code   RO          487    i.mpu_dmp_get_data  inv_mpu.o
    0x08004584   0x08004584   0x000000a0   Code   RO          488    i.mpu_dmp_init      inv_mpu.o
    0x08004624   0x08004624   0x0000004c   Code   RO          489    i.mpu_get_accel_fsr  inv_mpu.o
    0x08004670   0x08004670   0x00000054   Code   RO          491    i.mpu_get_accel_sens  inv_mpu.o
    0x080046c4   0x080046c4   0x00000010   Code   RO          496    i.mpu_get_fifo_config  inv_mpu.o
    0x080046d4   0x080046d4   0x00000044   Code   RO          497    i.mpu_get_gyro_fsr  inv_mpu.o
    0x08004718   0x08004718   0x00000050   Code   RO          499    i.mpu_get_gyro_sens  inv_mpu.o
    0x08004768   0x08004768   0x00000050   Code   RO          501    i.mpu_get_lpf       inv_mpu.o
    0x080047b8   0x080047b8   0x00000020   Code   RO          503    i.mpu_get_sample_rate  inv_mpu.o
    0x080047d8   0x080047d8   0x000001f0   Code   RO          505    i.mpu_init          inv_mpu.o
    0x080049c8   0x080049c8   0x000000b8   Code   RO          506    i.mpu_load_firmware  inv_mpu.o
    0x08004a80   0x08004a80   0x000000e0   Code   RO          507    i.mpu_lp_accel_mode  inv_mpu.o
    0x08004b60   0x08004b60   0x000000c0   Code   RO          510    i.mpu_read_fifo_stream  inv_mpu.o
    0x08004c20   0x08004c20   0x00000080   Code   RO          511    i.mpu_read_mem      inv_mpu.o
    0x08004ca0   0x08004ca0   0x000001c8   Code   RO          514    i.mpu_reset_fifo    inv_mpu.o
    0x08004e68   0x08004e68   0x0000011c   Code   RO          515    i.mpu_run_self_test  inv_mpu.o
    0x08004f84   0x08004f84   0x00000084   Code   RO          517    i.mpu_set_accel_fsr  inv_mpu.o
    0x08005008   0x08005008   0x0000014c   Code   RO          518    i.mpu_set_bypass    inv_mpu.o
    0x08005154   0x08005154   0x00000090   Code   RO          520    i.mpu_set_dmp_state  inv_mpu.o
    0x080051e4   0x080051e4   0x00000088   Code   RO          521    i.mpu_set_gyro_fsr  inv_mpu.o
    0x0800526c   0x0800526c   0x0000006c   Code   RO          522    i.mpu_set_int_latched  inv_mpu.o
    0x080052d8   0x080052d8   0x00000084   Code   RO          524    i.mpu_set_lpf       inv_mpu.o
    0x0800535c   0x0800535c   0x0000009c   Code   RO          525    i.mpu_set_sample_rate  inv_mpu.o
    0x080053f8   0x080053f8   0x000000d0   Code   RO          526    i.mpu_set_sensors   inv_mpu.o
    0x080054c8   0x080054c8   0x00000080   Code   RO          527    i.mpu_write_mem     inv_mpu.o
    0x08005548   0x08005548   0x00000094   Code   RO          528    i.run_self_test     inv_mpu.o
    0x080055dc   0x080055dc   0x00000090   Code   RO          529    i.set_int_enable    inv_mpu.o
    0x0800566c   0x0800566c   0x000000a0   Code   RO         4436    i.sin               m_ws.l(sin.o)
    0x0800570c   0x0800570c   0x0000004c   Code   RO         4522    i.sqrt              m_ws.l(sqrt.o)
    0x08005758   0x08005758   0x00000064   Code   RO         4444    i.tan               m_ws.l(tan.o)
    0x080057bc   0x080057bc   0x00000062   Code   RO         4355    x$fpl$d2f           fz_ws.l(d2f.o)
    0x0800581e   0x0800581e   0x00000002   PAD
    0x08005820   0x08005820   0x00000150   Code   RO         4357    x$fpl$dadd          fz_ws.l(daddsub_clz.o)
    0x08005970   0x08005970   0x00000010   Code   RO         4567    x$fpl$dcheck1       fz_ws.l(dcheck1.o)
    0x08005980   0x08005980   0x000002b0   Code   RO         4364    x$fpl$ddiv          fz_ws.l(ddiv.o)
    0x08005c30   0x08005c30   0x0000005e   Code   RO         4569    x$fpl$dfix          fz_ws.l(dfix.o)
    0x08005c8e   0x08005c8e   0x0000002e   Code   RO         4368    x$fpl$dflt          fz_ws.l(dflt_clz.o)
    0x08005cbc   0x08005cbc   0x00000026   Code   RO         4367    x$fpl$dfltu         fz_ws.l(dflt_clz.o)
    0x08005ce2   0x08005ce2   0x00000002   PAD
    0x08005ce4   0x08005ce4   0x00000154   Code   RO         4373    x$fpl$dmul          fz_ws.l(dmul.o)
    0x08005e38   0x08005e38   0x0000009c   Code   RO         4465    x$fpl$dnaninf       fz_ws.l(dnaninf.o)
    0x08005ed4   0x08005ed4   0x0000000c   Code   RO         4467    x$fpl$dretinf       fz_ws.l(dretinf.o)
    0x08005ee0   0x08005ee0   0x00000016   Code   RO         4358    x$fpl$drsb          fz_ws.l(daddsub_clz.o)
    0x08005ef6   0x08005ef6   0x00000002   PAD
    0x08005ef8   0x08005ef8   0x000001cc   Code   RO         4575    x$fpl$dsqrt         fz_ws.l(dsqrt_noumaal.o)
    0x080060c4   0x080060c4   0x000001d4   Code   RO         4359    x$fpl$dsub          fz_ws.l(daddsub_clz.o)
    0x08006298   0x08006298   0x00000056   Code   RO         4375    x$fpl$f2d           fz_ws.l(f2d.o)
    0x080062ee   0x080062ee   0x00000002   PAD
    0x080062f0   0x080062f0   0x000000c4   Code   RO         4377    x$fpl$fadd          fz_ws.l(faddsub_clz.o)
    0x080063b4   0x080063b4   0x00000018   Code   RO         4469    x$fpl$fcmpinf       fz_ws.l(fcmpi.o)
    0x080063cc   0x080063cc   0x00000184   Code   RO         4384    x$fpl$fdiv          fz_ws.l(fdiv.o)
    0x08006550   0x08006550   0x00000068   Code   RO         4387    x$fpl$feqf          fz_ws.l(feqf.o)
    0x080065b8   0x080065b8   0x00000036   Code   RO         4389    x$fpl$ffix          fz_ws.l(ffix.o)
    0x080065ee   0x080065ee   0x00000002   PAD
    0x080065f0   0x080065f0   0x0000003e   Code   RO         4393    x$fpl$ffixu         fz_ws.l(ffixu.o)
    0x0800662e   0x0800662e   0x00000002   PAD
    0x08006630   0x08006630   0x00000030   Code   RO         4398    x$fpl$fflt          fz_ws.l(fflt_clz.o)
    0x08006660   0x08006660   0x00000026   Code   RO         4397    x$fpl$ffltu         fz_ws.l(fflt_clz.o)
    0x08006686   0x08006686   0x00000002   PAD
    0x08006688   0x08006688   0x00000068   Code   RO         4403    x$fpl$fleqf         fz_ws.l(fleqf.o)
    0x080066f0   0x080066f0   0x00000102   Code   RO         4405    x$fpl$fmul          fz_ws.l(fmul.o)
    0x080067f2   0x080067f2   0x0000008c   Code   RO         4471    x$fpl$fnaninf       fz_ws.l(fnaninf.o)
    0x0800687e   0x0800687e   0x0000000a   Code   RO         4473    x$fpl$fretinf       fz_ws.l(fretinf.o)
    0x08006888   0x08006888   0x00000062   Code   RO         4407    x$fpl$frleqf        fz_ws.l(frleqf.o)
    0x080068ea   0x080068ea   0x00000002   PAD
    0x080068ec   0x080068ec   0x000000ea   Code   RO         4379    x$fpl$fsub          fz_ws.l(faddsub_clz.o)
    0x080069d6   0x080069d6   0x00000064   Code   RO         4596    x$fpl$retnan        fz_ws.l(retnan.o)
    0x08006a3a   0x08006a3a   0x0000005c   Code   RO         4475    x$fpl$scalbn        fz_ws.l(scalbn.o)
    0x08006a96   0x08006a96   0x00000030   Code   RO         4649    x$fpl$trapveneer    fz_ws.l(trapv.o)
    0x08006ac6   0x08006ac6   0x00000000   Code   RO         4477    x$fpl$usenofp       fz_ws.l(usenofp.o)
    0x08006ac6   0x08006ac6   0x00000002   PAD
    0x08006ac8   0x08006ac8   0x00000050   Data   RO          531    .constdata          inv_mpu.o
    0x08006b18   0x08006b18   0x00000bf6   Data   RO          839    .constdata          inv_mpu_dmp_motion_driver.o
    0x0800770e   0x0800770e   0x000005f0   Data   RO         1012    .constdata          oled.o
    0x08007cfe   0x08007cfe   0x00000011   Data   RO         4337    .constdata          c_w.l(__printf_flags_wp.o)
    0x08007d0f   0x08007d0f   0x00000001   PAD
    0x08007d10   0x08007d10   0x00000050   Data   RO         4411    .constdata          m_ws.l(asin.o)
    0x08007d60   0x08007d60   0x00000098   Data   RO         4480    .constdata          m_ws.l(atan.o)
    0x08007df8   0x08007df8   0x00000030   Data   RO         4489    .constdata          m_ws.l(cos_i.o)
    0x08007e28   0x08007e28   0x00000008   Data   RO         4509    .constdata          m_ws.l(qnan.o)
    0x08007e30   0x08007e30   0x000000c8   Data   RO         4512    .constdata          m_ws.l(rred.o)
    0x08007ef8   0x08007ef8   0x00000028   Data   RO         4516    .constdata          m_ws.l(sin_i.o)
    0x08007f20   0x08007f20   0x00000060   Data   RO         4530    .constdata          m_ws.l(tan_i.o)
    0x08007f80   0x08007f80   0x0000004d   Data   RO          532    .conststring        inv_mpu.o
    0x08007fcd   0x08007fcd   0x00000003   PAD
    0x08007fd0   0x08007fd0   0x00000020   Data   RO         4724    Region$$Table       anon$$obj.o


    Execution Region RW_IRAM1 (Exec base: 0x20000000, Load base: 0x08007ff0, Size: 0x00000840, Max: 0x00005000, ABSOLUTE)

    Exec Addr    Load Addr    Size         Type   Attr      Idx    E Section Name        Object

    0x20000000   0x08007ff0   0x0000009d   Data   RW           11    .data               main.o
    0x2000009d   0x0800808d   0x00000003   PAD
    0x200000a0   0x08008090   0x00000006   Data   RW          161    .data               usart.o
    0x200000a6   0x08008096   0x00000004   Data   RW          200    .data               delay.o
    0x200000aa   0x0800809a   0x00000002   PAD
    0x200000ac   0x0800809c   0x00000035   Data   RW          533    .data               inv_mpu.o
    0x200000e1   0x080080d1   0x00000003   PAD
    0x200000e4   0x080080d4   0x00000020   Data   RW         1150    .data               control.o
    0x20000104        -       0x000000c8   Zero   RW          160    .bss                usart.o
    0x200001cc        -       0x00000010   Zero   RW          838    .bss                inv_mpu_dmp_motion_driver.o
    0x200001dc        -       0x00000060   Zero   RW         4578    .bss                c_w.l(libspace.o)
    0x2000023c   0x080080f4   0x00000004   PAD
    0x20000240        -       0x00000200   Zero   RW            2    HEAP                startup_stm32f10x_hd.o
    0x20000440        -       0x00000400   Zero   RW            1    STACK               startup_stm32f10x_hd.o


==============================================================================

Image component sizes


      Code (inc. data)   RO Data    RW Data    ZI Data      Debug   Object Name

      1320        214          0         32          0       3684   control.o
       184         16          0          4          0       1791   delay.o
      6864        290        157         53          0      31764   inv_mpu.o
      3096        122       3062          0         16      21086   inv_mpu_dmp_motion_driver.o
        48          0          0        157          0     238658   main.o
       132         22          0          0          0       1459   misc.o
       768          0          0          0          0       7811   mpu6050.o
       670        102          0          0          0       4918   mpuiic.o
       876         22       1520          0          0       8188   oled.o
       248         12          0          0          0        703   pwm.o
        56         22        304          0       1536        820   startup_stm32f10x_hd.o
       288          0          0          0          0       2460   stm32f10x_gpio.o
        26          0          0          0          0       4010   stm32f10x_it.o
        64         12          0          0          0       1098   stm32f10x_rcc.o
       996         92          0          0          0      10498   stm32f10x_tim.o
       268         32          0          0          0       1663   sys.o
       128          6          0          0          0        589   timer.o
       164         18          0          6        200       3432   usart.o

    ----------------------------------------------------------------------
     16222        982       5078        260       1752     344632   Object Totals
         0          0         32          0          0          0   (incl. Generated)
        26          0          3          8          0          0   (incl. Padding)

    ----------------------------------------------------------------------

      Code (inc. data)   RO Data    RW Data    ZI Data      Debug   Library Member Name

         8          0          0          0          0         68   __main.o
       312          4         17          0          0         92   __printf_flags_wp.o
        14          0          0          0          0         68   __printf_wp.o
         0          0          0          0          0          0   __rtentry.o
        12          0          0          0          0          0   __rtentry2.o
         6          0          0          0          0          0   __rtentry4.o
        52          8          0          0          0          0   __scatter.o
        26          0          0          0          0          0   __scatter_copy.o
        28          0          0          0          0          0   __scatter_zi.o
        48          6          0          0          0         96   _printf_char_common.o
        36          4          0          0          0         80   _printf_char_file.o
         6          0          0          0          0          0   _printf_d.o
       120         16          0          0          0         92   _printf_dec.o
       178          0          0          0          0         88   _printf_intcommon.o
         0          0          0          0          0          0   _printf_percent.o
         4          0          0          0          0          0   _printf_percent_end.o
        22          0          0          0          0        100   _rserrno.o
        16          0          0          0          0         68   aeabi_memset.o
        18          0          0          0          0         80   exit.o
         8          0          0          0          0         68   ferror.o
         6          0          0          0          0        152   heapauxi.o
         2          0          0          0          0          0   libinit.o
         2          0          0          0          0          0   libinit2.o
         2          0          0          0          0          0   libshutdown.o
         2          0          0          0          0          0   libshutdown2.o
         8          4          0          0         96         68   libspace.o
        72          0          0          0          0         76   llsdiv.o
       238          0          0          0          0        100   lludivv7m.o
        88          0          0          0          0         76   memcmp.o
        24          4          0          0          0         84   noretval__2printf.o
         8          4          0          0          0         68   rt_errno_addr_intlibspace.o
        68          0          0          0          0         68   rt_memclr.o
        78          0          0          0          0         80   rt_memclr_w.o
         2          0          0          0          0          0   rtexit.o
        10          0          0          0          0          0   rtexit2.o
        74          0          0          0          0         80   sys_stackheap_outer.o
         2          0          0          0          0         68   use_no_semi.o
         2          0          0          0          0         68   use_no_semi_2.o
        98          4          0          0          0         92   d2f.o
       826         16          0          0          0        348   daddsub_clz.o
        16          4          0          0          0         68   dcheck1.o
       688        140          0          0          0        208   ddiv.o
        94          4          0          0          0         92   dfix.o
        84          0          0          0          0        136   dflt_clz.o
       340         12          0          0          0        104   dmul.o
       156          4          0          0          0         92   dnaninf.o
        12          0          0          0          0         68   dretinf.o
       460         56          0          0          0        120   dsqrt_noumaal.o
        86          4          0          0          0         84   f2d.o
       430          8          0          0          0        168   faddsub_clz.o
        24          0          0          0          0         68   fcmpi.o
       388         76          0          0          0         96   fdiv.o
       104          4          0          0          0         84   feqf.o
        54          4          0          0          0         84   ffix.o
        62          4          0          0          0         84   ffixu.o
        86          0          0          0          0        136   fflt_clz.o
       104          4          0          0          0         84   fleqf.o
       258          4          0          0          0         84   fmul.o
       140          4          0          0          0         84   fnaninf.o
        10          0          0          0          0         68   fretinf.o
        98          0          0          0          0         68   frleqf.o
       100          0          0          0          0         68   retnan.o
        92          0          0          0          0         68   scalbn.o
        48          0          0          0          0         68   trapv.o
         0          0          0          0          0          0   usenofp.o
       624         52         80          0          0        168   asin.o
       544         70        152          0          0        124   atan.o
       384         38          0          0          0        144   atan2.o
       156          8          0          0          0        104   cos.o
       252         22         48          0          0        124   cos_i.o
        38          6          0          0          0        272   dunder.o
        40          0          0          0          0         68   fpclassify.o
       170          0          0          0          0         96   poly.o
         0          0          8          0          0          0   qnan.o
       904         76        200          0          0        140   rred.o
       160         10          0          0          0        108   sin.o
       236         12         40          0          0        128   sin_i.o
        76          0          0          0          0         84   sqrt.o
       100         10          0          0          0         96   tan.o
       636         50         96          0          0        168   tan_i.o

    ----------------------------------------------------------------------
     10810        756        642          0        100       6436   Library Totals
        30          0          1          0          4          0   (incl. Padding)

    ----------------------------------------------------------------------

      Code (inc. data)   RO Data    RW Data    ZI Data      Debug   Library Name

      1602         50         17          0         96       1888   c_w.l
      4858        352          0          0          0       2724   fz_ws.l
      4320        354        624          0          0       1824   m_ws.l

    ----------------------------------------------------------------------
     10810        756        642          0        100       6436   Library Totals

    ----------------------------------------------------------------------

==============================================================================


      Code (inc. data)   RO Data    RW Data    ZI Data      Debug   

     27032       1738       5720        260       1852     340768   Grand Totals
     27032       1738       5720        260       1852     340768   ELF Image Totals
     27032       1738       5720        260          0          0   ROM Totals

==============================================================================

    Total RO  Size (Code + RO Data)                32752 (  31.98kB)
    Total RW  Size (RW Data + ZI Data)              2112 (   2.06kB)
    Total ROM Size (Code + RO Data + RW Data)      33012 (  32.24kB)

==============================================================================

