Component: ARM Compiler 5.06 update 7 (build 960) Tool: armlink [4d3601]

==============================================================================

Section Cross References

    startup_stm32f10x_hd.o(STACK) refers (Special) to heapauxi.o(.text) for __use_two_region_memory
    startup_stm32f10x_hd.o(HEAP) refers (Special) to heapauxi.o(.text) for __use_two_region_memory
    startup_stm32f10x_hd.o(RESET) refers (Special) to heapauxi.o(.text) for __use_two_region_memory
    startup_stm32f10x_hd.o(RESET) refers to startup_stm32f10x_hd.o(STACK) for __initial_sp
    startup_stm32f10x_hd.o(RESET) refers to startup_stm32f10x_hd.o(.text) for Reset_Handler
    startup_stm32f10x_hd.o(RESET) refers to usart.o(i.USART1_IRQHandler) for USART1_IRQHandler
    startup_stm32f10x_hd.o(.text) refers (Special) to heapauxi.o(.text) for __use_two_region_memory
    startup_stm32f10x_hd.o(.text) refers to __main.o(!!!main) for __main
    startup_stm32f10x_hd.o(.text) refers to startup_stm32f10x_hd.o(HEAP) for Heap_Mem
    startup_stm32f10x_hd.o(.text) refers to startup_stm32f10x_hd.o(STACK) for Stack_Mem
    main.o(i.main) refers to sys.o(i.Stm32_Clock_Init) for Stm32_Clock_Init
    main.o(i.main) refers to usart.o(i.uart_init) for uart_init
    main.o(i.main) refers to delay.o(i.delay_init) for delay_init
    main.o(i.main) refers to mpu6050.o(i.MPU_Init) for MPU_Init
    main.o(i.main) refers to delay.o(i.delay_ms) for delay_ms
    main.o(i.main) refers to inv_mpu.o(i.mpu_dmp_init) for mpu_dmp_init
    main.o(i.main) refers to main.o(i.usart1_send_char) for usart1_send_char
    main.o(i.main) refers to inv_mpu.o(i.mpu_dmp_get_data) for mpu_dmp_get_data
    main.o(i.main) refers to mpu6050.o(i.MPU_Get_Accelerometer) for MPU_Get_Accelerometer
    main.o(i.main) refers to mpu6050.o(i.MPU_Get_Gyroscope) for MPU_Get_Gyroscope
    main.o(i.mpu6050_send_data) refers to main.o(i.usart1_niming_report) for usart1_niming_report
    main.o(i.usart1_niming_report) refers to main.o(i.usart1_send_char) for usart1_send_char
    main.o(i.usart1_report_imu) refers to main.o(i.usart1_niming_report) for usart1_niming_report
    usart.o(i.USART1_IRQHandler) refers (Special) to use_no_semi_2.o(.text) for __use_no_semihosting
    usart.o(i.USART1_IRQHandler) refers to usart.o(.data) for USART_RX_STA
    usart.o(i.USART1_IRQHandler) refers to usart.o(.bss) for USART_RX_BUF
    usart.o(i._sys_exit) refers (Special) to use_no_semi_2.o(.text) for __use_no_semihosting
    usart.o(i.fputc) refers (Special) to use_no_semi_2.o(.text) for __use_no_semihosting
    usart.o(i.uart_init) refers (Special) to use_no_semi_2.o(.text) for __use_no_semihosting
    usart.o(i.uart_init) refers to fflt_clz.o(x$fpl$ffltu) for __aeabi_ui2f
    usart.o(i.uart_init) refers to fdiv.o(x$fpl$fdiv) for __aeabi_fdiv
    usart.o(i.uart_init) refers to ffixu.o(x$fpl$ffixu) for __aeabi_f2uiz
    usart.o(i.uart_init) refers to faddsub_clz.o(x$fpl$frsb) for __aeabi_frsub
    usart.o(i.uart_init) refers to fmul.o(x$fpl$fmul) for __aeabi_fmul
    usart.o(i.uart_init) refers to sys.o(i.MY_NVIC_Init) for MY_NVIC_Init
    usart.o(.bss) refers (Special) to use_no_semi_2.o(.text) for __use_no_semihosting
    usart.o(.data) refers (Special) to use_no_semi_2.o(.text) for __use_no_semihosting
    delay.o(i.delay_init) refers to delay.o(.data) for fac_us
    delay.o(i.delay_ms) refers to delay.o(.data) for fac_ms
    delay.o(i.delay_us) refers to delay.o(.data) for fac_us
    sys.o(i.MYRCC_DeInit) refers to sys.o(i.MY_NVIC_SetVectorTable) for MY_NVIC_SetVectorTable
    sys.o(i.MY_NVIC_Init) refers to sys.o(i.MY_NVIC_PriorityGroupConfig) for MY_NVIC_PriorityGroupConfig
    sys.o(i.Stm32_Clock_Init) refers to sys.o(i.MYRCC_DeInit) for MYRCC_DeInit
    sys.o(i.Sys_Standby) refers to sys.o(i.WFI_SET) for WFI_SET
    mpu6050.o(i.MPU_Get_Accelerometer) refers to mpu6050.o(i.MPU_Read_Len) for MPU_Read_Len
    mpu6050.o(i.MPU_Get_Gyroscope) refers to mpu6050.o(i.MPU_Read_Len) for MPU_Read_Len
    mpu6050.o(i.MPU_Get_Temperature) refers to mpu6050.o(i.MPU_Read_Len) for MPU_Read_Len
    mpu6050.o(i.MPU_Get_Temperature) refers to dflt_clz.o(x$fpl$dflt) for __aeabi_i2d
    mpu6050.o(i.MPU_Get_Temperature) refers to ddiv.o(x$fpl$ddiv) for __aeabi_ddiv
    mpu6050.o(i.MPU_Get_Temperature) refers to daddsub_clz.o(x$fpl$dadd) for __aeabi_dadd
    mpu6050.o(i.MPU_Get_Temperature) refers to d2f.o(x$fpl$d2f) for __aeabi_d2f
    mpu6050.o(i.MPU_Get_Temperature) refers to fmul.o(x$fpl$fmul) for __aeabi_fmul
    mpu6050.o(i.MPU_Get_Temperature) refers to ffix.o(x$fpl$ffix) for __aeabi_f2iz
    mpu6050.o(i.MPU_Init) refers to mpuiic.o(i.MPU_IIC_Init) for MPU_IIC_Init
    mpu6050.o(i.MPU_Init) refers to mpu6050.o(i.MPU_Write_Byte) for MPU_Write_Byte
    mpu6050.o(i.MPU_Init) refers to delay.o(i.delay_ms) for delay_ms
    mpu6050.o(i.MPU_Init) refers to mpu6050.o(i.MPU_Set_Gyro_Fsr) for MPU_Set_Gyro_Fsr
    mpu6050.o(i.MPU_Init) refers to mpu6050.o(i.MPU_Set_Accel_Fsr) for MPU_Set_Accel_Fsr
[...]
    .ARM.Collect$$libinit$$0000002C          0x080001b0   Section        0  libinit2.o(.ARM.Collect$$libinit$$0000002C)
    .ARM.Collect$$libinit$$0000002E          0x080001b0   Section        0  libinit2.o(.ARM.Collect$$libinit$$0000002E)
    .ARM.Collect$$libinit$$00000030          0x080001b0   Section        0  libinit2.o(.ARM.Collect$$libinit$$00000030)
    .ARM.Collect$$libinit$$00000032          0x080001b0   Section        0  libinit2.o(.ARM.Collect$$libinit$$00000032)
    .ARM.Collect$$libinit$$00000033          0x080001b0   Section        2  libinit2.o(.ARM.Collect$$libinit$$00000033)
    .ARM.Collect$$libshutdown$$00000000      0x080001b2   Section        2  libshutdown.o(.ARM.Collect$$libshutdown$$00000000)
    .ARM.Collect$$libshutdown$$00000002      0x080001b4   Section        0  libshutdown2.o(.ARM.Collect$$libshutdown$$00000002)
    .ARM.Collect$$libshutdown$$00000004      0x080001b4   Section        0  libshutdown2.o(.ARM.Collect$$libshutdown$$00000004)
    .ARM.Collect$$libshutdown$$00000006      0x080001b4   Section        0  libshutdown2.o(.ARM.Collect$$libshutdown$$00000006)
    .ARM.Collect$$libshutdown$$00000009      0x080001b4   Section        0  libshutdown2.o(.ARM.Collect$$libshutdown$$00000009)
    .ARM.Collect$$libshutdown$$0000000C      0x080001b4   Section        0  libshutdown2.o(.ARM.Collect$$libshutdown$$0000000C)
    .ARM.Collect$$libshutdown$$0000000E      0x080001b4   Section        0  libshutdown2.o(.ARM.Collect$$libshutdown$$0000000E)
    .ARM.Collect$$libshutdown$$00000011      0x080001b4   Section        0  libshutdown2.o(.ARM.Collect$$libshutdown$$00000011)
    .ARM.Collect$$libshutdown$$00000012      0x080001b4   Section        2  libshutdown2.o(.ARM.Collect$$libshutdown$$00000012)
    .ARM.Collect$$rtentry$$00000000          0x080001b6   Section        0  __rtentry.o(.ARM.Collect$$rtentry$$00000000)
    .ARM.Collect$$rtentry$$00000002          0x080001b6   Section        0  __rtentry2.o(.ARM.Collect$$rtentry$$00000002)
    .ARM.Collect$$rtentry$$00000004          0x080001b6   Section        6  __rtentry4.o(.ARM.Collect$$rtentry$$00000004)
    .ARM.Collect$$rtentry$$00000009          0x080001bc   Section        0  __rtentry2.o(.ARM.Collect$$rtentry$$00000009)
    .ARM.Collect$$rtentry$$0000000A          0x080001bc   Section        4  __rtentry2.o(.ARM.Collect$$rtentry$$0000000A)
    .ARM.Collect$$rtentry$$0000000C          0x080001c0   Section        0  __rtentry2.o(.ARM.Collect$$rtentry$$0000000C)
    .ARM.Collect$$rtentry$$0000000D          0x080001c0   Section        8  __rtentry2.o(.ARM.Collect$$rtentry$$0000000D)
    .ARM.Collect$$rtexit$$00000000           0x080001c8   Section        2  rtexit.o(.ARM.Collect$$rtexit$$00000000)
    .ARM.Collect$$rtexit$$00000002           0x080001ca   Section        0  rtexit2.o(.ARM.Collect$$rtexit$$00000002)
    .ARM.Collect$$rtexit$$00000003           0x080001ca   Section        4  rtexit2.o(.ARM.Collect$$rtexit$$00000003)
    .ARM.Collect$$rtexit$$00000004           0x080001ce   Section        6  rtexit2.o(.ARM.Collect$$rtexit$$00000004)
    .text                                    0x080001d4   Section       56  startup_stm32f10x_hd.o(.text)
    .text                                    0x0800020c   Section        2  use_no_semi_2.o(.text)
    .text                                    0x0800020e   Section       72  llsdiv.o(.text)
    .text                                    0x08000258   Section        0  noretval__2printf.o(.text)
    .text                                    0x08000270   Section        0  _printf_dec.o(.text)
    .text                                    0x080002e8   Section        0  __printf_flags_wp.o(.text)
    .text                                    0x08000420   Section        0  memcmp.o(.text)
    .text                                    0x08000478   Section       16  aeabi_memset.o(.text)
    .text                                    0x08000488   Section        0  heapauxi.o(.text)
    .text                                    0x0800048e   Section        2  use_no_semi.o(.text)
    .text                                    0x08000490   Section      238  lludivv7m.o(.text)
    .text                                    0x0800057e   Section        0  _rserrno.o(.text)
    .text                                    0x08000594   Section        0  _printf_intcommon.o(.text)
    .text                                    0x08000648   Section        0  _printf_char_file.o(.text)
    .text                                    0x0800066c   Section       68  rt_memclr.o(.text)
    .text                                    0x080006b0   Section        8  rt_errno_addr_intlibspace.o(.text)
    .text                                    0x080006b8   Section        0  _printf_char_common.o(.text)
    _printf_input_char                       0x080006b9   Thumb Code    10  _printf_char_common.o(.text)
    .text                                    0x080006e8   Section        0  ferror.o(.text)
    .text                                    0x080006f0   Section       78  rt_memclr_w.o(.text)
    .text                                    0x08000740   Section        8  libspace.o(.text)
    .text                                    0x08000748   Section       74  sys_stackheap_outer.o(.text)
    .text                                    0x08000792   Section        0  exit.o(.text)
    i.MPU_Get_Accelerometer                  0x080007a4   Section        0  mpu6050.o(i.MPU_Get_Accelerometer)
    i.MPU_Get_Gyroscope                      0x080007f4   Section        0  mpu6050.o(i.MPU_Get_Gyroscope)
    i.MPU_IIC_Ack                            0x08000844   Section        0  mpuiic.o(i.MPU_IIC_Ack)
    i.MPU_IIC_Delay                          0x08000890   Section        0  mpuiic.o(i.MPU_IIC_Delay)
    i.MPU_IIC_Init                           0x0800089c   Section        0  mpuiic.o(i.MPU_IIC_Init)
    i.MPU_IIC_NAck                           0x080008d4   Section        0  mpuiic.o(i.MPU_IIC_NAck)
    i.MPU_IIC_Read_Byte                      0x08000920   Section        0  mpuiic.o(i.MPU_IIC_Read_Byte)
    i.MPU_IIC_Send_Byte                      0x0800098c   Section        0  mpuiic.o(i.MPU_IIC_Send_Byte)
    i.MPU_IIC_Start                          0x080009e8   Section        0  mpuiic.o(i.MPU_IIC_Start)
    i.MPU_IIC_Stop                           0x08000a30   Section        0  mpuiic.o(i.MPU_IIC_Stop)
    i.MPU_IIC_Wait_Ack                       0x08000a78   Section        0  mpuiic.o(i.MPU_IIC_Wait_Ack)
    i.MPU_Init                               0x08000adc   Section        0  mpu6050.o(i.MPU_Init)
    i.MPU_Read_Byte                          0x08000b56   Section        0  mpu6050.o(i.MPU_Read_Byte)
    i.MPU_Read_Len                           0x08000b90   Section        0  mpu6050.o(i.MPU_Read_Len)
    i.MPU_Set_Accel_Fsr                      0x08000c04   Section        0  mpu6050.o(i.MPU_Set_Accel_Fsr)
    i.MPU_Set_Gyro_Fsr                       0x08000c14   Section        0  mpu6050.o(i.MPU_Set_Gyro_Fsr)
    i.MPU_Set_LPF                            0x08000c24   Section        0  mpu6050.o(i.MPU_Set_LPF)
    i.MPU_Set_Rate                           0x08000c5e   Section        0  mpu6050.o(i.MPU_Set_Rate)
    i.MPU_Write_Byte                         0x08000c98   Section        0  mpu6050.o(i.MPU_Write_Byte)
    i.MPU_Write_Len                          0x08000cdc   Section        0  mpu6050.o(i.MPU_Write_Len)
    i.MYRCC_DeInit                           0x08000d3c   Section        0  sys.o(i.MYRCC_DeInit)
    i.MY_NVIC_Init                           0x08000da4   Section        0  sys.o(i.MY_NVIC_Init)
    i.MY_NVIC_PriorityGroupConfig            0x08000e1c   Section        0  sys.o(i.MY_NVIC_PriorityGroupConfig)
    i.MY_NVIC_SetVectorTable                 0x08000e44   Section        0  sys.o(i.MY_NVIC_SetVectorTable)
    i.Stm32_Clock_Init                       0x08000e58   Section        0  sys.o(i.Stm32_Clock_Init)
    i.USART1_IRQHandler                      0x08000ee8   Section        0  usart.o(i.USART1_IRQHandler)
    i.__ARM_fpclassify                       0x08000f6c   Section        0  fpclassify.o(i.__ARM_fpclassify)
    i.__kernel_poly                          0x08000f94   Section        0  poly.o(i.__kernel_poly)
    i.__mathlib_dbl_infnan                   0x0800103e   Section        0  dunder.o(i.__mathlib_dbl_infnan)
    i.__mathlib_dbl_infnan2                  0x08001044   Section        0  dunder.o(i.__mathlib_dbl_infnan2)
    i.__mathlib_dbl_invalid                  0x08001048   Section        0  dunder.o(i.__mathlib_dbl_invalid)
    i.__mathlib_dbl_underflow                0x08001054   Section        0  dunder.o(i.__mathlib_dbl_underflow)
    i._is_digit                              0x08001064   Section        0  __printf_wp.o(i._is_digit)
    i._sys_exit                              0x08001072   Section        0  usart.o(i._sys_exit)
    i.accel_self_test                        0x08001078   Section        0  inv_mpu.o(i.accel_self_test)
    accel_self_test                          0x08001079   Thumb Code   164  inv_mpu.o(i.accel_self_test)
    i.asin                                   0x08001120   Section        0  asin.o(i.asin)
    i.atan                                   0x08001390   Section        0  atan.o(i.atan)
    i.atan2                                  0x080015b0   Section        0  atan2.o(i.atan2)
    i.decode_gesture                         0x0800174c   Section        0  inv_mpu_dmp_motion_driver.o(i.decode_gesture)
    decode_gesture                           0x0800174d   Thumb Code    94  inv_mpu_dmp_motion_driver.o(i.decode_gesture)
    i.delay_init                             0x080017b0   Section        0  delay.o(i.delay_init)
    i.delay_ms                               0x080017f0   Section        0  delay.o(i.delay_ms)
    i.delay_us                               0x0800182c   Section        0  delay.o(i.delay_us)
    i.dmp_enable_6x_lp_quat                  0x08001868   Section        0  inv_mpu_dmp_motion_driver.o(i.dmp_enable_6x_lp_quat)
    i.dmp_enable_feature                     0x080018a4   Section        0  inv_mpu_dmp_motion_driver.o(i.dmp_enable_feature)
    i.dmp_enable_gyro_cal                    0x08001ac0   Section        0  inv_mpu_dmp_motion_driver.o(i.dmp_enable_gyro_cal)
    i.dmp_enable_lp_quat                     0x08001b18   Section        0  inv_mpu_dmp_motion_driver.o(i.dmp_enable_lp_quat)
    i.dmp_load_motion_driver_firmware        0x08001b54   Section        0  inv_mpu_dmp_motion_driver.o(i.dmp_load_motion_driver_firmware)
    i.dmp_read_fifo                          0x08001b6c   Section        0  inv_mpu_dmp_motion_driver.o(i.dmp_read_fifo)
    i.dmp_set_accel_bias                     0x08001d38   Section        0  inv_mpu_dmp_motion_driver.o(i.dmp_set_accel_bias)
    i.dmp_set_fifo_rate                      0x08001e68   Section        0  inv_mpu_dmp_motion_driver.o(i.dmp_set_fifo_rate)
    i.dmp_set_gyro_bias                      0x08001ed8   Section        0  inv_mpu_dmp_motion_driver.o(i.dmp_set_gyro_bias)
    i.dmp_set_orientation                    0x08002008   Section        0  inv_mpu_dmp_motion_driver.o(i.dmp_set_orientation)
    i.dmp_set_shake_reject_thresh            0x08002140   Section        0  inv_mpu_dmp_motion_driver.o(i.dmp_set_shake_reject_thresh)
    i.dmp_set_shake_reject_time              0x08002178   Section        0  inv_mpu_dmp_motion_driver.o(i.dmp_set_shake_reject_time)
    i.dmp_set_shake_reject_timeout           0x0800219e   Section        0  inv_mpu_dmp_motion_driver.o(i.dmp_set_shake_reject_timeout)
    i.dmp_set_tap_axes                       0x080021c4   Section        0  inv_mpu_dmp_motion_driver.o(i.dmp_set_tap_axes)
    i.dmp_set_tap_count                      0x0800220a   Section        0  inv_mpu_dmp_motion_driver.o(i.dmp_set_tap_count)
    i.dmp_set_tap_thresh                     0x08002230   Section        0  inv_mpu_dmp_motion_driver.o(i.dmp_set_tap_thresh)
    i.dmp_set_tap_time                       0x080023d0   Section        0  inv_mpu_dmp_motion_driver.o(i.dmp_set_tap_time)
    i.dmp_set_tap_time_multi                 0x080023f6   Section        0  inv_mpu_dmp_motion_driver.o(i.dmp_set_tap_time_multi)
    i.fputc                                  0x0800241c   Section        0  usart.o(i.fputc)
    i.get_accel_prod_shift                   0x08002438   Section        0  inv_mpu.o(i.get_accel_prod_shift)
    get_accel_prod_shift                     0x08002439   Thumb Code   168  inv_mpu.o(i.get_accel_prod_shift)
    i.get_st_biases                          0x080024ec   Section        0  inv_mpu.o(i.get_st_biases)
    get_st_biases                            0x080024ed   Thumb Code  1128  inv_mpu.o(i.get_st_biases)
    i.gyro_self_test                         0x08002958   Section        0  inv_mpu.o(i.gyro_self_test)
    gyro_self_test                           0x08002959   Thumb Code   256  inv_mpu.o(i.gyro_self_test)
    i.inv_orientation_matrix_to_scalar       0x08002a68   Section        0  inv_mpu.o(i.inv_orientation_matrix_to_scalar)
    i.inv_row_2_scale                        0x08002a90   Section        0  inv_mpu.o(i.inv_row_2_scale)
    i.main                                   0x08002ade   Section        0  main.o(i.main)
    i.mget_ms                                0x08002b3a   Section        0  inv_mpu.o(i.mget_ms)
    i.mpu_configure_fifo                     0x08002b3c   Section        0  inv_mpu.o(i.mpu_configure_fifo)
    i.mpu_dmp_get_data                       0x08002bac   Section        0  inv_mpu.o(i.mpu_dmp_get_data)
    i.mpu_dmp_init                           0x08002dd0   Section        0  inv_mpu.o(i.mpu_dmp_init)
    i.mpu_get_accel_fsr                      0x08002e70   Section        0  inv_mpu.o(i.mpu_get_accel_fsr)
    i.mpu_get_accel_sens                     0x08002ebc   Section        0  inv_mpu.o(i.mpu_get_accel_sens)
    i.mpu_get_fifo_config                    0x08002f10   Section        0  inv_mpu.o(i.mpu_get_fifo_config)
    i.mpu_get_gyro_fsr                       0x08002f20   Section        0  inv_mpu.o(i.mpu_get_gyro_fsr)
    i.mpu_get_gyro_sens                      0x08002f64   Section        0  inv_mpu.o(i.mpu_get_gyro_sens)
    i.mpu_get_lpf                            0x08002fb4   Section        0  inv_mpu.o(i.mpu_get_lpf)
    i.mpu_get_sample_rate                    0x08003004   Section        0  inv_mpu.o(i.mpu_get_sample_rate)
    i.mpu_init                               0x08003024   Section        0  inv_mpu.o(i.mpu_init)
    i.mpu_load_firmware                      0x08003214   Section        0  inv_mpu.o(i.mpu_load_firmware)
    i.mpu_lp_accel_mode                      0x080032cc   Section        0  inv_mpu.o(i.mpu_lp_accel_mode)
    i.mpu_read_fifo_stream                   0x080033ac   Section        0  inv_mpu.o(i.mpu_read_fifo_stream)
    i.mpu_read_mem                           0x0800346c   Section        0  inv_mpu.o(i.mpu_read_mem)
    i.mpu_reset_fifo                         0x080034ec   Section        0  inv_mpu.o(i.mpu_reset_fifo)
    i.mpu_run_self_test                      0x080036b4   Section        0  inv_mpu.o(i.mpu_run_self_test)
    i.mpu_set_accel_fsr                      0x080037d0   Section        0  inv_mpu.o(i.mpu_set_accel_fsr)
    i.mpu_set_bypass                         0x08003854   Section        0  inv_mpu.o(i.mpu_set_bypass)
    i.mpu_set_dmp_state                      0x080039a0   Section        0  inv_mpu.o(i.mpu_set_dmp_state)
    i.mpu_set_gyro_fsr                       0x08003a30   Section        0  inv_mpu.o(i.mpu_set_gyro_fsr)
    i.mpu_set_int_latched                    0x08003ab8   Section        0  inv_mpu.o(i.mpu_set_int_latched)
    i.mpu_set_lpf                            0x08003b24   Section        0  inv_mpu.o(i.mpu_set_lpf)
    i.mpu_set_sample_rate                    0x08003ba8   Section        0  inv_mpu.o(i.mpu_set_sample_rate)
    i.mpu_set_sensors                        0x08003c44   Section        0  inv_mpu.o(i.mpu_set_sensors)
    i.mpu_write_mem                          0x08003d14   Section        0  inv_mpu.o(i.mpu_write_mem)
    i.run_self_test                          0x08003d94   Section        0  inv_mpu.o(i.run_self_test)
    i.set_int_enable                         0x08003e28   Section        0  inv_mpu.o(i.set_int_enable)
    set_int_enable                           0x08003e29   Thumb Code   138  inv_mpu.o(i.set_int_enable)
    i.sqrt                                   0x08003eb8   Section        0  sqrt.o(i.sqrt)
    i.uart_init                              0x08003f04   Section        0  usart.o(i.uart_init)
    i.usart1_send_char                       0x08003fe0   Section        0  main.o(i.usart1_send_char)
    x$fpl$d2f                                0x08003ffc   Section       98  d2f.o(x$fpl$d2f)
    x$fpl$dadd                               0x08004060   Section      336  daddsub_clz.o(x$fpl$dadd)
    _dadd1                                   0x08004071   Thumb Code     0  daddsub_clz.o(x$fpl$dadd)
    x$fpl$dcheck1                            0x080041b0   Section       16  dcheck1.o(x$fpl$dcheck1)
    x$fpl$dcmpinf                            0x080041c0   Section       24  dcmpi.o(x$fpl$dcmpinf)
    x$fpl$ddiv                               0x080041d8   Section      688  ddiv.o(x$fpl$ddiv)
    ddiv_entry                               0x080041df   Thumb Code     0  ddiv.o(x$fpl$ddiv)
    x$fpl$deqf                               0x08004488   Section      120  deqf.o(x$fpl$deqf)
    x$fpl$dmul                               0x08004500   Section      340  dmul.o(x$fpl$dmul)
    x$fpl$dnaninf                            0x08004654   Section      156  dnaninf.o(x$fpl$dnaninf)
    x$fpl$dretinf                            0x080046f0   Section       12  dretinf.o(x$fpl$dretinf)
    x$fpl$drsb                               0x080046fc   Section       22  daddsub_clz.o(x$fpl$drsb)
    x$fpl$dsqrt                              0x08004714   Section      460  dsqrt_noumaal.o(x$fpl$dsqrt)
    x$fpl$dsub                               0x080048e0   Section      468  daddsub_clz.o(x$fpl$dsub)
    _dsub1                                   0x080048f1   Thumb Code     0  daddsub_clz.o(x$fpl$dsub)
    x$fpl$f2d                                0x08004ab4   Section       86  f2d.o(x$fpl$f2d)
    x$fpl$fadd                               0x08004b0c   Section      196  faddsub_clz.o(x$fpl$fadd)
    _fadd1                                   0x08004b1b   Thumb Code     0  faddsub_clz.o(x$fpl$fadd)
    x$fpl$fcmpinf                            0x08004bd0   Section       24  fcmpi.o(x$fpl$fcmpinf)
    x$fpl$fdiv                               0x08004be8   Section      388  fdiv.o(x$fpl$fdiv)
    _fdiv1                                   0x08004be9   Thumb Code     0  fdiv.o(x$fpl$fdiv)
    x$fpl$feqf                               0x08004d6c   Section      104  feqf.o(x$fpl$feqf)
    x$fpl$ffix                               0x08004dd4   Section       54  ffix.o(x$fpl$ffix)
    x$fpl$ffixu                              0x08004e0c   Section       62  ffixu.o(x$fpl$ffixu)
    x$fpl$fflt                               0x08004e4c   Section       48  fflt_clz.o(x$fpl$fflt)
    x$fpl$ffltu                              0x08004e7c   Section       38  fflt_clz.o(x$fpl$ffltu)
    x$fpl$fleqf                              0x08004ea4   Section      104  fleqf.o(x$fpl$fleqf)
    x$fpl$fmul                               0x08004f0c   Section      258  fmul.o(x$fpl$fmul)
    x$fpl$fnaninf                            0x0800500e   Section      140  fnaninf.o(x$fpl$fnaninf)
    x$fpl$fretinf                            0x0800509a   Section       10  fretinf.o(x$fpl$fretinf)
    x$fpl$frleqf                             0x080050a4   Section       98  frleqf.o(x$fpl$frleqf)
    x$fpl$frsb                               0x08005106   Section       20  faddsub_clz.o(x$fpl$frsb)
    x$fpl$fsub                               0x0800511c   Section      234  faddsub_clz.o(x$fpl$fsub)
    _fsub1                                   0x0800512b   Thumb Code     0  faddsub_clz.o(x$fpl$fsub)
    x$fpl$retnan                             0x08005206   Section      100  retnan.o(x$fpl$retnan)
    x$fpl$scalbn                             0x0800526a   Section       92  scalbn.o(x$fpl$scalbn)
    x$fpl$trapveneer                         0x080052c6   Section       48  trapv.o(x$fpl$trapveneer)
    x$fpl$usenofp                            0x080052f6   Section        0  usenofp.o(x$fpl$usenofp)
    .constdata                               0x080052f8   Section       80  inv_mpu.o(.constdata)
    .constdata                               0x08005348   Section     3062  inv_mpu_dmp_motion_driver.o(.constdata)
    dmp_memory                               0x08005348   Data        3062  inv_mpu_dmp_motion_driver.o(.constdata)
    .constdata                               0x08005f3e   Section       17  __printf_flags_wp.o(.constdata)
    maptable                                 0x08005f3e   Data          17  __printf_flags_wp.o(.constdata)
    .constdata                               0x08005f50   Section       80  asin.o(.constdata)
    pS                                       0x08005f50   Data          48  asin.o(.constdata)
    qS                                       0x08005f80   Data          32  asin.o(.constdata)
    .constdata                               0x08005fa0   Section      152  atan.o(.constdata)
    atanhi                                   0x08005fa0   Data          32  atan.o(.constdata)
    atanlo                                   0x08005fc0   Data          32  atan.o(.constdata)
    aTodd                                    0x08005fe0   Data          40  atan.o(.constdata)
    aTeven                                   0x08006008   Data          48  atan.o(.constdata)
    .constdata                               0x08006038   Section        8  qnan.o(.constdata)
    .conststring                             0x08006040   Section       77  inv_mpu.o(.conststring)
    .data                                    0x20000000   Section        6  usart.o(.data)
    .data                                    0x20000006   Section        4  delay.o(.data)
    fac_us                                   0x20000006   Data           1  delay.o(.data)
    fac_ms                                   0x20000008   Data           2  delay.o(.data)
    .data                                    0x2000000c   Section       53  inv_mpu.o(.data)
    st                                       0x2000000c   Data          44  inv_mpu.o(.data)
    gyro_orientation                         0x20000038   Data           9  inv_mpu.o(.data)
    .bss                                     0x20000044   Section      200  usart.o(.bss)
    .bss                                     0x2000010c   Section       16  inv_mpu_dmp_motion_driver.o(.bss)
    dmp                                      0x2000010c   Data          16  inv_mpu_dmp_motion_driver.o(.bss)
    .bss                                     0x2000011c   Section       96  libspace.o(.bss)
    HEAP                                     0x20000180   Section      512  startup_stm32f10x_hd.o(HEAP)
    Heap_Mem                                 0x20000180   Data         512  startup_stm32f10x_hd.o(HEAP)
    STACK                                    0x20000380   Section     1024  startup_stm32f10x_hd.o(STACK)
    Stack_Mem                                0x20000380   Data        1024  startup_stm32f10x_hd.o(STACK)
    __initial_sp                             0x20000780   Data           0  startup_stm32f10x_hd.o(STACK)

    Global Symbols

    Symbol Name                              Value     Ov Type        Size  Object(Section)

    BuildAttributes$$THM_ISAv4$P$D$K$B$S$PE$A:L22UL41UL21$X:L11$S22US41US21$IEEE1$IW$USESV6$~STKCKD$USESV7$~SHL$OTIME$ROPI$IEEEX$EBA8$UX$STANDARDLIB$REQ8$PRES8$EABIv2 0x00000000   Number         0  anon$$obj.o ABSOLUTE
    __ARM_use_no_argv                        0x00000000   Number         0  main.o ABSOLUTE
    _printf_flags                            0x00000000   Number         0  printf_stubs.o ABSOLUTE
    _printf_return_value                     0x00000000   Number         0  printf_stubs.o ABSOLUTE
    _printf_sizespec                         0x00000000   Number         0  printf_stubs.o ABSOLUTE
    _printf_widthprec                        0x00000000   Number         0  printf_stubs.o ABSOLUTE
    __ARM_exceptions_init                     - Undefined Weak Reference
    __alloca_initialize                       - Undefined Weak Reference
    __arm_fini_                               - Undefined Weak Reference
    __arm_preinit_                            - Undefined Weak Reference
    __cpp_initialize__aeabi_                  - Undefined Weak Reference
    __cxa_finalize                            - Undefined Weak Reference
    __rt_locale                               - Undefined Weak Reference
    __sigvec_lookup                           - Undefined Weak Reference
    _atexit_init                              - Undefined Weak Reference
    _call_atexit_fns                          - Undefined Weak Reference
    _clock_init                               - Undefined Weak Reference
    _fp_trap_init                             - Undefined Weak Reference
    _fp_trap_shutdown                         - Undefined Weak Reference
    _get_lc_collate                           - Undefined Weak Reference
    _get_lc_ctype                             - Undefined Weak Reference
    _get_lc_monetary                          - Undefined Weak Reference
    _get_lc_numeric                           - Undefined Weak Reference
    _get_lc_time                              - Undefined Weak Reference
    _getenv_init                              - Undefined Weak Reference
    _handle_redirection                       - Undefined Weak Reference
    _init_alloc                               - Undefined Weak Reference
    _init_user_alloc                          - Undefined Weak Reference
    _initio                                   - Undefined Weak Reference
    _mutex_acquire                            - Undefined Weak Reference
    _mutex_release                            - Undefined Weak Reference
    _printf_truncate_signed                   - Undefined Weak Reference
    _printf_truncate_unsigned                 - Undefined Weak Reference
    _rand_init                                - Undefined Weak Reference
    _signal_finish                            - Undefined Weak Reference
    _signal_init                              - Undefined Weak Reference
    _terminate_alloc                          - Undefined Weak Reference
    _terminate_user_alloc                     - Undefined Weak Reference
    _terminateio                              - Undefined Weak Reference
    __Vectors_Size                           0x00000130   Number         0  startup_stm32f10x_hd.o ABSOLUTE
    __Vectors                                0x08000000   Data           4  startup_stm32f10x_hd.o(RESET)
    __Vectors_End                            0x08000130   Data           0  startup_stm32f10x_hd.o(RESET)
    __main                                   0x08000131   Thumb Code     8  __main.o(!!!main)
    __scatterload                            0x08000139   Thumb Code     0  __scatter.o(!!!scatter)
    __scatterload_rt2                        0x08000139   Thumb Code    44  __scatter.o(!!!scatter)
    __scatterload_rt2_thumb_only             0x08000139   Thumb Code     0  __scatter.o(!!!scatter)
    __scatterload_null                       0x08000147   Thumb Code     0  __scatter.o(!!!scatter)
    __scatterload_copy                       0x0800016d   Thumb Code    26  __scatter_copy.o(!!handler_copy)
    __scatterload_zeroinit                   0x08000189   Thumb Code    28  __scatter_zi.o(!!handler_zi)
    _printf_d                                0x080001a5   Thumb Code     0  _printf_d.o(.ARM.Collect$$_printf_percent$$00000009)
    _printf_percent                          0x080001a5   Thumb Code     0  _printf_percent.o(.ARM.Collect$$_printf_percent$$00000000)
    _printf_percent_end                      0x080001ab   Thumb Code     0  _printf_percent_end.o(.ARM.Collect$$_printf_percent$$00000017)
    __rt_lib_init                            0x080001af   Thumb Code     0  libinit.o(.ARM.Collect$$libinit$$00000000)
    __rt_lib_init_alloca_1                   0x080001b1   Thumb Code     0  libinit2.o(.ARM.Collect$$libinit$$0000002E)
    __rt_lib_init_argv_1                     0x080001b1   Thumb Code     0  libinit2.o(.ARM.Collect$$libinit$$0000002C)
    __rt_lib_init_atexit_1                   0x080001b1   Thumb Code     0  libinit2.o(.ARM.Collect$$libinit$$0000001B)
    __rt_lib_init_clock_1                    0x080001b1   Thumb Code     0  libinit2.o(.ARM.Collect$$libinit$$00000021)
    __rt_lib_init_cpp_1                      0x080001b1   Thumb Code     0  libinit2.o(.ARM.Collect$$libinit$$00000032)
    __rt_lib_init_exceptions_1               0x080001b1   Thumb Code     0  libinit2.o(.ARM.Collect$$libinit$$00000030)
    __rt_lib_init_fp_1                       0x080001b1   Thumb Code     0  libinit2.o(.ARM.Collect$$libinit$$00000002)
    __rt_lib_init_fp_trap_1                  0x080001b1   Thumb Code     0  libinit2.o(.ARM.Collect$$libinit$$0000001F)
    __rt_lib_init_getenv_1                   0x080001b1   Thumb Code     0  libinit2.o(.ARM.Collect$$libinit$$00000023)
    __rt_lib_init_heap_1                     0x080001b1   Thumb Code     0  libinit2.o(.ARM.Collect$$libinit$$0000000A)
    __rt_lib_init_lc_collate_1               0x080001b1   Thumb Code     0  libinit2.o(.ARM.Collect$$libinit$$00000011)
    __rt_lib_init_lc_ctype_1                 0x080001b1   Thumb Code     0  libinit2.o(.ARM.Collect$$libinit$$00000013)
    __rt_lib_init_lc_monetary_1              0x080001b1   Thumb Code     0  libinit2.o(.ARM.Collect$$libinit$$00000015)
    __rt_lib_init_lc_numeric_1               0x080001b1   Thumb Code     0  libinit2.o(.ARM.Collect$$libinit$$00000017)
    __rt_lib_init_lc_time_1                  0x080001b1   Thumb Code     0  libinit2.o(.ARM.Collect$$libinit$$00000019)
    __rt_lib_init_preinit_1                  0x080001b1   Thumb Code     0  libinit2.o(.ARM.Collect$$libinit$$00000004)
    __rt_lib_init_rand_1                     0x080001b1   Thumb Code     0  libinit2.o(.ARM.Collect$$libinit$$0000000E)
    __rt_lib_init_return                     0x080001b1   Thumb Code     0  libinit2.o(.ARM.Collect$$libinit$$00000033)
    __rt_lib_init_signal_1                   0x080001b1   Thumb Code     0  libinit2.o(.ARM.Collect$$libinit$$0000001D)
    __rt_lib_init_stdio_1                    0x080001b1   Thumb Code     0  libinit2.o(.ARM.Collect$$libinit$$00000025)
    __rt_lib_init_user_alloc_1               0x080001b1   Thumb Code     0  libinit2.o(.ARM.Collect$$libinit$$0000000C)
    __rt_lib_shutdown                        0x080001b3   Thumb Code     0  libshutdown.o(.ARM.Collect$$libshutdown$$00000000)
    __rt_lib_shutdown_cpp_1                  0x080001b5   Thumb Code     0  libshutdown2.o(.ARM.Collect$$libshutdown$$00000004)
    __rt_lib_shutdown_fini_1                 0x080001b5   Thumb Code     0  libshutdown2.o(.ARM.Collect$$libshutdown$$00000002)
    __rt_lib_shutdown_fp_trap_1              0x080001b5   Thumb Code     0  libshutdown2.o(.ARM.Collect$$libshutdown$$00000009)
    __rt_lib_shutdown_heap_1                 0x080001b5   Thumb Code     0  libshutdown2.o(.ARM.Collect$$libshutdown$$00000011)
    __rt_lib_shutdown_return                 0x080001b5   Thumb Code     0  libshutdown2.o(.ARM.Collect$$libshutdown$$00000012)
    __rt_lib_shutdown_signal_1               0x080001b5   Thumb Code     0  libshutdown2.o(.ARM.Collect$$libshutdown$$0000000C)
    __rt_lib_shutdown_stdio_1                0x080001b5   Thumb Code     0  libshutdown2.o(.ARM.Collect$$libshutdown$$00000006)
    __rt_lib_shutdown_user_alloc_1           0x080001b5   Thumb Code     0  libshutdown2.o(.ARM.Collect$$libshutdown$$0000000E)
    __rt_entry                               0x080001b7   Thumb Code     0  __rtentry.o(.ARM.Collect$$rtentry$$00000000)
    __rt_entry_presh_1                       0x080001b7   Thumb Code     0  __rtentry2.o(.ARM.Collect$$rtentry$$00000002)
    __rt_entry_sh                            0x080001b7   Thumb Code     0  __rtentry4.o(.ARM.Collect$$rtentry$$00000004)
    __rt_entry_li                            0x080001bd   Thumb Code     0  __rtentry2.o(.ARM.Collect$$rtentry$$0000000A)
    __rt_entry_postsh_1                      0x080001bd   Thumb Code     0  __rtentry2.o(.ARM.Collect$$rtentry$$00000009)
    __rt_entry_main                          0x080001c1   Thumb Code     0  __rtentry2.o(.ARM.Collect$$rtentry$$0000000D)
    __rt_entry_postli_1                      0x080001c1   Thumb Code     0  __rtentry2.o(.ARM.Collect$$rtentry$$0000000C)
    __rt_exit                                0x080001c9   Thumb Code     0  rtexit.o(.ARM.Collect$$rtexit$$00000000)
    __rt_exit_ls                             0x080001cb   Thumb Code     0  rtexit2.o(.ARM.Collect$$rtexit$$00000003)
    __rt_exit_prels_1                        0x080001cb   Thumb Code     0  rtexit2.o(.ARM.Collect$$rtexit$$00000002)
    __rt_exit_exit                           0x080001cf   Thumb Code     0  rtexit2.o(.ARM.Collect$$rtexit$$00000004)
    Reset_Handler                            0x080001d5   Thumb Code     4  startup_stm32f10x_hd.o(.text)
    NMI_Handler                              0x080001d9   Thumb Code     2  startup_stm32f10x_hd.o(.text)
    HardFault_Handler                        0x080001db   Thumb Code     2  startup_stm32f10x_hd.o(.text)
    MemManage_Handler                        0x080001dd   Thumb Code     2  startup_stm32f10x_hd.o(.text)
    BusFault_Handler                         0x080001df   Thumb Code     2  startup_stm32f10x_hd.o(.text)
    UsageFault_Handler                       0x080001e1   Thumb Code     2  startup_stm32f10x_hd.o(.text)
    SVC_Handler                              0x080001e3   Thumb Code     2  startup_stm32f10x_hd.o(.text)
    DebugMon_Handler                         0x080001e5   Thumb Code     2  startup_stm32f10x_hd.o(.text)
    PendSV_Handler                           0x080001e7   Thumb Code     2  startup_stm32f10x_hd.o(.text)
    SysTick_Handler                          0x080001e9   Thumb Code     2  startup_stm32f10x_hd.o(.text)
    ADC1_2_IRQHandler                        0x080001eb   Thumb Code     0  startup_stm32f10x_hd.o(.text)
    ADC3_IRQHandler                          0x080001eb   Thumb Code     0  startup_stm32f10x_hd.o(.text)
    CAN1_RX1_IRQHandler                      0x080001eb   Thumb Code     0  startup_stm32f10x_hd.o(.text)
    CAN1_SCE_IRQHandler                      0x080001eb   Thumb Code     0  startup_stm32f10x_hd.o(.text)
    DMA1_Channel1_IRQHandler                 0x080001eb   Thumb Code     0  startup_stm32f10x_hd.o(.text)
    DMA1_Channel2_IRQHandler                 0x080001eb   Thumb Code     0  startup_stm32f10x_hd.o(.text)
    DMA1_Channel3_IRQHandler                 0x080001eb   Thumb Code     0  startup_stm32f10x_hd.o(.text)
    DMA1_Channel4_IRQHandler                 0x080001eb   Thumb Code     0  startup_stm32f10x_hd.o(.text)
    DMA1_Channel5_IRQHandler                 0x080001eb   Thumb Code     0  startup_stm32f10x_hd.o(.text)
    DMA1_Channel6_IRQHandler                 0x080001eb   Thumb Code     0  startup_stm32f10x_hd.o(.text)
    DMA1_Channel7_IRQHandler                 0x080001eb   Thumb Code     0  startup_stm32f10x_hd.o(.text)
    DMA2_Channel1_IRQHandler                 0x080001eb   Thumb Code     0  startup_stm32f10x_hd.o(.text)
    DMA2_Channel2_IRQHandler                 0x080001eb   Thumb Code     0  startup_stm32f10x_hd.o(.text)
    DMA2_Channel3_IRQHandler                 0x080001eb   Thumb Code     0  startup_stm32f10x_hd.o(.text)
    DMA2_Channel4_5_IRQHandler               0x080001eb   Thumb Code     0  startup_stm32f10x_hd.o(.text)
    EXTI0_IRQHandler                         0x080001eb   Thumb Code     0  startup_stm32f10x_hd.o(.text)
    EXTI15_10_IRQHandler                     0x080001eb   Thumb Code     0  startup_stm32f10x_hd.o(.text)
    EXTI1_IRQHandler                         0x080001eb   Thumb Code     0  startup_stm32f10x_hd.o(.text)
    EXTI2_IRQHandler                         0x080001eb   Thumb Code     0  startup_stm32f10x_hd.o(.text)
    EXTI3_IRQHandler                         0x080001eb   Thumb Code     0  startup_stm32f10x_hd.o(.text)
    EXTI4_IRQHandler                         0x080001eb   Thumb Code     0  startup_stm32f10x_hd.o(.text)
    EXTI9_5_IRQHandler                       0x080001eb   Thumb Code     0  startup_stm32f10x_hd.o(.text)
    FLASH_IRQHandler                         0x080001eb   Thumb Code     0  startup_stm32f10x_hd.o(.text)
    FSMC_IRQHandler                          0x080001eb   Thumb Code     0  startup_stm32f10x_hd.o(.text)
    I2C1_ER_IRQHandler                       0x080001eb   Thumb Code     0  startup_stm32f10x_hd.o(.text)
    I2C1_EV_IRQHandler                       0x080001eb   Thumb Code     0  startup_stm32f10x_hd.o(.text)
    I2C2_ER_IRQHandler                       0x080001eb   Thumb Code     0  startup_stm32f10x_hd.o(.text)
    I2C2_EV_IRQHandler                       0x080001eb   Thumb Code     0  startup_stm32f10x_hd.o(.text)
    PVD_IRQHandler                           0x080001eb   Thumb Code     0  startup_stm32f10x_hd.o(.text)
    RCC_IRQHandler                           0x080001eb   Thumb Code     0  startup_stm32f10x_hd.o(.text)
    RTCAlarm_IRQHandler                      0x080001eb   Thumb Code     0  startup_stm32f10x_hd.o(.text)
    RTC_IRQHandler                           0x080001eb   Thumb Code     0  startup_stm32f10x_hd.o(.text)
    SDIO_IRQHandler                          0x080001eb   Thumb Code     0  startup_stm32f10x_hd.o(.text)
    SPI1_IRQHandler                          0x080001eb   Thumb Code     0  startup_stm32f10x_hd.o(.text)
    SPI2_IRQHandler                          0x080001eb   Thumb Code     0  startup_stm32f10x_hd.o(.text)
    SPI3_IRQHandler                          0x080001eb   Thumb Code     0  startup_stm32f10x_hd.o(.text)
    TAMPER_IRQHandler                        0x080001eb   Thumb Code     0  startup_stm32f10x_hd.o(.text)
    TIM1_BRK_IRQHandler                      0x080001eb   Thumb Code     0  startup_stm32f10x_hd.o(.text)
    TIM1_CC_IRQHandler                       0x080001eb   Thumb Code     0  startup_stm32f10x_hd.o(.text)
    TIM1_TRG_COM_IRQHandler                  0x080001eb   Thumb Code     0  startup_stm32f10x_hd.o(.text)
    TIM1_UP_IRQHandler                       0x080001eb   Thumb Code     0  startup_stm32f10x_hd.o(.text)
    TIM2_IRQHandler                          0x080001eb   Thumb Code     0  startup_stm32f10x_hd.o(.text)
    TIM3_IRQHandler                          0x080001eb   Thumb Code     0  startup_stm32f10x_hd.o(.text)
    TIM4_IRQHandler                          0x080001eb   Thumb Code     0  startup_stm32f10x_hd.o(.text)
    TIM5_IRQHandler                          0x080001eb   Thumb Code     0  startup_stm32f10x_hd.o(.text)
    TIM6_IRQHandler                          0x080001eb   Thumb Code     0  startup_stm32f10x_hd.o(.text)
    TIM7_IRQHandler                          0x080001eb   Thumb Code     0  startup_stm32f10x_hd.o(.text)
    TIM8_BRK_IRQHandler                      0x080001eb   Thumb Code     0  startup_stm32f10x_hd.o(.text)
    TIM8_CC_IRQHandler                       0x080001eb   Thumb Code     0  startup_stm32f10x_hd.o(.text)
    TIM8_TRG_COM_IRQHandler                  0x080001eb   Thumb Code     0  startup_stm32f10x_hd.o(.text)
    TIM8_UP_IRQHandler                       0x080001eb   Thumb Code     0  startup_stm32f10x_hd.o(.text)
    UART4_IRQHandler                         0x080001eb   Thumb Code     0  startup_stm32f10x_hd.o(.text)
    UART5_IRQHandler                         0x080001eb   Thumb Code     0  startup_stm32f10x_hd.o(.text)
    USART2_IRQHandler                        0x080001eb   Thumb Code     0  startup_stm32f10x_hd.o(.text)
    USART3_IRQHandler                        0x080001eb   Thumb Code     0  startup_stm32f10x_hd.o(.text)
    USBWakeUp_IRQHandler                     0x080001eb   Thumb Code     0  startup_stm32f10x_hd.o(.text)
    USB_HP_CAN1_TX_IRQHandler                0x080001eb   Thumb Code     0  startup_stm32f10x_hd.o(.text)
    USB_LP_CAN1_RX0_IRQHandler               0x080001eb   Thumb Code     0  startup_stm32f10x_hd.o(.text)
    WWDG_IRQHandler                          0x080001eb   Thumb Code     0  startup_stm32f10x_hd.o(.text)
    __user_initial_stackheap                 0x080001ed   Thumb Code     0  startup_stm32f10x_hd.o(.text)
    __use_no_semihosting                     0x0800020d   Thumb Code     2  use_no_semi_2.o(.text)
    __aeabi_ldivmod                          0x0800020f   Thumb Code     0  llsdiv.o(.text)
    _ll_sdiv                                 0x0800020f   Thumb Code    72  llsdiv.o(.text)
    __2printf                                0x08000259   Thumb Code    20  noretval__2printf.o(.text)
    _printf_int_dec                          0x08000271   Thumb Code   104  _printf_dec.o(.text)
    __printf                                 0x080002e9   Thumb Code   308  __printf_flags_wp.o(.text)
    memcmp                                   0x08000421   Thumb Code    88  memcmp.o(.text)
    __aeabi_memset                           0x08000479   Thumb Code    16  aeabi_memset.o(.text)
    __use_two_region_memory                  0x08000489   Thumb Code     2  heapauxi.o(.text)
    __rt_heap_escrow$2region                 0x0800048b   Thumb Code     2  heapauxi.o(.text)
    __rt_heap_expand$2region                 0x0800048d   Thumb Code     2  heapauxi.o(.text)
    __I$use$semihosting                      0x0800048f   Thumb Code     0  use_no_semi.o(.text)
    __use_no_semihosting_swi                 0x0800048f   Thumb Code     2  use_no_semi.o(.text)
    __aeabi_uldivmod                         0x08000491   Thumb Code     0  lludivv7m.o(.text)
    _ll_udiv                                 0x08000491   Thumb Code   238  lludivv7m.o(.text)
    __read_errno                             0x0800057f   Thumb Code    10  _rserrno.o(.text)
    __set_errno                              0x08000589   Thumb Code    12  _rserrno.o(.text)
    _printf_int_common                       0x08000595   Thumb Code   178  _printf_intcommon.o(.text)
    _printf_char_file                        0x08000649   Thumb Code    32  _printf_char_file.o(.text)
    __aeabi_memclr                           0x0800066d   Thumb Code     0  rt_memclr.o(.text)
    __rt_memclr                              0x0800066d   Thumb Code    68  rt_memclr.o(.text)
    _memset                                  0x08000671   Thumb Code     0  rt_memclr.o(.text)
    __aeabi_errno_addr                       0x080006b1   Thumb Code     8  rt_errno_addr_intlibspace.o(.text)
    __errno$intlibspace                      0x080006b1   Thumb Code     0  rt_errno_addr_intlibspace.o(.text)
    __rt_errno_addr$intlibspace              0x080006b1   Thumb Code     0  rt_errno_addr_intlibspace.o(.text)
    _printf_char_common                      0x080006c3   Thumb Code    32  _printf_char_common.o(.text)
    ferror                                   0x080006e9   Thumb Code     8  ferror.o(.text)
    __aeabi_memclr4                          0x080006f1   Thumb Code     0  rt_memclr_w.o(.text)
    __aeabi_memclr8                          0x080006f1   Thumb Code     0  rt_memclr_w.o(.text)
    __rt_memclr_w                            0x080006f1   Thumb Code    78  rt_memclr_w.o(.text)
    _memset_w                                0x080006f5   Thumb Code     0  rt_memclr_w.o(.text)
    __user_libspace                          0x08000741   Thumb Code     8  libspace.o(.text)
    __user_perproc_libspace                  0x08000741   Thumb Code     0  libspace.o(.text)
    __user_perthread_libspace                0x08000741   Thumb Code     0  libspace.o(.text)
    __user_setup_stackheap                   0x08000749   Thumb Code    74  sys_stackheap_outer.o(.text)
    exit                                     0x08000793   Thumb Code    18  exit.o(.text)
    MPU_Get_Accelerometer                    0x080007a5   Thumb Code    80  mpu6050.o(i.MPU_Get_Accelerometer)
    MPU_Get_Gyroscope                        0x080007f5   Thumb Code    80  mpu6050.o(i.MPU_Get_Gyroscope)
    MPU_IIC_Ack                              0x08000845   Thumb Code    62  mpuiic.o(i.MPU_IIC_Ack)
    MPU_IIC_Delay                            0x08000891   Thumb Code    10  mpuiic.o(i.MPU_IIC_Delay)
    MPU_IIC_Init                             0x0800089d   Thumb Code    46  mpuiic.o(i.MPU_IIC_Init)
    MPU_IIC_NAck                             0x080008d5   Thumb Code    62  mpuiic.o(i.MPU_IIC_NAck)
    MPU_IIC_Read_Byte                        0x08000921   Thumb Code    94  mpuiic.o(i.MPU_IIC_Read_Byte)
    MPU_IIC_Send_Byte                        0x0800098d   Thumb Code    80  mpuiic.o(i.MPU_IIC_Send_Byte)
    MPU_IIC_Start                            0x080009e9   Thumb Code    60  mpuiic.o(i.MPU_IIC_Start)
    MPU_IIC_Stop                             0x08000a31   Thumb Code    58  mpuiic.o(i.MPU_IIC_Stop)
    MPU_IIC_Wait_Ack                         0x08000a79   Thumb Code    86  mpuiic.o(i.MPU_IIC_Wait_Ack)
    MPU_Init                                 0x08000add   Thumb Code   122  mpu6050.o(i.MPU_Init)
    MPU_Read_Byte                            0x08000b57   Thumb Code    58  mpu6050.o(i.MPU_Read_Byte)
    MPU_Read_Len                             0x08000b91   Thumb Code   116  mpu6050.o(i.MPU_Read_Len)
    MPU_Set_Accel_Fsr                        0x08000c05   Thumb Code    16  mpu6050.o(i.MPU_Set_Accel_Fsr)
    MPU_Set_Gyro_Fsr                         0x08000c15   Thumb Code    16  mpu6050.o(i.MPU_Set_Gyro_Fsr)
    MPU_Set_LPF                              0x08000c25   Thumb Code    58  mpu6050.o(i.MPU_Set_LPF)
    MPU_Set_Rate                             0x08000c5f   Thumb Code    58  mpu6050.o(i.MPU_Set_Rate)
    MPU_Write_Byte                           0x08000c99   Thumb Code    68  mpu6050.o(i.MPU_Write_Byte)
    MPU_Write_Len                            0x08000cdd   Thumb Code    96  mpu6050.o(i.MPU_Write_Len)
    MYRCC_DeInit                             0x08000d3d   Thumb Code    90  sys.o(i.MYRCC_DeInit)
    MY_NVIC_Init                             0x08000da5   Thumb Code   116  sys.o(i.MY_NVIC_Init)
    MY_NVIC_PriorityGroupConfig              0x08000e1d   Thumb Code    32  sys.o(i.MY_NVIC_PriorityGroupConfig)
    MY_NVIC_SetVectorTable                   0x08000e45   Thumb Code    12  sys.o(i.MY_NVIC_SetVectorTable)
    Stm32_Clock_Init                         0x08000e59   Thumb Code   134  sys.o(i.Stm32_Clock_Init)
    USART1_IRQHandler                        0x08000ee9   Thumb Code   118  usart.o(i.USART1_IRQHandler)
    __ARM_fpclassify                         0x08000f6d   Thumb Code    40  fpclassify.o(i.__ARM_fpclassify)
    __kernel_poly                            0x08000f95   Thumb Code   170  poly.o(i.__kernel_poly)
    __mathlib_dbl_infnan                     0x0800103f   Thumb Code     6  dunder.o(i.__mathlib_dbl_infnan)
    __mathlib_dbl_infnan2                    0x08001045   Thumb Code     4  dunder.o(i.__mathlib_dbl_infnan2)
    __mathlib_dbl_invalid                    0x08001049   Thumb Code    12  dunder.o(i.__mathlib_dbl_invalid)
    __mathlib_dbl_underflow                  0x08001055   Thumb Code    10  dunder.o(i.__mathlib_dbl_underflow)
    _is_digit                                0x08001065   Thumb Code    14  __printf_wp.o(i._is_digit)
    _sys_exit                                0x08001073   Thumb Code     6  usart.o(i._sys_exit)
    asin                                     0x08001121   Thumb Code   572  asin.o(i.asin)
    atan                                     0x08001391   Thumb Code   474  atan.o(i.atan)
    atan2                                    0x080015b1   Thumb Code   374  atan2.o(i.atan2)
    delay_init                               0x080017b1   Thumb Code    56  delay.o(i.delay_init)
    delay_ms                                 0x080017f1   Thumb Code    56  delay.o(i.delay_ms)
    delay_us                                 0x0800182d   Thumb Code    56  delay.o(i.delay_us)
    dmp_enable_6x_lp_quat                    0x08001869   Thumb Code    60  inv_mpu_dmp_motion_driver.o(i.dmp_enable_6x_lp_quat)
    dmp_enable_feature                       0x080018a5   Thumb Code   530  inv_mpu_dmp_motion_driver.o(i.dmp_enable_feature)
    dmp_enable_gyro_cal                      0x08001ac1   Thumb Code    62  inv_mpu_dmp_motion_driver.o(i.dmp_enable_gyro_cal)
    dmp_enable_lp_quat                       0x08001b19   Thumb Code    60  inv_mpu_dmp_motion_driver.o(i.dmp_enable_lp_quat)
    dmp_load_motion_driver_firmware          0x08001b55   Thumb Code    20  inv_mpu_dmp_motion_driver.o(i.dmp_load_motion_driver_firmware)
    dmp_read_fifo                            0x08001b6d   Thumb Code   456  inv_mpu_dmp_motion_driver.o(i.dmp_read_fifo)
    dmp_set_accel_bias                       0x08001d39   Thumb Code   300  inv_mpu_dmp_motion_driver.o(i.dmp_set_accel_bias)
    dmp_set_fifo_rate                        0x08001e69   Thumb Code    96  inv_mpu_dmp_motion_driver.o(i.dmp_set_fifo_rate)
    dmp_set_gyro_bias                        0x08001ed9   Thumb Code   294  inv_mpu_dmp_motion_driver.o(i.dmp_set_gyro_bias)
    dmp_set_orientation                      0x08002009   Thumb Code   290  inv_mpu_dmp_motion_driver.o(i.dmp_set_orientation)
    dmp_set_shake_reject_thresh              0x08002141   Thumb Code    56  inv_mpu_dmp_motion_driver.o(i.dmp_set_shake_reject_thresh)
    dmp_set_shake_reject_time                0x08002179   Thumb Code    38  inv_mpu_dmp_motion_driver.o(i.dmp_set_shake_reject_time)
    dmp_set_shake_reject_timeout             0x0800219f   Thumb Code    38  inv_mpu_dmp_motion_driver.o(i.dmp_set_shake_reject_timeout)
    dmp_set_tap_axes                         0x080021c5   Thumb Code    70  inv_mpu_dmp_motion_driver.o(i.dmp_set_tap_axes)
    dmp_set_tap_count                        0x0800220b   Thumb Code    38  inv_mpu_dmp_motion_driver.o(i.dmp_set_tap_count)
    dmp_set_tap_thresh                       0x08002231   Thumb Code   396  inv_mpu_dmp_motion_driver.o(i.dmp_set_tap_thresh)
    dmp_set_tap_time                         0x080023d1   Thumb Code    38  inv_mpu_dmp_motion_driver.o(i.dmp_set_tap_time)
    dmp_set_tap_time_multi                   0x080023f7   Thumb Code    38  inv_mpu_dmp_motion_driver.o(i.dmp_set_tap_time_multi)
    fputc                                    0x0800241d   Thumb Code    24  usart.o(i.fputc)
    inv_orientation_matrix_to_scalar         0x08002a69   Thumb Code    40  inv_mpu.o(i.inv_orientation_matrix_to_scalar)
    inv_row_2_scale                          0x08002a91   Thumb Code    78  inv_mpu.o(i.inv_row_2_scale)
    main                                     0x08002adf   Thumb Code    92  main.o(i.main)
    mget_ms                                  0x08002b3b   Thumb Code     2  inv_mpu.o(i.mget_ms)
    mpu_configure_fifo                       0x08002b3d   Thumb Code   106  inv_mpu.o(i.mpu_configure_fifo)
    mpu_dmp_get_data                         0x08002bad   Thumb Code   544  inv_mpu.o(i.mpu_dmp_get_data)
    mpu_dmp_init                             0x08002dd1   Thumb Code   154  inv_mpu.o(i.mpu_dmp_init)
    mpu_get_accel_fsr                        0x08002e71   Thumb Code    72  inv_mpu.o(i.mpu_get_accel_fsr)
    mpu_get_accel_sens                       0x08002ebd   Thumb Code    78  inv_mpu.o(i.mpu_get_accel_sens)
    mpu_get_fifo_config                      0x08002f11   Thumb Code    12  inv_mpu.o(i.mpu_get_fifo_config)
    mpu_get_gyro_fsr                         0x08002f21   Thumb Code    64  inv_mpu.o(i.mpu_get_gyro_fsr)
    mpu_get_gyro_sens                        0x08002f65   Thumb Code    58  inv_mpu.o(i.mpu_get_gyro_sens)
    mpu_get_lpf                              0x08002fb5   Thumb Code    74  inv_mpu.o(i.mpu_get_lpf)
    mpu_get_sample_rate                      0x08003005   Thumb Code    26  inv_mpu.o(i.mpu_get_sample_rate)
    mpu_init                                 0x08003025   Thumb Code   416  inv_mpu.o(i.mpu_init)
    mpu_load_firmware                        0x08003215   Thumb Code   180  inv_mpu.o(i.mpu_load_firmware)
    mpu_lp_accel_mode                        0x080032cd   Thumb Code   218  inv_mpu.o(i.mpu_lp_accel_mode)
    mpu_read_fifo_stream                     0x080033ad   Thumb Code   186  inv_mpu.o(i.mpu_read_fifo_stream)
    mpu_read_mem                             0x0800346d   Thumb Code   122  inv_mpu.o(i.mpu_read_mem)
    mpu_reset_fifo                           0x080034ed   Thumb Code   450  inv_mpu.o(i.mpu_reset_fifo)
    mpu_run_self_test                        0x080036b5   Thumb Code   278  inv_mpu.o(i.mpu_run_self_test)
    mpu_set_accel_fsr                        0x080037d1   Thumb Code   126  inv_mpu.o(i.mpu_set_accel_fsr)
    mpu_set_bypass                           0x08003855   Thumb Code   328  inv_mpu.o(i.mpu_set_bypass)
    mpu_set_dmp_state                        0x080039a1   Thumb Code   138  inv_mpu.o(i.mpu_set_dmp_state)
    mpu_set_gyro_fsr                         0x08003a31   Thumb Code   132  inv_mpu.o(i.mpu_set_gyro_fsr)
    mpu_set_int_latched                      0x08003ab9   Thumb Code   102  inv_mpu.o(i.mpu_set_int_latched)
    mpu_set_lpf                              0x08003b25   Thumb Code   126  inv_mpu.o(i.mpu_set_lpf)
    mpu_set_sample_rate                      0x08003ba9   Thumb Code   152  inv_mpu.o(i.mpu_set_sample_rate)
    mpu_set_sensors                          0x08003c45   Thumb Code   202  inv_mpu.o(i.mpu_set_sensors)
    mpu_write_mem                            0x08003d15   Thumb Code   122  inv_mpu.o(i.mpu_write_mem)
    run_self_test                            0x08003d95   Thumb Code   148  inv_mpu.o(i.run_self_test)
    sqrt                                     0x08003eb9   Thumb Code    76  sqrt.o(i.sqrt)
    uart_init                                0x08003f05   Thumb Code   202  usart.o(i.uart_init)
    usart1_send_char                         0x08003fe1   Thumb Code    22  main.o(i.usart1_send_char)
    __aeabi_d2f                              0x08003ffd   Thumb Code     0  d2f.o(x$fpl$d2f)
    _d2f                                     0x08003ffd   Thumb Code    98  d2f.o(x$fpl$d2f)
    __aeabi_dadd                             0x08004061   Thumb Code     0  daddsub_clz.o(x$fpl$dadd)
    _dadd                                    0x08004061   Thumb Code   332  daddsub_clz.o(x$fpl$dadd)
    __fpl_dcheck_NaN1                        0x080041b1   Thumb Code    10  dcheck1.o(x$fpl$dcheck1)
    __fpl_dcmp_Inf                           0x080041c1   Thumb Code    24  dcmpi.o(x$fpl$dcmpinf)
    __aeabi_ddiv                             0x080041d9   Thumb Code     0  ddiv.o(x$fpl$ddiv)
    _ddiv                                    0x080041d9   Thumb Code   552  ddiv.o(x$fpl$ddiv)
    __aeabi_cdcmpeq                          0x08004489   Thumb Code     0  deqf.o(x$fpl$deqf)
    _dcmpeq                                  0x08004489   Thumb Code   120  deqf.o(x$fpl$deqf)
    __aeabi_dmul                             0x08004501   Thumb Code     0  dmul.o(x$fpl$dmul)
    _dmul                                    0x08004501   Thumb Code   332  dmul.o(x$fpl$dmul)
    __fpl_dnaninf                            0x08004655   Thumb Code   156  dnaninf.o(x$fpl$dnaninf)
    __fpl_dretinf                            0x080046f1   Thumb Code    12  dretinf.o(x$fpl$dretinf)
    __aeabi_drsub                            0x080046fd   Thumb Code     0  daddsub_clz.o(x$fpl$drsb)
    _drsb                                    0x080046fd   Thumb Code    22  daddsub_clz.o(x$fpl$drsb)
    _dsqrt                                   0x08004715   Thumb Code   456  dsqrt_noumaal.o(x$fpl$dsqrt)
    __aeabi_dsub                             0x080048e1   Thumb Code     0  daddsub_clz.o(x$fpl$dsub)
    _dsub                                    0x080048e1   Thumb Code   464  daddsub_clz.o(x$fpl$dsub)
    __aeabi_f2d                              0x08004ab5   Thumb Code     0  f2d.o(x$fpl$f2d)
    _f2d                                     0x08004ab5   Thumb Code    86  f2d.o(x$fpl$f2d)
    __aeabi_fadd                             0x08004b0d   Thumb Code     0  faddsub_clz.o(x$fpl$fadd)
    _fadd                                    0x08004b0d   Thumb Code   196  faddsub_clz.o(x$fpl$fadd)
    __fpl_fcmp_Inf                           0x08004bd1   Thumb Code    24  fcmpi.o(x$fpl$fcmpinf)
    __aeabi_fdiv                             0x08004be9   Thumb Code     0  fdiv.o(x$fpl$fdiv)
    _fdiv                                    0x08004be9   Thumb Code   384  fdiv.o(x$fpl$fdiv)
    __aeabi_cfcmpeq                          0x08004d6d   Thumb Code     0  feqf.o(x$fpl$feqf)
    _fcmpeq                                  0x08004d6d   Thumb Code   104  feqf.o(x$fpl$feqf)
    __aeabi_f2iz                             0x08004dd5   Thumb Code     0  ffix.o(x$fpl$ffix)
    _ffix                                    0x08004dd5   Thumb Code    54  ffix.o(x$fpl$ffix)
    __aeabi_f2uiz                            0x08004e0d   Thumb Code     0  ffixu.o(x$fpl$ffixu)
    _ffixu                                   0x08004e0d   Thumb Code    62  ffixu.o(x$fpl$ffixu)
    __aeabi_i2f                              0x08004e4d   Thumb Code     0  fflt_clz.o(x$fpl$fflt)
    _fflt                                    0x08004e4d   Thumb Code    48  fflt_clz.o(x$fpl$fflt)
    __aeabi_ui2f                             0x08004e7d   Thumb Code     0  fflt_clz.o(x$fpl$ffltu)
    _ffltu                                   0x08004e7d   Thumb Code    38  fflt_clz.o(x$fpl$ffltu)
    __aeabi_cfcmple                          0x08004ea5   Thumb Code     0  fleqf.o(x$fpl$fleqf)
    _fcmple                                  0x08004ea5   Thumb Code   104  fleqf.o(x$fpl$fleqf)
    __fpl_fcmple_InfNaN                      0x08004ef7   Thumb Code     0  fleqf.o(x$fpl$fleqf)
    __aeabi_fmul                             0x08004f0d   Thumb Code     0  fmul.o(x$fpl$fmul)
    _fmul                                    0x08004f0d   Thumb Code   258  fmul.o(x$fpl$fmul)
    __fpl_fnaninf                            0x0800500f   Thumb Code   140  fnaninf.o(x$fpl$fnaninf)
    __fpl_fretinf                            0x0800509b   Thumb Code    10  fretinf.o(x$fpl$fretinf)
    __aeabi_cfrcmple                         0x080050a5   Thumb Code     0  frleqf.o(x$fpl$frleqf)
    _frcmple                                 0x080050a5   Thumb Code    98  frleqf.o(x$fpl$frleqf)
    __aeabi_frsub                            0x08005107   Thumb Code     0  faddsub_clz.o(x$fpl$frsb)
    _frsb                                    0x08005107   Thumb Code    20  faddsub_clz.o(x$fpl$frsb)
    __aeabi_fsub                             0x0800511d   Thumb Code     0  faddsub_clz.o(x$fpl$fsub)
    _fsub                                    0x0800511d   Thumb Code   234  faddsub_clz.o(x$fpl$fsub)
    __fpl_return_NaN                         0x08005207   Thumb Code   100  retnan.o(x$fpl$retnan)
    __ARM_scalbn                             0x0800526b   Thumb Code    92  scalbn.o(x$fpl$scalbn)
    __fpl_cmpreturn                          0x080052c7   Thumb Code    48  trapv.o(x$fpl$trapveneer)
    __I$use$fp                               0x080052f6   Number         0  usenofp.o(x$fpl$usenofp)
    reg                                      0x080052f8   Data          27  inv_mpu.o(.constdata)
    hw                                       0x08005314   Data          12  inv_mpu.o(.constdata)
    test                                     0x08005320   Data          40  inv_mpu.o(.constdata)
    __mathlib_zero                           0x08006038   Data           8  qnan.o(.constdata)
    Region$$Table$$Base                      0x08006090   Number         0  anon$$obj.o(Region$$Table)
    Region$$Table$$Limit                     0x080060b0   Number         0  anon$$obj.o(Region$$Table)
    __stdout                                 0x20000000   Data           4  usart.o(.data)
    USART_RX_STA                             0x20000004   Data           2  usart.o(.data)
    USART_RX_BUF                             0x20000044   Data         200  usart.o(.bss)
    __libspace_start                         0x2000011c   Data          96  libspace.o(.bss)
    __temporary_stack_top$libspace           0x2000017c   Data           0  libspace.o(.bss)



==============================================================================

Memory Map of the image

  Image Entry point : 0x08000131

  Load Region LR_IROM1 (Base: 0x08000000, Size: 0x000060f4, Max: 0x00040000, ABSOLUTE)

    Execution Region ER_IROM1 (Exec base: 0x08000000, Load base: 0x08000000, Size: 0x000060b0, Max: 0x00040000, ABSOLUTE)

    Exec Addr    Load Addr    Size         Type   Attr      Idx    E Section Name        Object

    0x08000000   0x08000000   0x00000130   Data   RO            3    RESET               startup_stm32f10x_hd.o
    0x08000130   0x08000130   0x00000008   Code   RO          975  * !!!main             c_w.l(__main.o)
    0x08000138   0x08000138   0x00000034   Code   RO         1304    !!!scatter          c_w.l(__scatter.o)
    0x0800016c   0x0800016c   0x0000001a   Code   RO         1306    !!handler_copy      c_w.l(__scatter_copy.o)
    0x08000186   0x08000186   0x00000002   PAD
    0x08000188   0x08000188   0x0000001c   Code   RO         1308    !!handler_zi        c_w.l(__scatter_zi.o)
    0x080001a4   0x080001a4   0x00000000   Code   RO          968    .ARM.Collect$$_printf_percent$$00000000  c_w.l(_printf_percent.o)
    0x080001a4   0x080001a4   0x00000006   Code   RO          967    .ARM.Collect$$_printf_percent$$00000009  c_w.l(_printf_d.o)
    0x080001aa   0x080001aa   0x00000004   Code   RO         1060    .ARM.Collect$$_printf_percent$$00000017  c_w.l(_printf_percent_end.o)
    0x080001ae   0x080001ae   0x00000002   Code   RO         1171    .ARM.Collect$$libinit$$00000000  c_w.l(libinit.o)
    0x080001b0   0x080001b0   0x00000000   Code   RO         1181    .ARM.Collect$$libinit$$00000002  c_w.l(libinit2.o)
    0x080001b0   0x080001b0   0x00000000   Code   RO         1183    .ARM.Collect$$libinit$$00000004  c_w.l(libinit2.o)
    0x080001b0   0x080001b0   0x00000000   Code   RO         1186    .ARM.Collect$$libinit$$0000000A  c_w.l(libinit2.o)
    0x080001b0   0x080001b0   0x00000000   Code   RO         1188    .ARM.Collect$$libinit$$0000000C  c_w.l(libinit2.o)
    0x080001b0   0x080001b0   0x00000000   Code   RO         1190    .ARM.Collect$$libinit$$0000000E  c_w.l(libinit2.o)
    0x080001b0   0x080001b0   0x00000000   Code   RO         1193    .ARM.Collect$$libinit$$00000011  c_w.l(libinit2.o)
    0x080001b0   0x080001b0   0x00000000   Code   RO         1195    .ARM.Collect$$libinit$$00000013  c_w.l(libinit2.o)
    0x080001b0   0x080001b0   0x00000000   Code   RO         1197    .ARM.Collect$$libinit$$00000015  c_w.l(libinit2.o)
    0x080001b0   0x080001b0   0x00000000   Code   RO         1199    .ARM.Collect$$libinit$$00000017  c_w.l(libinit2.o)
    0x080001b0   0x080001b0   0x00000000   Code   RO         1201    .ARM.Collect$$libinit$$00000019  c_w.l(libinit2.o)
    0x080001b0   0x080001b0   0x00000000   Code   RO         1203    .ARM.Collect$$libinit$$0000001B  c_w.l(libinit2.o)
    0x080001b0   0x080001b0   0x00000000   Code   RO         1205    .ARM.Collect$$libinit$$0000001D  c_w.l(libinit2.o)
    0x080001b0   0x080001b0   0x00000000   Code   RO         1207    .ARM.Collect$$libinit$$0000001F  c_w.l(libinit2.o)
    0x080001b0   0x080001b0   0x00000000   Code   RO         1209    .ARM.Collect$$libinit$$00000021  c_w.l(libinit2.o)
    0x080001b0   0x080001b0   0x00000000   Code   RO         1211    .ARM.Collect$$libinit$$00000023  c_w.l(libinit2.o)
    0x080001b0   0x080001b0   0x00000000   Code   RO         1213    .ARM.Collect$$libinit$$00000025  c_w.l(libinit2.o)
    0x080001b0   0x080001b0   0x00000000   Code   RO         1217    .ARM.Collect$$libinit$$0000002C  c_w.l(libinit2.o)
    0x080001b0   0x080001b0   0x00000000   Code   RO         1219    .ARM.Collect$$libinit$$0000002E  c_w.l(libinit2.o)
    0x080001b0   0x080001b0   0x00000000   Code   RO         1221    .ARM.Collect$$libinit$$00000030  c_w.l(libinit2.o)
    0x080001b0   0x080001b0   0x00000000   Code   RO         1223    .ARM.Collect$$libinit$$00000032  c_w.l(libinit2.o)
    0x080001b0   0x080001b0   0x00000002   Code   RO         1224    .ARM.Collect$$libinit$$00000033  c_w.l(libinit2.o)
    0x080001b2   0x080001b2   0x00000002   Code   RO         1254    .ARM.Collect$$libshutdown$$00000000  c_w.l(libshutdown.o)
    0x080001b4   0x080001b4   0x00000000   Code   RO         1268    .ARM.Collect$$libshutdown$$00000002  c_w.l(libshutdown2.o)
    0x080001b4   0x080001b4   0x00000000   Code   RO         1270    .ARM.Collect$$libshutdown$$00000004  c_w.l(libshutdown2.o)
    0x080001b4   0x080001b4   0x00000000   Code   RO         1272    .ARM.Collect$$libshutdown$$00000006  c_w.l(libshutdown2.o)
    0x080001b4   0x080001b4   0x00000000   Code   RO         1275    .ARM.Collect$$libshutdown$$00000009  c_w.l(libshutdown2.o)
    0x080001b4   0x080001b4   0x00000000   Code   RO         1278    .ARM.Collect$$libshutdown$$0000000C  c_w.l(libshutdown2.o)
    0x080001b4   0x080001b4   0x00000000   Code   RO         1280    .ARM.Collect$$libshutdown$$0000000E  c_w.l(libshutdown2.o)
    0x080001b4   0x080001b4   0x00000000   Code   RO         1283    .ARM.Collect$$libshutdown$$00000011  c_w.l(libshutdown2.o)
    0x080001b4   0x080001b4   0x00000002   Code   RO         1284    .ARM.Collect$$libshutdown$$00000012  c_w.l(libshutdown2.o)
    0x080001b6   0x080001b6   0x00000000   Code   RO         1051    .ARM.Collect$$rtentry$$00000000  c_w.l(__rtentry.o)
    0x080001b6   0x080001b6   0x00000000   Code   RO         1116    .ARM.Collect$$rtentry$$00000002  c_w.l(__rtentry2.o)
    0x080001b6   0x080001b6   0x00000006   Code   RO         1128    .ARM.Collect$$rtentry$$00000004  c_w.l(__rtentry4.o)
    0x080001bc   0x080001bc   0x00000000   Code   RO         1118    .ARM.Collect$$rtentry$$00000009  c_w.l(__rtentry2.o)
    0x080001bc   0x080001bc   0x00000004   Code   RO         1119    .ARM.Collect$$rtentry$$0000000A  c_w.l(__rtentry2.o)
    0x080001c0   0x080001c0   0x00000000   Code   RO         1121    .ARM.Collect$$rtentry$$0000000C  c_w.l(__rtentry2.o)
    0x080001c0   0x080001c0   0x00000008   Code   RO         1122    .ARM.Collect$$rtentry$$0000000D  c_w.l(__rtentry2.o)
    0x080001c8   0x080001c8   0x00000002   Code   RO         1174    .ARM.Collect$$rtexit$$00000000  c_w.l(rtexit.o)
    0x080001ca   0x080001ca   0x00000000   Code   RO         1228    .ARM.Collect$$rtexit$$00000002  c_w.l(rtexit2.o)
    0x080001ca   0x080001ca   0x00000004   Code   RO         1229    .ARM.Collect$$rtexit$$00000003  c_w.l(rtexit2.o)
    0x080001ce   0x080001ce   0x00000006   Code   RO         1230    .ARM.Collect$$rtexit$$00000004  c_w.l(rtexit2.o)
    0x080001d4   0x080001d4   0x00000038   Code   RO            4    .text               startup_stm32f10x_hd.o
    0x0800020c   0x0800020c   0x00000002   Code   RO          911    .text               c_w.l(use_no_semi_2.o)
    0x0800020e   0x0800020e   0x00000048   Code   RO          913    .text               c_w.l(llsdiv.o)
    0x08000256   0x08000256   0x00000002   PAD
    0x08000258   0x08000258   0x00000018   Code   RO          917    .text               c_w.l(noretval__2printf.o)
    0x08000270   0x08000270   0x00000078   Code   RO          923    .text               c_w.l(_printf_dec.o)
    0x080002e8   0x080002e8   0x00000138   Code   RO          958    .text               c_w.l(__printf_flags_wp.o)
    0x08000420   0x08000420   0x00000058   Code   RO          969    .text               c_w.l(memcmp.o)
    0x08000478   0x08000478   0x00000010   Code   RO          971    .text               c_w.l(aeabi_memset.o)
    0x08000488   0x08000488   0x00000006   Code   RO          973    .text               c_w.l(heapauxi.o)
    0x0800048e   0x0800048e   0x00000002   Code   RO         1049    .text               c_w.l(use_no_semi.o)
    0x08000490   0x08000490   0x000000ee   Code   RO         1052    .text               c_w.l(lludivv7m.o)
    0x0800057e   0x0800057e   0x00000016   Code   RO         1054    .text               c_w.l(_rserrno.o)
    0x08000594   0x08000594   0x000000b2   Code   RO         1056    .text               c_w.l(_printf_intcommon.o)
    0x08000646   0x08000646   0x00000002   PAD
    0x08000648   0x08000648   0x00000024   Code   RO         1058    .text               c_w.l(_printf_char_file.o)
    0x0800066c   0x0800066c   0x00000044   Code   RO         1061    .text               c_w.l(rt_memclr.o)
    0x080006b0   0x080006b0   0x00000008   Code   RO         1137    .text               c_w.l(rt_errno_addr_intlibspace.o)
    0x080006b8   0x080006b8   0x00000030   Code   RO         1139    .text               c_w.l(_printf_char_common.o)
    0x080006e8   0x080006e8   0x00000008   Code   RO         1141    .text               c_w.l(ferror.o)
    0x080006f0   0x080006f0   0x0000004e   Code   RO         1145    .text               c_w.l(rt_memclr_w.o)
    0x0800073e   0x0800073e   0x00000002   PAD
    0x08000740   0x08000740   0x00000008   Code   RO         1155    .text               c_w.l(libspace.o)
    0x08000748   0x08000748   0x0000004a   Code   RO         1158    .text               c_w.l(sys_stackheap_outer.o)
    0x08000792   0x08000792   0x00000012   Code   RO         1164    .text               c_w.l(exit.o)
    0x080007a4   0x080007a4   0x00000050   Code   RO          254    i.MPU_Get_Accelerometer  mpu6050.o
    0x080007f4   0x080007f4   0x00000050   Code   RO          255    i.MPU_Get_Gyroscope  mpu6050.o
    0x08000844   0x08000844   0x0000004c   Code   RO          332    i.MPU_IIC_Ack       mpuiic.o
    0x08000890   0x08000890   0x0000000a   Code   RO          333    i.MPU_IIC_Delay     mpuiic.o
    0x0800089a   0x0800089a   0x00000002   PAD
    0x0800089c   0x0800089c   0x00000038   Code   RO          334    i.MPU_IIC_Init      mpuiic.o
    0x080008d4   0x080008d4   0x0000004c   Code   RO          335    i.MPU_IIC_NAck      mpuiic.o
    0x08000920   0x08000920   0x0000006c   Code   RO          336    i.MPU_IIC_Read_Byte  mpuiic.o
    0x0800098c   0x0800098c   0x0000005c   Code   RO          337    i.MPU_IIC_Send_Byte  mpuiic.o
    0x080009e8   0x080009e8   0x00000048   Code   RO          338    i.MPU_IIC_Start     mpuiic.o
    0x08000a30   0x08000a30   0x00000048   Code   RO          339    i.MPU_IIC_Stop      mpuiic.o
    0x08000a78   0x08000a78   0x00000064   Code   RO          340    i.MPU_IIC_Wait_Ack  mpuiic.o
    0x08000adc   0x08000adc   0x0000007a   Code   RO          257    i.MPU_Init          mpu6050.o
    0x08000b56   0x08000b56   0x0000003a   Code   RO          258    i.MPU_Read_Byte     mpu6050.o
    0x08000b90   0x08000b90   0x00000074   Code   RO          259    i.MPU_Read_Len      mpu6050.o
    0x08000c04   0x08000c04   0x00000010   Code   RO          260    i.MPU_Set_Accel_Fsr  mpu6050.o
    0x08000c14   0x08000c14   0x00000010   Code   RO          261    i.MPU_Set_Gyro_Fsr  mpu6050.o
    0x08000c24   0x08000c24   0x0000003a   Code   RO          262    i.MPU_Set_LPF       mpu6050.o
    0x08000c5e   0x08000c5e   0x0000003a   Code   RO          263    i.MPU_Set_Rate      mpu6050.o
    0x08000c98   0x08000c98   0x00000044   Code   RO          264    i.MPU_Write_Byte    mpu6050.o
    0x08000cdc   0x08000cdc   0x00000060   Code   RO          265    i.MPU_Write_Len     mpu6050.o
    0x08000d3c   0x08000d3c   0x00000068   Code   RO          165    i.MYRCC_DeInit      sys.o
    0x08000da4   0x08000da4   0x00000078   Code   RO          166    i.MY_NVIC_Init      sys.o
    0x08000e1c   0x08000e1c   0x00000028   Code   RO          167    i.MY_NVIC_PriorityGroupConfig  sys.o
    0x08000e44   0x08000e44   0x00000014   Code   RO          168    i.MY_NVIC_SetVectorTable  sys.o
    0x08000e58   0x08000e58   0x00000090   Code   RO          169    i.Stm32_Clock_Init  sys.o
    0x08000ee8   0x08000ee8   0x00000084   Code   RO           93    i.USART1_IRQHandler  usart.o
    0x08000f6c   0x08000f6c   0x00000028   Code   RO         1102    i.__ARM_fpclassify  m_ws.l(fpclassify.o)
    0x08000f94   0x08000f94   0x000000aa   Code   RO         1104    i.__kernel_poly     m_ws.l(poly.o)
    0x0800103e   0x0800103e   0x00000006   Code   RO         1089    i.__mathlib_dbl_infnan  m_ws.l(dunder.o)
    0x08001044   0x08001044   0x00000004   Code   RO         1090    i.__mathlib_dbl_infnan2  m_ws.l(dunder.o)
    0x08001048   0x08001048   0x0000000c   Code   RO         1091    i.__mathlib_dbl_invalid  m_ws.l(dunder.o)
    0x08001054   0x08001054   0x00000010   Code   RO         1094    i.__mathlib_dbl_underflow  m_ws.l(dunder.o)
    0x08001064   0x08001064   0x0000000e   Code   RO          956    i._is_digit         c_w.l(__printf_wp.o)
    0x08001072   0x08001072   0x00000006   Code   RO           94    i._sys_exit         usart.o
    0x08001078   0x08001078   0x000000a8   Code   RO          392    i.accel_self_test   inv_mpu.o
    0x08001120   0x08001120   0x00000270   Code   RO         1032    i.asin              m_ws.l(asin.o)
    0x08001390   0x08001390   0x00000220   Code   RO         1079    i.atan              m_ws.l(atan.o)
    0x080015b0   0x080015b0   0x0000019c   Code   RO         1042    i.atan2             m_ws.l(atan2.o)
    0x0800174c   0x0800174c   0x00000064   Code   RO          723    i.decode_gesture    inv_mpu_dmp_motion_driver.o
    0x080017b0   0x080017b0   0x00000040   Code   RO          134    i.delay_init        delay.o
    0x080017f0   0x080017f0   0x0000003c   Code   RO          135    i.delay_ms          delay.o
    0x0800182c   0x0800182c   0x0000003c   Code   RO          136    i.delay_us          delay.o
    0x08001868   0x08001868   0x0000003c   Code   RO          724    i.dmp_enable_6x_lp_quat  inv_mpu_dmp_motion_driver.o
    0x080018a4   0x080018a4   0x0000021c   Code   RO          725    i.dmp_enable_feature  inv_mpu_dmp_motion_driver.o
    0x08001ac0   0x08001ac0   0x00000058   Code   RO          726    i.dmp_enable_gyro_cal  inv_mpu_dmp_motion_driver.o
    0x08001b18   0x08001b18   0x0000003c   Code   RO          727    i.dmp_enable_lp_quat  inv_mpu_dmp_motion_driver.o
    0x08001b54   0x08001b54   0x00000018   Code   RO          732    i.dmp_load_motion_driver_firmware  inv_mpu_dmp_motion_driver.o
    0x08001b6c   0x08001b6c   0x000001cc   Code   RO          733    i.dmp_read_fifo     inv_mpu_dmp_motion_driver.o
    0x08001d38   0x08001d38   0x00000130   Code   RO          736    i.dmp_set_accel_bias  inv_mpu_dmp_motion_driver.o
    0x08001e68   0x08001e68   0x00000070   Code   RO          737    i.dmp_set_fifo_rate  inv_mpu_dmp_motion_driver.o
    0x08001ed8   0x08001ed8   0x00000130   Code   RO          738    i.dmp_set_gyro_bias  inv_mpu_dmp_motion_driver.o
    0x08002008   0x08002008   0x00000138   Code   RO          740    i.dmp_set_orientation  inv_mpu_dmp_motion_driver.o
    0x08002140   0x08002140   0x00000038   Code   RO          743    i.dmp_set_shake_reject_thresh  inv_mpu_dmp_motion_driver.o
    0x08002178   0x08002178   0x00000026   Code   RO          744    i.dmp_set_shake_reject_time  inv_mpu_dmp_motion_driver.o
    0x0800219e   0x0800219e   0x00000026   Code   RO          745    i.dmp_set_shake_reject_timeout  inv_mpu_dmp_motion_driver.o
    0x080021c4   0x080021c4   0x00000046   Code   RO          746    i.dmp_set_tap_axes  inv_mpu_dmp_motion_driver.o
    0x0800220a   0x0800220a   0x00000026   Code   RO          747    i.dmp_set_tap_count  inv_mpu_dmp_motion_driver.o
    0x08002230   0x08002230   0x000001a0   Code   RO          748    i.dmp_set_tap_thresh  inv_mpu_dmp_motion_driver.o
    0x080023d0   0x080023d0   0x00000026   Code   RO          749    i.dmp_set_tap_time  inv_mpu_dmp_motion_driver.o
    0x080023f6   0x080023f6   0x00000026   Code   RO          750    i.dmp_set_tap_time_multi  inv_mpu_dmp_motion_driver.o
    0x0800241c   0x0800241c   0x0000001c   Code   RO           95    i.fputc             usart.o
    0x08002438   0x08002438   0x000000b4   Code   RO          393    i.get_accel_prod_shift  inv_mpu.o
    0x080024ec   0x080024ec   0x0000046c   Code   RO          394    i.get_st_biases     inv_mpu.o
    0x08002958   0x08002958   0x00000110   Code   RO          395    i.gyro_self_test    inv_mpu.o
    0x08002a68   0x08002a68   0x00000028   Code   RO          396    i.inv_orientation_matrix_to_scalar  inv_mpu.o
    0x08002a90   0x08002a90   0x0000004e   Code   RO          397    i.inv_row_2_scale   inv_mpu.o
    0x08002ade   0x08002ade   0x0000005c   Code   RO           10    i.main              main.o
    0x08002b3a   0x08002b3a   0x00000002   Code   RO          398    i.mget_ms           inv_mpu.o
    0x08002b3c   0x08002b3c   0x00000070   Code   RO          399    i.mpu_configure_fifo  inv_mpu.o
    0x08002bac   0x08002bac   0x00000224   Code   RO          400    i.mpu_dmp_get_data  inv_mpu.o
    0x08002dd0   0x08002dd0   0x000000a0   Code   RO          401    i.mpu_dmp_init      inv_mpu.o
    0x08002e70   0x08002e70   0x0000004c   Code   RO          402    i.mpu_get_accel_fsr  inv_mpu.o
    0x08002ebc   0x08002ebc   0x00000054   Code   RO          404    i.mpu_get_accel_sens  inv_mpu.o
    0x08002f10   0x08002f10   0x00000010   Code   RO          409    i.mpu_get_fifo_config  inv_mpu.o
    0x08002f20   0x08002f20   0x00000044   Code   RO          410    i.mpu_get_gyro_fsr  inv_mpu.o
    0x08002f64   0x08002f64   0x00000050   Code   RO          412    i.mpu_get_gyro_sens  inv_mpu.o
    0x08002fb4   0x08002fb4   0x00000050   Code   RO          414    i.mpu_get_lpf       inv_mpu.o
    0x08003004   0x08003004   0x00000020   Code   RO          416    i.mpu_get_sample_rate  inv_mpu.o
    0x08003024   0x08003024   0x000001f0   Code   RO          418    i.mpu_init          inv_mpu.o
    0x08003214   0x08003214   0x000000b8   Code   RO          419    i.mpu_load_firmware  inv_mpu.o
    0x080032cc   0x080032cc   0x000000e0   Code   RO          420    i.mpu_lp_accel_mode  inv_mpu.o
    0x080033ac   0x080033ac   0x000000c0   Code   RO          423    i.mpu_read_fifo_stream  inv_mpu.o
    0x0800346c   0x0800346c   0x00000080   Code   RO          424    i.mpu_read_mem      inv_mpu.o
    0x080034ec   0x080034ec   0x000001c8   Code   RO          427    i.mpu_reset_fifo    inv_mpu.o
    0x080036b4   0x080036b4   0x0000011c   Code   RO          428    i.mpu_run_self_test  inv_mpu.o
    0x080037d0   0x080037d0   0x00000084   Code   RO          430    i.mpu_set_accel_fsr  inv_mpu.o
    0x08003854   0x08003854   0x0000014c   Code   RO          431    i.mpu_set_bypass    inv_mpu.o
    0x080039a0   0x080039a0   0x00000090   Code   RO          433    i.mpu_set_dmp_state  inv_mpu.o
    0x08003a30   0x08003a30   0x00000088   Code   RO          434    i.mpu_set_gyro_fsr  inv_mpu.o
    0x08003ab8   0x08003ab8   0x0000006c   Code   RO          435    i.mpu_set_int_latched  inv_mpu.o
    0x08003b24   0x08003b24   0x00000084   Code   RO          437    i.mpu_set_lpf       inv_mpu.o
    0x08003ba8   0x08003ba8   0x0000009c   Code   RO          438    i.mpu_set_sample_rate  inv_mpu.o
    0x08003c44   0x08003c44   0x000000d0   Code   RO          439    i.mpu_set_sensors   inv_mpu.o
    0x08003d14   0x08003d14   0x00000080   Code   RO          440    i.mpu_write_mem     inv_mpu.o
    0x08003d94   0x08003d94   0x00000094   Code   RO          441    i.run_self_test     inv_mpu.o
    0x08003e28   0x08003e28   0x00000090   Code   RO          442    i.set_int_enable    inv_mpu.o
    0x08003eb8   0x08003eb8   0x0000004c   Code   RO         1108    i.sqrt              m_ws.l(sqrt.o)
    0x08003f04   0x08003f04   0x000000dc   Code   RO           96    i.uart_init         usart.o
    0x08003fe0   0x08003fe0   0x0000001c   Code   RO           14    i.usart1_send_char  main.o
    0x08003ffc   0x08003ffc   0x00000062   Code   RO          977    x$fpl$d2f           fz_ws.l(d2f.o)
    0x0800405e   0x0800405e   0x00000002   PAD
    0x08004060   0x08004060   0x00000150   Code   RO          979    x$fpl$dadd          fz_ws.l(daddsub_clz.o)
    0x080041b0   0x080041b0   0x00000010   Code   RO         1147    x$fpl$dcheck1       fz_ws.l(dcheck1.o)
    0x080041c0   0x080041c0   0x00000018   Code   RO         1149    x$fpl$dcmpinf       fz_ws.l(dcmpi.o)
    0x080041d8   0x080041d8   0x000002b0   Code   RO          986    x$fpl$ddiv          fz_ws.l(ddiv.o)
    0x08004488   0x08004488   0x00000078   Code   RO         1063    x$fpl$deqf          fz_ws.l(deqf.o)
    0x08004500   0x08004500   0x00000154   Code   RO          995    x$fpl$dmul          fz_ws.l(dmul.o)
    0x08004654   0x08004654   0x0000009c   Code   RO         1065    x$fpl$dnaninf       fz_ws.l(dnaninf.o)
    0x080046f0   0x080046f0   0x0000000c   Code   RO         1067    x$fpl$dretinf       fz_ws.l(dretinf.o)
    0x080046fc   0x080046fc   0x00000016   Code   RO          980    x$fpl$drsb          fz_ws.l(daddsub_clz.o)
    0x08004712   0x08004712   0x00000002   PAD
    0x08004714   0x08004714   0x000001cc   Code   RO         1153    x$fpl$dsqrt         fz_ws.l(dsqrt_noumaal.o)
    0x080048e0   0x080048e0   0x000001d4   Code   RO          981    x$fpl$dsub          fz_ws.l(daddsub_clz.o)
    0x08004ab4   0x08004ab4   0x00000056   Code   RO          997    x$fpl$f2d           fz_ws.l(f2d.o)
    0x08004b0a   0x08004b0a   0x00000002   PAD
    0x08004b0c   0x08004b0c   0x000000c4   Code   RO          999    x$fpl$fadd          fz_ws.l(faddsub_clz.o)
    0x08004bd0   0x08004bd0   0x00000018   Code   RO         1069    x$fpl$fcmpinf       fz_ws.l(fcmpi.o)
    0x08004be8   0x08004be8   0x00000184   Code   RO         1006    x$fpl$fdiv          fz_ws.l(fdiv.o)
    0x08004d6c   0x08004d6c   0x00000068   Code   RO         1009    x$fpl$feqf          fz_ws.l(feqf.o)
    0x08004dd4   0x08004dd4   0x00000036   Code   RO         1011    x$fpl$ffix          fz_ws.l(ffix.o)
    0x08004e0a   0x08004e0a   0x00000002   PAD
    0x08004e0c   0x08004e0c   0x0000003e   Code   RO         1015    x$fpl$ffixu         fz_ws.l(ffixu.o)
    0x08004e4a   0x08004e4a   0x00000002   PAD
    0x08004e4c   0x08004e4c   0x00000030   Code   RO         1020    x$fpl$fflt          fz_ws.l(fflt_clz.o)
    0x08004e7c   0x08004e7c   0x00000026   Code   RO         1019    x$fpl$ffltu         fz_ws.l(fflt_clz.o)
    0x08004ea2   0x08004ea2   0x00000002   PAD
    0x08004ea4   0x08004ea4   0x00000068   Code   RO         1025    x$fpl$fleqf         fz_ws.l(fleqf.o)
    0x08004f0c   0x08004f0c   0x00000102   Code   RO         1027    x$fpl$fmul          fz_ws.l(fmul.o)
    0x0800500e   0x0800500e   0x0000008c   Code   RO         1071    x$fpl$fnaninf       fz_ws.l(fnaninf.o)
    0x0800509a   0x0800509a   0x0000000a   Code   RO         1073    x$fpl$fretinf       fz_ws.l(fretinf.o)
    0x080050a4   0x080050a4   0x00000062   Code   RO         1029    x$fpl$frleqf        fz_ws.l(frleqf.o)
    0x08005106   0x08005106   0x00000014   Code   RO         1000    x$fpl$frsb          fz_ws.l(faddsub_clz.o)
    0x0800511a   0x0800511a   0x00000002   PAD
    0x0800511c   0x0800511c   0x000000ea   Code   RO         1001    x$fpl$fsub          fz_ws.l(faddsub_clz.o)
    0x08005206   0x08005206   0x00000064   Code   RO         1172    x$fpl$retnan        fz_ws.l(retnan.o)
    0x0800526a   0x0800526a   0x0000005c   Code   RO         1075    x$fpl$scalbn        fz_ws.l(scalbn.o)
    0x080052c6   0x080052c6   0x00000030   Code   RO         1225    x$fpl$trapveneer    fz_ws.l(trapv.o)
    0x080052f6   0x080052f6   0x00000000   Code   RO         1077    x$fpl$usenofp       fz_ws.l(usenofp.o)
    0x080052f6   0x080052f6   0x00000002   PAD
    0x080052f8   0x080052f8   0x00000050   Data   RO          444    .constdata          inv_mpu.o
    0x08005348   0x08005348   0x00000bf6   Data   RO          752    .constdata          inv_mpu_dmp_motion_driver.o
    0x08005f3e   0x08005f3e   0x00000011   Data   RO          959    .constdata          c_w.l(__printf_flags_wp.o)
    0x08005f4f   0x08005f4f   0x00000001   PAD
    0x08005f50   0x08005f50   0x00000050   Data   RO         1033    .constdata          m_ws.l(asin.o)
    0x08005fa0   0x08005fa0   0x00000098   Data   RO         1080    .constdata          m_ws.l(atan.o)
    0x08006038   0x08006038   0x00000008   Data   RO         1106    .constdata          m_ws.l(qnan.o)
    0x08006040   0x08006040   0x0000004d   Data   RO          445    .conststring        inv_mpu.o
    0x0800608d   0x0800608d   0x00000003   PAD
    0x08006090   0x08006090   0x00000020   Data   RO         1302    Region$$Table       anon$$obj.o


    Execution Region RW_IRAM1 (Exec base: 0x20000000, Load base: 0x080060b0, Size: 0x00000780, Max: 0x0000c000, ABSOLUTE)

    Exec Addr    Load Addr    Size         Type   Attr      Idx    E Section Name        Object

    0x20000000   0x080060b0   0x00000006   Data   RW           98    .data               usart.o
    0x20000006   0x080060b6   0x00000004   Data   RW          137    .data               delay.o
    0x2000000a   0x080060ba   0x00000002   PAD
    0x2000000c   0x080060bc   0x00000035   Data   RW          446    .data               inv_mpu.o
    0x20000041   0x080060f1   0x00000003   PAD
    0x20000044        -       0x000000c8   Zero   RW           97    .bss                usart.o
    0x2000010c        -       0x00000010   Zero   RW          751    .bss                inv_mpu_dmp_motion_driver.o
    0x2000011c        -       0x00000060   Zero   RW         1156    .bss                c_w.l(libspace.o)
    0x2000017c   0x080060f1   0x00000004   PAD
    0x20000180        -       0x00000200   Zero   RW            2    HEAP                startup_stm32f10x_hd.o
    0x20000380        -       0x00000400   Zero   RW            1    STACK               startup_stm32f10x_hd.o


==============================================================================

Image component sizes


      Code (inc. data)   RO Data    RW Data    ZI Data      Debug   Object Name

       184         16          0          4          0       1615   delay.o
      6860        288        157         53          0      30140   inv_mpu.o
      3096        122       3062          0         16      20166   inv_mpu_dmp_motion_driver.o
       120          6          0          0          0     208554   main.o
       768          0          0          0          0       7283   mpu6050.o
       662        104          0          0          0       4518   mpuiic.o
        56         22        304          0       1536        944   startup_stm32f10x_hd.o
       428         44          0          0          0       2740   sys.o
       386         36          0          6        200       3904   usart.o

    ----------------------------------------------------------------------
     12562        638       3558         68       1752     279864   Object Totals
         0          0         32          0          0          0   (incl. Generated)
         2          0          3          5          0          0   (incl. Padding)

    ----------------------------------------------------------------------

      Code (inc. data)   RO Data    RW Data    ZI Data      Debug   Library Member Name

         8          0          0          0          0         68   __main.o
       312          4         17          0          0         92   __printf_flags_wp.o
        14          0          0          0          0         68   __printf_wp.o
         0          0          0          0          0          0   __rtentry.o
        12          0          0          0          0          0   __rtentry2.o
         6          0          0          0          0          0   __rtentry4.o
        52          8          0          0          0          0   __scatter.o
        26          0          0          0          0          0   __scatter_copy.o
        28          0          0          0          0          0   __scatter_zi.o
        48          6          0          0          0         96   _printf_char_common.o
        36          4          0          0          0         80   _printf_char_file.o
         6          0          0          0          0          0   _printf_d.o
       120         16          0          0          0         92   _printf_dec.o
       178          0          0          0          0         88   _printf_intcommon.o
         0          0          0          0          0          0   _printf_percent.o
         4          0          0          0          0          0   _printf_percent_end.o
        22          0          0          0          0        100   _rserrno.o
        16          0          0          0          0         68   aeabi_memset.o
        18          0          0          0          0         80   exit.o
         8          0          0          0          0         68   ferror.o
         6          0          0          0          0        152   heapauxi.o
         2          0          0          0          0          0   libinit.o
         2          0          0          0          0          0   libinit2.o
         2          0          0          0          0          0   libshutdown.o
         2          0          0          0          0          0   libshutdown2.o
         8          4          0          0         96         68   libspace.o
        72          0          0          0          0         76   llsdiv.o
       238          0          0          0          0        100   lludivv7m.o
        88          0          0          0          0         76   memcmp.o
        24          4          0          0          0         84   noretval__2printf.o
         8          4          0          0          0         68   rt_errno_addr_intlibspace.o
        68          0          0          0          0         68   rt_memclr.o
        78          0          0          0          0         80   rt_memclr_w.o
         2          0          0          0          0          0   rtexit.o
        10          0          0          0          0          0   rtexit2.o
        74          0          0          0          0         80   sys_stackheap_outer.o
         2          0          0          0          0         68   use_no_semi.o
         2          0          0          0          0         68   use_no_semi_2.o
        98          4          0          0          0         92   d2f.o
       826         16          0          0          0        348   daddsub_clz.o
        16          4          0          0          0         68   dcheck1.o
        24          0          0          0          0         68   dcmpi.o
       688        140          0          0          0        208   ddiv.o
       120          4          0          0          0         92   deqf.o
       340         12          0          0          0        104   dmul.o
       156          4          0          0          0         92   dnaninf.o
        12          0          0          0          0         68   dretinf.o
       460         56          0          0          0        120   dsqrt_noumaal.o
        86          4          0          0          0         84   f2d.o
       450          8          0          0          0        236   faddsub_clz.o
        24          0          0          0          0         68   fcmpi.o
       388         76          0          0          0         96   fdiv.o
       104          4          0          0          0         84   feqf.o
        54          4          0          0          0         84   ffix.o
        62          4          0          0          0         84   ffixu.o
        86          0          0          0          0        136   fflt_clz.o
       104          4          0          0          0         84   fleqf.o
       258          4          0          0          0         84   fmul.o
       140          4          0          0          0         84   fnaninf.o
        10          0          0          0          0         68   fretinf.o
        98          0          0          0          0         68   frleqf.o
       100          0          0          0          0         68   retnan.o
        92          0          0          0          0         68   scalbn.o
        48          0          0          0          0         68   trapv.o
         0          0          0          0          0          0   usenofp.o
       624         52         80          0          0        168   asin.o
       544         70        152          0          0        124   atan.o
       412         38          0          0          0        144   atan2.o
        38          6          0          0          0        272   dunder.o
        40          0          0          0          0         68   fpclassify.o
       170          0          0          0          0         96   poly.o
         0          0          8          0          0          0   qnan.o
        76          0          0          0          0         84   sqrt.o

    ----------------------------------------------------------------------
      8374        568        258          0        100       5568   Library Totals
        24          0          1          0          4          0   (incl. Padding)

    ----------------------------------------------------------------------

      Code (inc. data)   RO Data    RW Data    ZI Data      Debug   Library Name

      1602         50         17          0         96       1888   c_w.l
      4844        352          0          0          0       2724   fz_ws.l
      1904        166        240          0          0        956   m_ws.l

    ----------------------------------------------------------------------
      8374        568        258          0        100       5568   Library Totals

    ----------------------------------------------------------------------

==============================================================================


      Code (inc. data)   RO Data    RW Data    ZI Data      Debug   

     20936       1206       3816         68       1852     277940   Grand Totals
     20936       1206       3816         68       1852     277940   ELF Image Totals
     20936       1206       3816         68          0          0   ROM Totals

==============================================================================

    Total RO  Size (Code + RO Data)                24752 (  24.17kB)
    Total RW  Size (RW Data + ZI Data)              1920 (   1.88kB)
    Total ROM Size (Code + RO Data + RW Data)      24820 (  24.24kB)

==============================================================================

